Archive member included to satisfy reference by file (symbol)

c:/st/stm32cubeide_1.4.0/stm32cubeide/plugins/com.st.stm32cube.ide.mcu.externaltools.gnu-tools-for-stm32.9-2020-q2-update.win32_2.0.0.202105311346/tools/bin/../lib/gcc/arm-none-eabi/9.3.1/../../../../arm-none-eabi/lib/thumb/v7e-m+fp/hard\libc_nano.a(lib_a-errno.o)
                              ./Core/Src/syscalls.o (__errno)
c:/st/stm32cubeide_1.4.0/stm32cubeide/plugins/com.st.stm32cube.ide.mcu.externaltools.gnu-tools-for-stm32.9-2020-q2-update.win32_2.0.0.202105311346/tools/bin/../lib/gcc/arm-none-eabi/9.3.1/../../../../arm-none-eabi/lib/thumb/v7e-m+fp/hard\libc_nano.a(lib_a-exit.o)
                              c:/st/stm32cubeide_1.4.0/stm32cubeide/plugins/com.st.stm32cube.ide.mcu.externaltools.gnu-tools-for-stm32.9-2020-q2-update.win32_2.0.0.202105311346/tools/bin/../lib/gcc/arm-none-eabi/9.3.1/../../../../arm-none-eabi/lib/thumb/v7e-m+fp/hard/crt0.o (exit)
c:/st/stm32cubeide_1.4.0/stm32cubeide/plugins/com.st.stm32cube.ide.mcu.externaltools.gnu-tools-for-stm32.9-2020-q2-update.win32_2.0.0.202105311346/tools/bin/../lib/gcc/arm-none-eabi/9.3.1/../../../../arm-none-eabi/lib/thumb/v7e-m+fp/hard\libc_nano.a(lib_a-impure.o)
                              c:/st/stm32cubeide_1.4.0/stm32cubeide/plugins/com.st.stm32cube.ide.mcu.externaltools.gnu-tools-for-stm32.9-2020-q2-update.win32_2.0.0.202105311346/tools/bin/../lib/gcc/arm-none-eabi/9.3.1/../../../../arm-none-eabi/lib/thumb/v7e-m+fp/hard\libc_nano.a(lib_a-exit.o) (_global_impure_ptr)
c:/st/stm32cubeide_1.4.0/stm32cubeide/plugins/com.st.stm32cube.ide.mcu.externaltools.gnu-tools-for-stm32.9-2020-q2-update.win32_2.0.0.202105311346/tools/bin/../lib/gcc/arm-none-eabi/9.3.1/../../../../arm-none-eabi/lib/thumb/v7e-m+fp/hard\libc_nano.a(lib_a-init.o)
                              c:/st/stm32cubeide_1.4.0/stm32cubeide/plugins/com.st.stm32cube.ide.mcu.externaltools.gnu-tools-for-stm32.9-2020-q2-update.win32_2.0.0.202105311346/tools/bin/../lib/gcc/arm-none-eabi/9.3.1/../../../../arm-none-eabi/lib/thumb/v7e-m+fp/hard/crt0.o (__libc_init_array)
c:/st/stm32cubeide_1.4.0/stm32cubeide/plugins/com.st.stm32cube.ide.mcu.externaltools.gnu-tools-for-stm32.9-2020-q2-update.win32_2.0.0.202105311346/tools/bin/../lib/gcc/arm-none-eabi/9.3.1/../../../../arm-none-eabi/lib/thumb/v7e-m+fp/hard\libc_nano.a(lib_a-memset.o)
                              c:/st/stm32cubeide_1.4.0/stm32cubeide/plugins/com.st.stm32cube.ide.mcu.externaltools.gnu-tools-for-stm32.9-2020-q2-update.win32_2.0.0.202105311346/tools/bin/../lib/gcc/arm-none-eabi/9.3.1/../../../../arm-none-eabi/lib/thumb/v7e-m+fp/hard/crt0.o (memset)
c:/st/stm32cubeide_1.4.0/stm32cubeide/plugins/com.st.stm32cube.ide.mcu.externaltools.gnu-tools-for-stm32.9-2020-q2-update.win32_2.0.0.202105311346/tools/bin/../lib/gcc/arm-none-eabi/9.3.1/../../../../arm-none-eabi/lib/thumb/v7e-m+fp/hard\libc_nano.a(lib_a-strlen.o)
                              ./Core/Src/Snek.o (strlen)

Allocating common symbols
Common symbol       size              file

font                0x4               ./Core/Src/GFX_BW.o
g_snek_game         0x246             ./Core/Src/Snek.o
TickS               0x4               ./Core/Src/main.o
oled_i2c            0x4               ./Core/Src/SSD1306_OLED.o

Discarded input sections

 .text          0x0000000000000000        0x0 c:/st/stm32cubeide_1.4.0/stm32cubeide/plugins/com.st.stm32cube.ide.mcu.externaltools.gnu-tools-for-stm32.9-2020-q2-update.win32_2.0.0.202105311346/tools/bin/../lib/gcc/arm-none-eabi/9.3.1/thumb/v7e-m+fp/hard/crti.o
 .data          0x0000000000000000        0x0 c:/st/stm32cubeide_1.4.0/stm32cubeide/plugins/com.st.stm32cube.ide.mcu.externaltools.gnu-tools-for-stm32.9-2020-q2-update.win32_2.0.0.202105311346/tools/bin/../lib/gcc/arm-none-eabi/9.3.1/thumb/v7e-m+fp/hard/crti.o
 .bss           0x0000000000000000        0x0 c:/st/stm32cubeide_1.4.0/stm32cubeide/plugins/com.st.stm32cube.ide.mcu.externaltools.gnu-tools-for-stm32.9-2020-q2-update.win32_2.0.0.202105311346/tools/bin/../lib/gcc/arm-none-eabi/9.3.1/thumb/v7e-m+fp/hard/crti.o
 .data          0x0000000000000000        0x4 c:/st/stm32cubeide_1.4.0/stm32cubeide/plugins/com.st.stm32cube.ide.mcu.externaltools.gnu-tools-for-stm32.9-2020-q2-update.win32_2.0.0.202105311346/tools/bin/../lib/gcc/arm-none-eabi/9.3.1/thumb/v7e-m+fp/hard/crtbegin.o
 .text          0x0000000000000000       0x7c c:/st/stm32cubeide_1.4.0/stm32cubeide/plugins/com.st.stm32cube.ide.mcu.externaltools.gnu-tools-for-stm32.9-2020-q2-update.win32_2.0.0.202105311346/tools/bin/../lib/gcc/arm-none-eabi/9.3.1/../../../../arm-none-eabi/lib/thumb/v7e-m+fp/hard/crt0.o
 .data          0x0000000000000000        0x0 c:/st/stm32cubeide_1.4.0/stm32cubeide/plugins/com.st.stm32cube.ide.mcu.externaltools.gnu-tools-for-stm32.9-2020-q2-update.win32_2.0.0.202105311346/tools/bin/../lib/gcc/arm-none-eabi/9.3.1/../../../../arm-none-eabi/lib/thumb/v7e-m+fp/hard/crt0.o
 .bss           0x0000000000000000        0x0 c:/st/stm32cubeide_1.4.0/stm32cubeide/plugins/com.st.stm32cube.ide.mcu.externaltools.gnu-tools-for-stm32.9-2020-q2-update.win32_2.0.0.202105311346/tools/bin/../lib/gcc/arm-none-eabi/9.3.1/../../../../arm-none-eabi/lib/thumb/v7e-m+fp/hard/crt0.o
 .ARM.extab     0x0000000000000000        0x0 c:/st/stm32cubeide_1.4.0/stm32cubeide/plugins/com.st.stm32cube.ide.mcu.externaltools.gnu-tools-for-stm32.9-2020-q2-update.win32_2.0.0.202105311346/tools/bin/../lib/gcc/arm-none-eabi/9.3.1/../../../../arm-none-eabi/lib/thumb/v7e-m+fp/hard/crt0.o
 .ARM.exidx     0x0000000000000000       0x10 c:/st/stm32cubeide_1.4.0/stm32cubeide/plugins/com.st.stm32cube.ide.mcu.externaltools.gnu-tools-for-stm32.9-2020-q2-update.win32_2.0.0.202105311346/tools/bin/../lib/gcc/arm-none-eabi/9.3.1/../../../../arm-none-eabi/lib/thumb/v7e-m+fp/hard/crt0.o
 .ARM.attributes
                0x0000000000000000       0x1c c:/st/stm32cubeide_1.4.0/stm32cubeide/plugins/com.st.stm32cube.ide.mcu.externaltools.gnu-tools-for-stm32.9-2020-q2-update.win32_2.0.0.202105311346/tools/bin/../lib/gcc/arm-none-eabi/9.3.1/../../../../arm-none-eabi/lib/thumb/v7e-m+fp/hard/crt0.o
 .text          0x0000000000000000        0x0 ./Core/Src/GFX_BW.o
 .data          0x0000000000000000        0x0 ./Core/Src/GFX_BW.o
 .bss           0x0000000000000000        0x0 ./Core/Src/GFX_BW.o
 .text.GFX_SetFontSize
                0x0000000000000000       0x28 ./Core/Src/GFX_BW.o
 .text.GFX_GetFontHeight
                0x0000000000000000       0x18 ./Core/Src/GFX_BW.o
 .text.GFX_GetFontWidth
                0x0000000000000000       0x1c ./Core/Src/GFX_BW.o
 .text.GFX_GetFontSize
                0x0000000000000000       0x18 ./Core/Src/GFX_BW.o
 .text.GFX_DrawLine
                0x0000000000000000       0x8c ./Core/Src/GFX_BW.o
 .text.GFX_DrawCircle
                0x0000000000000000      0x1f8 ./Core/Src/GFX_BW.o
 .text.GFX_DrawCircleHelper
                0x0000000000000000      0x1d0 ./Core/Src/GFX_BW.o
 .text.GFX_DrawFillCircleHelper
                0x0000000000000000      0x142 ./Core/Src/GFX_BW.o
 .text.GFX_DrawFillCircle
                0x0000000000000000       0x46 ./Core/Src/GFX_BW.o
 .text.GFX_DrawRoundRectangle
                0x0000000000000000       0xfa ./Core/Src/GFX_BW.o
 .text.GFX_DrawFillRoundRectangle
                0x0000000000000000       0xa6 ./Core/Src/GFX_BW.o
 .text.GFX_DrawTriangle
                0x0000000000000000       0x4c ./Core/Src/GFX_BW.o
 .text.GFX_DrawFillTriangle
                0x0000000000000000      0x2c2 ./Core/Src/GFX_BW.o
 .text.GFX_Image
                0x0000000000000000       0xa2 ./Core/Src/GFX_BW.o
 .text          0x0000000000000000        0x0 ./Core/Src/SSD1306_OLED.o
 .data          0x0000000000000000        0x0 ./Core/Src/SSD1306_OLED.o
 .bss           0x0000000000000000        0x0 ./Core/Src/SSD1306_OLED.o
 .text.SSD1306_testrun
                0x0000000000000000       0x18 ./Core/Src/SSD1306_OLED.o
 .text          0x0000000000000000        0x0 ./Core/Src/Snek.o
 .data          0x0000000000000000        0x0 ./Core/Src/Snek.o
 .bss           0x0000000000000000        0x0 ./Core/Src/Snek.o
 .text          0x0000000000000000        0x0 ./Core/Src/main.o
 .data          0x0000000000000000        0x0 ./Core/Src/main.o
 .bss           0x0000000000000000        0x0 ./Core/Src/main.o
 .text          0x0000000000000000        0x0 ./Core/Src/snekmap.o
 .data          0x0000000000000000        0x0 ./Core/Src/snekmap.o
 .bss           0x0000000000000000        0x0 ./Core/Src/snekmap.o
 .text          0x0000000000000000        0x0 ./Core/Src/syscalls.o
 .data          0x0000000000000000        0x0 ./Core/Src/syscalls.o
 .bss           0x0000000000000000        0x0 ./Core/Src/syscalls.o
 .bss.__env     0x0000000000000000        0x4 ./Core/Src/syscalls.o
 .data.environ  0x0000000000000000        0x4 ./Core/Src/syscalls.o
 .text.initialise_monitor_handles
                0x0000000000000000        0xe ./Core/Src/syscalls.o
 .text._getpid  0x0000000000000000       0x10 ./Core/Src/syscalls.o
 .text._kill    0x0000000000000000       0x20 ./Core/Src/syscalls.o
 .text._exit    0x0000000000000000       0x14 ./Core/Src/syscalls.o
 .text._read    0x0000000000000000       0x3a ./Core/Src/syscalls.o
 .text._write   0x0000000000000000       0x38 ./Core/Src/syscalls.o
 .text._close   0x0000000000000000       0x18 ./Core/Src/syscalls.o
 .text._fstat   0x0000000000000000       0x20 ./Core/Src/syscalls.o
 .text._isatty  0x0000000000000000       0x16 ./Core/Src/syscalls.o
 .text._lseek   0x0000000000000000       0x1a ./Core/Src/syscalls.o
 .text._open    0x0000000000000000       0x1c ./Core/Src/syscalls.o
 .text._wait    0x0000000000000000       0x1e ./Core/Src/syscalls.o
 .text._unlink  0x0000000000000000       0x1e ./Core/Src/syscalls.o
 .text._times   0x0000000000000000       0x18 ./Core/Src/syscalls.o
 .text._stat    0x0000000000000000       0x20 ./Core/Src/syscalls.o
 .text._link    0x0000000000000000       0x20 ./Core/Src/syscalls.o
 .text._fork    0x0000000000000000       0x16 ./Core/Src/syscalls.o
 .text._execve  0x0000000000000000       0x22 ./Core/Src/syscalls.o
 .debug_info    0x0000000000000000      0xfa4 ./Core/Src/syscalls.o
 .debug_abbrev  0x0000000000000000      0x283 ./Core/Src/syscalls.o
 .debug_aranges
                0x0000000000000000       0xa8 ./Core/Src/syscalls.o
 .debug_ranges  0x0000000000000000       0x98 ./Core/Src/syscalls.o
 .debug_line    0x0000000000000000      0x5d3 ./Core/Src/syscalls.o
 .debug_str     0x0000000000000000      0x80c ./Core/Src/syscalls.o
 .comment       0x0000000000000000       0x54 ./Core/Src/syscalls.o
 .debug_frame   0x0000000000000000      0x2ac ./Core/Src/syscalls.o
 .ARM.attributes
                0x0000000000000000       0x34 ./Core/Src/syscalls.o
 .text          0x0000000000000000        0x0 ./Core/Src/sysmem.o
 .data          0x0000000000000000        0x0 ./Core/Src/sysmem.o
 .bss           0x0000000000000000        0x0 ./Core/Src/sysmem.o
 .bss.__sbrk_heap_end
                0x0000000000000000        0x4 ./Core/Src/sysmem.o
 .text._sbrk    0x0000000000000000       0x6c ./Core/Src/sysmem.o
 .debug_info    0x0000000000000000      0xa21 ./Core/Src/sysmem.o
 .debug_abbrev  0x0000000000000000      0x1bc ./Core/Src/sysmem.o
 .debug_aranges
                0x0000000000000000       0x20 ./Core/Src/sysmem.o
 .debug_ranges  0x0000000000000000       0x10 ./Core/Src/sysmem.o
 .debug_line    0x0000000000000000      0x2f4 ./Core/Src/sysmem.o
 .debug_str     0x0000000000000000      0x647 ./Core/Src/sysmem.o
 .comment       0x0000000000000000       0x54 ./Core/Src/sysmem.o
 .debug_frame   0x0000000000000000       0x34 ./Core/Src/sysmem.o
 .ARM.attributes
                0x0000000000000000       0x34 ./Core/Src/sysmem.o
 .text          0x0000000000000000        0x0 ./Core/Src/system_stm32f4xx.o
 .data          0x0000000000000000        0x0 ./Core/Src/system_stm32f4xx.o
 .bss           0x0000000000000000        0x0 ./Core/Src/system_stm32f4xx.o
 .data.SystemCoreClock
                0x0000000000000000        0x4 ./Core/Src/system_stm32f4xx.o
 .rodata.AHBPrescTable
                0x0000000000000000       0x10 ./Core/Src/system_stm32f4xx.o
 .rodata.APBPrescTable
                0x0000000000000000        0x8 ./Core/Src/system_stm32f4xx.o
 .text.SystemCoreClockUpdate
                0x0000000000000000      0x100 ./Core/Src/system_stm32f4xx.o
 .text          0x0000000000000000       0x14 ./Core/Startup/startup_stm32f401retx.o
 .data          0x0000000000000000        0x0 ./Core/Startup/startup_stm32f401retx.o
 .bss           0x0000000000000000        0x0 ./Core/Startup/startup_stm32f401retx.o
 .group         0x0000000000000000        0xc ./Core/mydrivers/Src/stm32f401xe_GPIO.o
 .group         0x0000000000000000        0xc ./Core/mydrivers/Src/stm32f401xe_GPIO.o
 .group         0x0000000000000000        0xc ./Core/mydrivers/Src/stm32f401xe_GPIO.o
 .group         0x0000000000000000        0xc ./Core/mydrivers/Src/stm32f401xe_GPIO.o
 .group         0x0000000000000000        0xc ./Core/mydrivers/Src/stm32f401xe_GPIO.o
 .group         0x0000000000000000        0xc ./Core/mydrivers/Src/stm32f401xe_GPIO.o
 .group         0x0000000000000000        0xc ./Core/mydrivers/Src/stm32f401xe_GPIO.o
 .group         0x0000000000000000        0xc ./Core/mydrivers/Src/stm32f401xe_GPIO.o
 .group         0x0000000000000000        0xc ./Core/mydrivers/Src/stm32f401xe_GPIO.o
 .group         0x0000000000000000        0xc ./Core/mydrivers/Src/stm32f401xe_GPIO.o
 .group         0x0000000000000000        0xc ./Core/mydrivers/Src/stm32f401xe_GPIO.o
 .group         0x0000000000000000        0xc ./Core/mydrivers/Src/stm32f401xe_GPIO.o
 .group         0x0000000000000000        0xc ./Core/mydrivers/Src/stm32f401xe_GPIO.o
 .group         0x0000000000000000        0xc ./Core/mydrivers/Src/stm32f401xe_GPIO.o
 .group         0x0000000000000000        0xc ./Core/mydrivers/Src/stm32f401xe_GPIO.o
 .group         0x0000000000000000        0xc ./Core/mydrivers/Src/stm32f401xe_GPIO.o
 .text          0x0000000000000000        0x0 ./Core/mydrivers/Src/stm32f401xe_GPIO.o
 .data          0x0000000000000000        0x0 ./Core/mydrivers/Src/stm32f401xe_GPIO.o
 .bss           0x0000000000000000        0x0 ./Core/mydrivers/Src/stm32f401xe_GPIO.o
 .text.GPIO_WritePin
                0x0000000000000000       0x42 ./Core/mydrivers/Src/stm32f401xe_GPIO.o
 .text.GPIO_TogglePin
                0x0000000000000000       0x2a ./Core/mydrivers/Src/stm32f401xe_GPIO.o
 .group         0x0000000000000000        0xc ./Core/mydrivers/Src/stm32f401xe_I2C.o
 .group         0x0000000000000000        0xc ./Core/mydrivers/Src/stm32f401xe_I2C.o
 .group         0x0000000000000000        0xc ./Core/mydrivers/Src/stm32f401xe_I2C.o
 .group         0x0000000000000000        0xc ./Core/mydrivers/Src/stm32f401xe_I2C.o
 .group         0x0000000000000000        0xc ./Core/mydrivers/Src/stm32f401xe_I2C.o
 .group         0x0000000000000000        0xc ./Core/mydrivers/Src/stm32f401xe_I2C.o
 .group         0x0000000000000000        0xc ./Core/mydrivers/Src/stm32f401xe_I2C.o
 .group         0x0000000000000000        0xc ./Core/mydrivers/Src/stm32f401xe_I2C.o
 .group         0x0000000000000000        0xc ./Core/mydrivers/Src/stm32f401xe_I2C.o
 .group         0x0000000000000000        0xc ./Core/mydrivers/Src/stm32f401xe_I2C.o
 .group         0x0000000000000000        0xc ./Core/mydrivers/Src/stm32f401xe_I2C.o
 .group         0x0000000000000000        0xc ./Core/mydrivers/Src/stm32f401xe_I2C.o
 .group         0x0000000000000000        0xc ./Core/mydrivers/Src/stm32f401xe_I2C.o
 .group         0x0000000000000000        0xc ./Core/mydrivers/Src/stm32f401xe_I2C.o
 .group         0x0000000000000000        0xc ./Core/mydrivers/Src/stm32f401xe_I2C.o
 .group         0x0000000000000000        0xc ./Core/mydrivers/Src/stm32f401xe_I2C.o
 .group         0x0000000000000000        0xc ./Core/mydrivers/Src/stm32f401xe_I2C.o
 .text          0x0000000000000000        0x0 ./Core/mydrivers/Src/stm32f401xe_I2C.o
 .data          0x0000000000000000        0x0 ./Core/mydrivers/Src/stm32f401xe_I2C.o
 .bss           0x0000000000000000        0x0 ./Core/mydrivers/Src/stm32f401xe_I2C.o
 .debug_macro   0x0000000000000000      0xaa8 ./Core/mydrivers/Src/stm32f401xe_I2C.o
 .debug_macro   0x0000000000000000       0x28 ./Core/mydrivers/Src/stm32f401xe_I2C.o
 .debug_macro   0x0000000000000000       0x22 ./Core/mydrivers/Src/stm32f401xe_I2C.o
 .debug_macro   0x0000000000000000       0x8e ./Core/mydrivers/Src/stm32f401xe_I2C.o
 .debug_macro   0x0000000000000000       0x51 ./Core/mydrivers/Src/stm32f401xe_I2C.o
 .debug_macro   0x0000000000000000      0x103 ./Core/mydrivers/Src/stm32f401xe_I2C.o
 .debug_macro   0x0000000000000000       0x6a ./Core/mydrivers/Src/stm32f401xe_I2C.o
 .debug_macro   0x0000000000000000      0x1df ./Core/mydrivers/Src/stm32f401xe_I2C.o
 .debug_macro   0x0000000000000000       0x1c ./Core/mydrivers/Src/stm32f401xe_I2C.o
 .debug_macro   0x0000000000000000       0x22 ./Core/mydrivers/Src/stm32f401xe_I2C.o
 .debug_macro   0x0000000000000000       0xdf ./Core/mydrivers/Src/stm32f401xe_I2C.o
 .debug_macro   0x0000000000000000     0x102d ./Core/mydrivers/Src/stm32f401xe_I2C.o
 .debug_macro   0x0000000000000000      0x11f ./Core/mydrivers/Src/stm32f401xe_I2C.o
 .debug_macro   0x0000000000000000     0xb86c ./Core/mydrivers/Src/stm32f401xe_I2C.o
 .debug_macro   0x0000000000000000      0x198 ./Core/mydrivers/Src/stm32f401xe_I2C.o
 .group         0x0000000000000000        0xc ./Core/mydrivers/Src/stm32f401xe_RCC.o
 .group         0x0000000000000000        0xc ./Core/mydrivers/Src/stm32f401xe_RCC.o
 .group         0x0000000000000000        0xc ./Core/mydrivers/Src/stm32f401xe_RCC.o
 .group         0x0000000000000000        0xc ./Core/mydrivers/Src/stm32f401xe_RCC.o
 .group         0x0000000000000000        0xc ./Core/mydrivers/Src/stm32f401xe_RCC.o
 .group         0x0000000000000000        0xc ./Core/mydrivers/Src/stm32f401xe_RCC.o
 .group         0x0000000000000000        0xc ./Core/mydrivers/Src/stm32f401xe_RCC.o
 .group         0x0000000000000000        0xc ./Core/mydrivers/Src/stm32f401xe_RCC.o
 .group         0x0000000000000000        0xc ./Core/mydrivers/Src/stm32f401xe_RCC.o
 .group         0x0000000000000000        0xc ./Core/mydrivers/Src/stm32f401xe_RCC.o
 .group         0x0000000000000000        0xc ./Core/mydrivers/Src/stm32f401xe_RCC.o
 .group         0x0000000000000000        0xc ./Core/mydrivers/Src/stm32f401xe_RCC.o
 .group         0x0000000000000000        0xc ./Core/mydrivers/Src/stm32f401xe_RCC.o
 .group         0x0000000000000000        0xc ./Core/mydrivers/Src/stm32f401xe_RCC.o
 .group         0x0000000000000000        0xc ./Core/mydrivers/Src/stm32f401xe_RCC.o
 .text          0x0000000000000000        0x0 ./Core/mydrivers/Src/stm32f401xe_RCC.o
 .data          0x0000000000000000        0x0 ./Core/mydrivers/Src/stm32f401xe_RCC.o
 .bss           0x0000000000000000        0x0 ./Core/mydrivers/Src/stm32f401xe_RCC.o
 .debug_macro   0x0000000000000000      0xaa8 ./Core/mydrivers/Src/stm32f401xe_RCC.o
 .debug_macro   0x0000000000000000       0x28 ./Core/mydrivers/Src/stm32f401xe_RCC.o
 .debug_macro   0x0000000000000000       0x22 ./Core/mydrivers/Src/stm32f401xe_RCC.o
 .debug_macro   0x0000000000000000       0x8e ./Core/mydrivers/Src/stm32f401xe_RCC.o
 .debug_macro   0x0000000000000000       0x51 ./Core/mydrivers/Src/stm32f401xe_RCC.o
 .debug_macro   0x0000000000000000      0x103 ./Core/mydrivers/Src/stm32f401xe_RCC.o
 .debug_macro   0x0000000000000000       0x6a ./Core/mydrivers/Src/stm32f401xe_RCC.o
 .debug_macro   0x0000000000000000      0x1df ./Core/mydrivers/Src/stm32f401xe_RCC.o
 .debug_macro   0x0000000000000000       0x1c ./Core/mydrivers/Src/stm32f401xe_RCC.o
 .debug_macro   0x0000000000000000       0x22 ./Core/mydrivers/Src/stm32f401xe_RCC.o
 .debug_macro   0x0000000000000000       0xdf ./Core/mydrivers/Src/stm32f401xe_RCC.o
 .debug_macro   0x0000000000000000     0x102d ./Core/mydrivers/Src/stm32f401xe_RCC.o
 .debug_macro   0x0000000000000000      0x11f ./Core/mydrivers/Src/stm32f401xe_RCC.o
 .debug_macro   0x0000000000000000     0xb86c ./Core/mydrivers/Src/stm32f401xe_RCC.o
 .text          0x0000000000000000        0x0 c:/st/stm32cubeide_1.4.0/stm32cubeide/plugins/com.st.stm32cube.ide.mcu.externaltools.gnu-tools-for-stm32.9-2020-q2-update.win32_2.0.0.202105311346/tools/bin/../lib/gcc/arm-none-eabi/9.3.1/../../../../arm-none-eabi/lib/thumb/v7e-m+fp/hard\libc_nano.a(lib_a-errno.o)
 .data          0x0000000000000000        0x0 c:/st/stm32cubeide_1.4.0/stm32cubeide/plugins/com.st.stm32cube.ide.mcu.externaltools.gnu-tools-for-stm32.9-2020-q2-update.win32_2.0.0.202105311346/tools/bin/../lib/gcc/arm-none-eabi/9.3.1/../../../../arm-none-eabi/lib/thumb/v7e-m+fp/hard\libc_nano.a(lib_a-errno.o)
 .bss           0x0000000000000000        0x0 c:/st/stm32cubeide_1.4.0/stm32cubeide/plugins/com.st.stm32cube.ide.mcu.externaltools.gnu-tools-for-stm32.9-2020-q2-update.win32_2.0.0.202105311346/tools/bin/../lib/gcc/arm-none-eabi/9.3.1/../../../../arm-none-eabi/lib/thumb/v7e-m+fp/hard\libc_nano.a(lib_a-errno.o)
 .text.__errno  0x0000000000000000        0xc c:/st/stm32cubeide_1.4.0/stm32cubeide/plugins/com.st.stm32cube.ide.mcu.externaltools.gnu-tools-for-stm32.9-2020-q2-update.win32_2.0.0.202105311346/tools/bin/../lib/gcc/arm-none-eabi/9.3.1/../../../../arm-none-eabi/lib/thumb/v7e-m+fp/hard\libc_nano.a(lib_a-errno.o)
 .debug_frame   0x0000000000000000       0x20 c:/st/stm32cubeide_1.4.0/stm32cubeide/plugins/com.st.stm32cube.ide.mcu.externaltools.gnu-tools-for-stm32.9-2020-q2-update.win32_2.0.0.202105311346/tools/bin/../lib/gcc/arm-none-eabi/9.3.1/../../../../arm-none-eabi/lib/thumb/v7e-m+fp/hard\libc_nano.a(lib_a-errno.o)
 .ARM.attributes
                0x0000000000000000       0x34 c:/st/stm32cubeide_1.4.0/stm32cubeide/plugins/com.st.stm32cube.ide.mcu.externaltools.gnu-tools-for-stm32.9-2020-q2-update.win32_2.0.0.202105311346/tools/bin/../lib/gcc/arm-none-eabi/9.3.1/../../../../arm-none-eabi/lib/thumb/v7e-m+fp/hard\libc_nano.a(lib_a-errno.o)
 .text          0x0000000000000000        0x0 c:/st/stm32cubeide_1.4.0/stm32cubeide/plugins/com.st.stm32cube.ide.mcu.externaltools.gnu-tools-for-stm32.9-2020-q2-update.win32_2.0.0.202105311346/tools/bin/../lib/gcc/arm-none-eabi/9.3.1/../../../../arm-none-eabi/lib/thumb/v7e-m+fp/hard\libc_nano.a(lib_a-exit.o)
 .data          0x0000000000000000        0x0 c:/st/stm32cubeide_1.4.0/stm32cubeide/plugins/com.st.stm32cube.ide.mcu.externaltools.gnu-tools-for-stm32.9-2020-q2-update.win32_2.0.0.202105311346/tools/bin/../lib/gcc/arm-none-eabi/9.3.1/../../../../arm-none-eabi/lib/thumb/v7e-m+fp/hard\libc_nano.a(lib_a-exit.o)
 .bss           0x0000000000000000        0x0 c:/st/stm32cubeide_1.4.0/stm32cubeide/plugins/com.st.stm32cube.ide.mcu.externaltools.gnu-tools-for-stm32.9-2020-q2-update.win32_2.0.0.202105311346/tools/bin/../lib/gcc/arm-none-eabi/9.3.1/../../../../arm-none-eabi/lib/thumb/v7e-m+fp/hard\libc_nano.a(lib_a-exit.o)
 .text.exit     0x0000000000000000       0x28 c:/st/stm32cubeide_1.4.0/stm32cubeide/plugins/com.st.stm32cube.ide.mcu.externaltools.gnu-tools-for-stm32.9-2020-q2-update.win32_2.0.0.202105311346/tools/bin/../lib/gcc/arm-none-eabi/9.3.1/../../../../arm-none-eabi/lib/thumb/v7e-m+fp/hard\libc_nano.a(lib_a-exit.o)
 .debug_frame   0x0000000000000000       0x28 c:/st/stm32cubeide_1.4.0/stm32cubeide/plugins/com.st.stm32cube.ide.mcu.externaltools.gnu-tools-for-stm32.9-2020-q2-update.win32_2.0.0.202105311346/tools/bin/../lib/gcc/arm-none-eabi/9.3.1/../../../../arm-none-eabi/lib/thumb/v7e-m+fp/hard\libc_nano.a(lib_a-exit.o)
 .ARM.attributes
                0x0000000000000000       0x34 c:/st/stm32cubeide_1.4.0/stm32cubeide/plugins/com.st.stm32cube.ide.mcu.externaltools.gnu-tools-for-stm32.9-2020-q2-update.win32_2.0.0.202105311346/tools/bin/../lib/gcc/arm-none-eabi/9.3.1/../../../../arm-none-eabi/lib/thumb/v7e-m+fp/hard\libc_nano.a(lib_a-exit.o)
 .text          0x0000000000000000        0x0 c:/st/stm32cubeide_1.4.0/stm32cubeide/plugins/com.st.stm32cube.ide.mcu.externaltools.gnu-tools-for-stm32.9-2020-q2-update.win32_2.0.0.202105311346/tools/bin/../lib/gcc/arm-none-eabi/9.3.1/../../../../arm-none-eabi/lib/thumb/v7e-m+fp/hard\libc_nano.a(lib_a-impure.o)
 .data          0x0000000000000000        0x0 c:/st/stm32cubeide_1.4.0/stm32cubeide/plugins/com.st.stm32cube.ide.mcu.externaltools.gnu-tools-for-stm32.9-2020-q2-update.win32_2.0.0.202105311346/tools/bin/../lib/gcc/arm-none-eabi/9.3.1/../../../../arm-none-eabi/lib/thumb/v7e-m+fp/hard\libc_nano.a(lib_a-impure.o)
 .bss           0x0000000000000000        0x0 c:/st/stm32cubeide_1.4.0/stm32cubeide/plugins/com.st.stm32cube.ide.mcu.externaltools.gnu-tools-for-stm32.9-2020-q2-update.win32_2.0.0.202105311346/tools/bin/../lib/gcc/arm-none-eabi/9.3.1/../../../../arm-none-eabi/lib/thumb/v7e-m+fp/hard\libc_nano.a(lib_a-impure.o)
 .data._impure_ptr
                0x0000000000000000        0x4 c:/st/stm32cubeide_1.4.0/stm32cubeide/plugins/com.st.stm32cube.ide.mcu.externaltools.gnu-tools-for-stm32.9-2020-q2-update.win32_2.0.0.202105311346/tools/bin/../lib/gcc/arm-none-eabi/9.3.1/../../../../arm-none-eabi/lib/thumb/v7e-m+fp/hard\libc_nano.a(lib_a-impure.o)
 .data.impure_data
                0x0000000000000000       0x60 c:/st/stm32cubeide_1.4.0/stm32cubeide/plugins/com.st.stm32cube.ide.mcu.externaltools.gnu-tools-for-stm32.9-2020-q2-update.win32_2.0.0.202105311346/tools/bin/../lib/gcc/arm-none-eabi/9.3.1/../../../../arm-none-eabi/lib/thumb/v7e-m+fp/hard\libc_nano.a(lib_a-impure.o)
 .rodata._global_impure_ptr
                0x0000000000000000        0x4 c:/st/stm32cubeide_1.4.0/stm32cubeide/plugins/com.st.stm32cube.ide.mcu.externaltools.gnu-tools-for-stm32.9-2020-q2-update.win32_2.0.0.202105311346/tools/bin/../lib/gcc/arm-none-eabi/9.3.1/../../../../arm-none-eabi/lib/thumb/v7e-m+fp/hard\libc_nano.a(lib_a-impure.o)
 .ARM.attributes
                0x0000000000000000       0x32 c:/st/stm32cubeide_1.4.0/stm32cubeide/plugins/com.st.stm32cube.ide.mcu.externaltools.gnu-tools-for-stm32.9-2020-q2-update.win32_2.0.0.202105311346/tools/bin/../lib/gcc/arm-none-eabi/9.3.1/../../../../arm-none-eabi/lib/thumb/v7e-m+fp/hard\libc_nano.a(lib_a-impure.o)
 .text          0x0000000000000000        0x0 c:/st/stm32cubeide_1.4.0/stm32cubeide/plugins/com.st.stm32cube.ide.mcu.externaltools.gnu-tools-for-stm32.9-2020-q2-update.win32_2.0.0.202105311346/tools/bin/../lib/gcc/arm-none-eabi/9.3.1/../../../../arm-none-eabi/lib/thumb/v7e-m+fp/hard\libc_nano.a(lib_a-init.o)
 .data          0x0000000000000000        0x0 c:/st/stm32cubeide_1.4.0/stm32cubeide/plugins/com.st.stm32cube.ide.mcu.externaltools.gnu-tools-for-stm32.9-2020-q2-update.win32_2.0.0.202105311346/tools/bin/../lib/gcc/arm-none-eabi/9.3.1/../../../../arm-none-eabi/lib/thumb/v7e-m+fp/hard\libc_nano.a(lib_a-init.o)
 .bss           0x0000000000000000        0x0 c:/st/stm32cubeide_1.4.0/stm32cubeide/plugins/com.st.stm32cube.ide.mcu.externaltools.gnu-tools-for-stm32.9-2020-q2-update.win32_2.0.0.202105311346/tools/bin/../lib/gcc/arm-none-eabi/9.3.1/../../../../arm-none-eabi/lib/thumb/v7e-m+fp/hard\libc_nano.a(lib_a-init.o)
 .text          0x0000000000000000        0x0 c:/st/stm32cubeide_1.4.0/stm32cubeide/plugins/com.st.stm32cube.ide.mcu.externaltools.gnu-tools-for-stm32.9-2020-q2-update.win32_2.0.0.202105311346/tools/bin/../lib/gcc/arm-none-eabi/9.3.1/../../../../arm-none-eabi/lib/thumb/v7e-m+fp/hard\libc_nano.a(lib_a-memset.o)
 .data          0x0000000000000000        0x0 c:/st/stm32cubeide_1.4.0/stm32cubeide/plugins/com.st.stm32cube.ide.mcu.externaltools.gnu-tools-for-stm32.9-2020-q2-update.win32_2.0.0.202105311346/tools/bin/../lib/gcc/arm-none-eabi/9.3.1/../../../../arm-none-eabi/lib/thumb/v7e-m+fp/hard\libc_nano.a(lib_a-memset.o)
 .bss           0x0000000000000000        0x0 c:/st/stm32cubeide_1.4.0/stm32cubeide/plugins/com.st.stm32cube.ide.mcu.externaltools.gnu-tools-for-stm32.9-2020-q2-update.win32_2.0.0.202105311346/tools/bin/../lib/gcc/arm-none-eabi/9.3.1/../../../../arm-none-eabi/lib/thumb/v7e-m+fp/hard\libc_nano.a(lib_a-memset.o)
 .data          0x0000000000000000        0x0 c:/st/stm32cubeide_1.4.0/stm32cubeide/plugins/com.st.stm32cube.ide.mcu.externaltools.gnu-tools-for-stm32.9-2020-q2-update.win32_2.0.0.202105311346/tools/bin/../lib/gcc/arm-none-eabi/9.3.1/../../../../arm-none-eabi/lib/thumb/v7e-m+fp/hard\libc_nano.a(lib_a-strlen.o)
 .bss           0x0000000000000000        0x0 c:/st/stm32cubeide_1.4.0/stm32cubeide/plugins/com.st.stm32cube.ide.mcu.externaltools.gnu-tools-for-stm32.9-2020-q2-update.win32_2.0.0.202105311346/tools/bin/../lib/gcc/arm-none-eabi/9.3.1/../../../../arm-none-eabi/lib/thumb/v7e-m+fp/hard\libc_nano.a(lib_a-strlen.o)
 .text          0x0000000000000000        0x0 c:/st/stm32cubeide_1.4.0/stm32cubeide/plugins/com.st.stm32cube.ide.mcu.externaltools.gnu-tools-for-stm32.9-2020-q2-update.win32_2.0.0.202105311346/tools/bin/../lib/gcc/arm-none-eabi/9.3.1/thumb/v7e-m+fp/hard/crtend.o
 .data          0x0000000000000000        0x0 c:/st/stm32cubeide_1.4.0/stm32cubeide/plugins/com.st.stm32cube.ide.mcu.externaltools.gnu-tools-for-stm32.9-2020-q2-update.win32_2.0.0.202105311346/tools/bin/../lib/gcc/arm-none-eabi/9.3.1/thumb/v7e-m+fp/hard/crtend.o
 .bss           0x0000000000000000        0x0 c:/st/stm32cubeide_1.4.0/stm32cubeide/plugins/com.st.stm32cube.ide.mcu.externaltools.gnu-tools-for-stm32.9-2020-q2-update.win32_2.0.0.202105311346/tools/bin/../lib/gcc/arm-none-eabi/9.3.1/thumb/v7e-m+fp/hard/crtend.o
 .eh_frame      0x0000000000000000        0x4 c:/st/stm32cubeide_1.4.0/stm32cubeide/plugins/com.st.stm32cube.ide.mcu.externaltools.gnu-tools-for-stm32.9-2020-q2-update.win32_2.0.0.202105311346/tools/bin/../lib/gcc/arm-none-eabi/9.3.1/thumb/v7e-m+fp/hard/crtend.o
 .ARM.attributes
                0x0000000000000000       0x32 c:/st/stm32cubeide_1.4.0/stm32cubeide/plugins/com.st.stm32cube.ide.mcu.externaltools.gnu-tools-for-stm32.9-2020-q2-update.win32_2.0.0.202105311346/tools/bin/../lib/gcc/arm-none-eabi/9.3.1/thumb/v7e-m+fp/hard/crtend.o
 .text          0x0000000000000000        0x0 c:/st/stm32cubeide_1.4.0/stm32cubeide/plugins/com.st.stm32cube.ide.mcu.externaltools.gnu-tools-for-stm32.9-2020-q2-update.win32_2.0.0.202105311346/tools/bin/../lib/gcc/arm-none-eabi/9.3.1/thumb/v7e-m+fp/hard/crtn.o
 .data          0x0000000000000000        0x0 c:/st/stm32cubeide_1.4.0/stm32cubeide/plugins/com.st.stm32cube.ide.mcu.externaltools.gnu-tools-for-stm32.9-2020-q2-update.win32_2.0.0.202105311346/tools/bin/../lib/gcc/arm-none-eabi/9.3.1/thumb/v7e-m+fp/hard/crtn.o
 .bss           0x0000000000000000        0x0 c:/st/stm32cubeide_1.4.0/stm32cubeide/plugins/com.st.stm32cube.ide.mcu.externaltools.gnu-tools-for-stm32.9-2020-q2-update.win32_2.0.0.202105311346/tools/bin/../lib/gcc/arm-none-eabi/9.3.1/thumb/v7e-m+fp/hard/crtn.o

Memory Configuration

Name             Origin             Length             Attributes
RAM              0x0000000020000000 0x0000000000018000 xrw
FLASH            0x0000000008000000 0x0000000000080000 xr
*default*        0x0000000000000000 0xffffffffffffffff

Linker script and memory map

LOAD c:/st/stm32cubeide_1.4.0/stm32cubeide/plugins/com.st.stm32cube.ide.mcu.externaltools.gnu-tools-for-stm32.9-2020-q2-update.win32_2.0.0.202105311346/tools/bin/../lib/gcc/arm-none-eabi/9.3.1/thumb/v7e-m+fp/hard/crti.o
LOAD c:/st/stm32cubeide_1.4.0/stm32cubeide/plugins/com.st.stm32cube.ide.mcu.externaltools.gnu-tools-for-stm32.9-2020-q2-update.win32_2.0.0.202105311346/tools/bin/../lib/gcc/arm-none-eabi/9.3.1/thumb/v7e-m+fp/hard/crtbegin.o
LOAD c:/st/stm32cubeide_1.4.0/stm32cubeide/plugins/com.st.stm32cube.ide.mcu.externaltools.gnu-tools-for-stm32.9-2020-q2-update.win32_2.0.0.202105311346/tools/bin/../lib/gcc/arm-none-eabi/9.3.1/../../../../arm-none-eabi/lib/thumb/v7e-m+fp/hard/crt0.o
LOAD ./Core/Src/GFX_BW.o
LOAD ./Core/Src/SSD1306_OLED.o
LOAD ./Core/Src/Snek.o
LOAD ./Core/Src/main.o
LOAD ./Core/Src/snekmap.o
LOAD ./Core/Src/syscalls.o
LOAD ./Core/Src/sysmem.o
LOAD ./Core/Src/system_stm32f4xx.o
LOAD ./Core/Startup/startup_stm32f401retx.o
LOAD ./Core/mydrivers/Src/stm32f401xe_GPIO.o
LOAD ./Core/mydrivers/Src/stm32f401xe_I2C.o
LOAD ./Core/mydrivers/Src/stm32f401xe_RCC.o
START GROUP
LOAD c:/st/stm32cubeide_1.4.0/stm32cubeide/plugins/com.st.stm32cube.ide.mcu.externaltools.gnu-tools-for-stm32.9-2020-q2-update.win32_2.0.0.202105311346/tools/bin/../lib/gcc/arm-none-eabi/9.3.1/../../../../arm-none-eabi/lib/thumb/v7e-m+fp/hard\libc_nano.a
LOAD c:/st/stm32cubeide_1.4.0/stm32cubeide/plugins/com.st.stm32cube.ide.mcu.externaltools.gnu-tools-for-stm32.9-2020-q2-update.win32_2.0.0.202105311346/tools/bin/../lib/gcc/arm-none-eabi/9.3.1/../../../../arm-none-eabi/lib/thumb/v7e-m+fp/hard\libm.a
END GROUP
START GROUP
LOAD c:/st/stm32cubeide_1.4.0/stm32cubeide/plugins/com.st.stm32cube.ide.mcu.externaltools.gnu-tools-for-stm32.9-2020-q2-update.win32_2.0.0.202105311346/tools/bin/../lib/gcc/arm-none-eabi/9.3.1/thumb/v7e-m+fp/hard\libgcc.a
LOAD c:/st/stm32cubeide_1.4.0/stm32cubeide/plugins/com.st.stm32cube.ide.mcu.externaltools.gnu-tools-for-stm32.9-2020-q2-update.win32_2.0.0.202105311346/tools/bin/../lib/gcc/arm-none-eabi/9.3.1/../../../../arm-none-eabi/lib/thumb/v7e-m+fp/hard\libc_nano.a
END GROUP
START GROUP
LOAD c:/st/stm32cubeide_1.4.0/stm32cubeide/plugins/com.st.stm32cube.ide.mcu.externaltools.gnu-tools-for-stm32.9-2020-q2-update.win32_2.0.0.202105311346/tools/bin/../lib/gcc/arm-none-eabi/9.3.1/thumb/v7e-m+fp/hard\libgcc.a
LOAD c:/st/stm32cubeide_1.4.0/stm32cubeide/plugins/com.st.stm32cube.ide.mcu.externaltools.gnu-tools-for-stm32.9-2020-q2-update.win32_2.0.0.202105311346/tools/bin/../lib/gcc/arm-none-eabi/9.3.1/../../../../arm-none-eabi/lib/thumb/v7e-m+fp/hard\libc_nano.a
LOAD c:/st/stm32cubeide_1.4.0/stm32cubeide/plugins/com.st.stm32cube.ide.mcu.externaltools.gnu-tools-for-stm32.9-2020-q2-update.win32_2.0.0.202105311346/tools/bin/../lib/gcc/arm-none-eabi/9.3.1/../../../../arm-none-eabi/lib/thumb/v7e-m+fp/hard\libnosys.a
END GROUP
START GROUP
LOAD c:/st/stm32cubeide_1.4.0/stm32cubeide/plugins/com.st.stm32cube.ide.mcu.externaltools.gnu-tools-for-stm32.9-2020-q2-update.win32_2.0.0.202105311346/tools/bin/../lib/gcc/arm-none-eabi/9.3.1/thumb/v7e-m+fp/hard\libgcc.a
LOAD c:/st/stm32cubeide_1.4.0/stm32cubeide/plugins/com.st.stm32cube.ide.mcu.externaltools.gnu-tools-for-stm32.9-2020-q2-update.win32_2.0.0.202105311346/tools/bin/../lib/gcc/arm-none-eabi/9.3.1/../../../../arm-none-eabi/lib/thumb/v7e-m+fp/hard\libc_nano.a
LOAD c:/st/stm32cubeide_1.4.0/stm32cubeide/plugins/com.st.stm32cube.ide.mcu.externaltools.gnu-tools-for-stm32.9-2020-q2-update.win32_2.0.0.202105311346/tools/bin/../lib/gcc/arm-none-eabi/9.3.1/../../../../arm-none-eabi/lib/thumb/v7e-m+fp/hard\libnosys.a
END GROUP
LOAD c:/st/stm32cubeide_1.4.0/stm32cubeide/plugins/com.st.stm32cube.ide.mcu.externaltools.gnu-tools-for-stm32.9-2020-q2-update.win32_2.0.0.202105311346/tools/bin/../lib/gcc/arm-none-eabi/9.3.1/thumb/v7e-m+fp/hard/crtend.o
LOAD c:/st/stm32cubeide_1.4.0/stm32cubeide/plugins/com.st.stm32cube.ide.mcu.externaltools.gnu-tools-for-stm32.9-2020-q2-update.win32_2.0.0.202105311346/tools/bin/../lib/gcc/arm-none-eabi/9.3.1/thumb/v7e-m+fp/hard/crtn.o
                0x0000000020018000                _estack = (ORIGIN (RAM) + LENGTH (RAM))
                0x0000000000000200                _Min_Heap_Size = 0x200
                0x0000000000000400                _Min_Stack_Size = 0x400

.isr_vector     0x0000000008000000      0x194
                0x0000000008000000                . = ALIGN (0x4)
 *(.isr_vector)
 .isr_vector    0x0000000008000000      0x194 ./Core/Startup/startup_stm32f401retx.o
                0x0000000008000000                g_pfnVectors
                0x0000000008000194                . = ALIGN (0x4)

.text           0x0000000008000194     0x1a88
                0x0000000008000194                . = ALIGN (0x4)
 *(.text)
 .text          0x0000000008000194       0x40 c:/st/stm32cubeide_1.4.0/stm32cubeide/plugins/com.st.stm32cube.ide.mcu.externaltools.gnu-tools-for-stm32.9-2020-q2-update.win32_2.0.0.202105311346/tools/bin/../lib/gcc/arm-none-eabi/9.3.1/thumb/v7e-m+fp/hard/crtbegin.o
 .text          0x00000000080001d4       0x10 c:/st/stm32cubeide_1.4.0/stm32cubeide/plugins/com.st.stm32cube.ide.mcu.externaltools.gnu-tools-for-stm32.9-2020-q2-update.win32_2.0.0.202105311346/tools/bin/../lib/gcc/arm-none-eabi/9.3.1/../../../../arm-none-eabi/lib/thumb/v7e-m+fp/hard\libc_nano.a(lib_a-strlen.o)
                0x00000000080001d4                strlen
 *(.text*)
 .text.GFX_SetFont
                0x00000000080001e4       0x20 ./Core/Src/GFX_BW.o
                0x00000000080001e4                GFX_SetFont
 .text.GFX_DrawChar
                0x0000000008000204      0x174 ./Core/Src/GFX_BW.o
                0x0000000008000204                GFX_DrawChar
 .text.GFX_DrawString
                0x0000000008000378       0xb8 ./Core/Src/GFX_BW.o
                0x0000000008000378                GFX_DrawString
 .text.GFX_WriteLine
                0x0000000008000430      0x11e ./Core/Src/GFX_BW.o
                0x0000000008000430                GFX_WriteLine
 .text.GFX_DrawFastVLine
                0x000000000800054e       0x2e ./Core/Src/GFX_BW.o
                0x000000000800054e                GFX_DrawFastVLine
 .text.GFX_DrawFastHLine
                0x000000000800057c       0x2c ./Core/Src/GFX_BW.o
                0x000000000800057c                GFX_DrawFastHLine
 .text.GFX_DrawRectangle
                0x00000000080005a8       0x5a ./Core/Src/GFX_BW.o
                0x00000000080005a8                GFX_DrawRectangle
 .text.GFX_DrawFillRectangle
                0x0000000008000602       0x46 ./Core/Src/GFX_BW.o
                0x0000000008000602                GFX_DrawFillRectangle
 .text.SSD1306_Command
                0x0000000008000648       0x28 ./Core/Src/SSD1306_OLED.o
                0x0000000008000648                SSD1306_Command
 .text.SSD1306_Data
                0x0000000008000670       0x2c ./Core/Src/SSD1306_OLED.o
                0x0000000008000670                SSD1306_Data
 .text.SSD1306_Clear
                0x000000000800069c       0x40 ./Core/Src/SSD1306_OLED.o
                0x000000000800069c                SSD1306_Clear
 .text.SSD1306_DrawPixel
                0x00000000080006dc      0x13c ./Core/Src/SSD1306_OLED.o
                0x00000000080006dc                SSD1306_DrawPixel
 .text.SSD1306_Display
                0x0000000008000818       0x3c ./Core/Src/SSD1306_OLED.o
                0x0000000008000818                SSD1306_Display
 .text.SSD1306_Init
                0x0000000008000854       0xb8 ./Core/Src/SSD1306_OLED.o
                0x0000000008000854                SSD1306_Init
 .text.snek_ui_drawbutton
                0x000000000800090c       0xa8 ./Core/Src/Snek.o
 .text.snek_gamestate_init
                0x00000000080009b4       0x40 ./Core/Src/Snek.o
 .text.snek_gamesate_mainmenu
                0x00000000080009f4      0x224 ./Core/Src/Snek.o
 .text.snek_gamestate_game
                0x0000000008000c18       0x80 ./Core/Src/Snek.o
 .text.snek     0x0000000008000c98       0x4c ./Core/Src/Snek.o
                0x0000000008000c98                snek
 .text.snek_button_callback
                0x0000000008000ce4      0x114 ./Core/Src/Snek.o
                0x0000000008000ce4                snek_button_callback
 .text.__NVIC_SetPriority
                0x0000000008000df8       0x54 ./Core/Src/main.o
 .text.SysTick_Config
                0x0000000008000e4c       0x44 ./Core/Src/main.o
 .text.main     0x0000000008000e90       0x44 ./Core/Src/main.o
                0x0000000008000e90                main
 .text.EXTI1_IRQHandler
                0x0000000008000ed4       0x30 ./Core/Src/main.o
                0x0000000008000ed4                EXTI1_IRQHandler
 .text.EXTI2_IRQHandler
                0x0000000008000f04       0x30 ./Core/Src/main.o
                0x0000000008000f04                EXTI2_IRQHandler
 .text.EXTI15_10_IRQHandler
                0x0000000008000f34       0x60 ./Core/Src/main.o
                0x0000000008000f34                EXTI15_10_IRQHandler
 .text.SysTick_Handler
                0x0000000008000f94       0x1c ./Core/Src/main.o
                0x0000000008000f94                SysTick_Handler
 .text.SysClockInit
                0x0000000008000fb0       0x48 ./Core/Src/main.o
                0x0000000008000fb0                SysClockInit
 .text.GPIOConfig
                0x0000000008000ff8       0x6c ./Core/Src/main.o
                0x0000000008000ff8                GPIOConfig
 .text.I2C1Config
                0x0000000008001064       0x2c ./Core/Src/main.o
                0x0000000008001064                I2C1Config
 .text.ClearSnekMap
                0x0000000008001090       0x20 ./Core/Src/snekmap.o
                0x0000000008001090                ClearSnekMap
 .text.SystemInit
                0x00000000080010b0       0x24 ./Core/Src/system_stm32f4xx.o
                0x00000000080010b0                SystemInit
 .text.Reset_Handler
                0x00000000080010d4       0x50 ./Core/Startup/startup_stm32f401retx.o
                0x00000000080010d4                Reset_Handler
 .text.Default_Handler
                0x0000000008001124        0x2 ./Core/Startup/startup_stm32f401retx.o
                0x0000000008001124                RTC_Alarm_IRQHandler
                0x0000000008001124                DebugMon_Handler
                0x0000000008001124                SPI4_IRQHandler
                0x0000000008001124                TIM1_CC_IRQHandler
                0x0000000008001124                DMA2_Stream5_IRQHandler
                0x0000000008001124                HardFault_Handler
                0x0000000008001124                DMA1_Stream5_IRQHandler
                0x0000000008001124                PVD_IRQHandler
                0x0000000008001124                SDIO_IRQHandler
                0x0000000008001124                TAMP_STAMP_IRQHandler
                0x0000000008001124                PendSV_Handler
                0x0000000008001124                NMI_Handler
                0x0000000008001124                EXTI3_IRQHandler
                0x0000000008001124                TIM1_UP_TIM10_IRQHandler
                0x0000000008001124                I2C3_ER_IRQHandler
                0x0000000008001124                EXTI0_IRQHandler
                0x0000000008001124                I2C2_EV_IRQHandler
                0x0000000008001124                DMA1_Stream2_IRQHandler
                0x0000000008001124                FPU_IRQHandler
                0x0000000008001124                UsageFault_Handler
                0x0000000008001124                DMA2_Stream2_IRQHandler
                0x0000000008001124                SPI1_IRQHandler
                0x0000000008001124                TIM1_BRK_TIM9_IRQHandler
                0x0000000008001124                DMA2_Stream3_IRQHandler
                0x0000000008001124                USART6_IRQHandler
                0x0000000008001124                DMA2_Stream0_IRQHandler
                0x0000000008001124                TIM4_IRQHandler
                0x0000000008001124                I2C1_EV_IRQHandler
                0x0000000008001124                DMA1_Stream6_IRQHandler
                0x0000000008001124                DMA1_Stream1_IRQHandler
                0x0000000008001124                TIM3_IRQHandler
                0x0000000008001124                RCC_IRQHandler
                0x0000000008001124                Default_Handler
                0x0000000008001124                ADC_IRQHandler
                0x0000000008001124                DMA1_Stream7_IRQHandler
                0x0000000008001124                TIM5_IRQHandler
                0x0000000008001124                DMA2_Stream7_IRQHandler
                0x0000000008001124                I2C3_EV_IRQHandler
                0x0000000008001124                EXTI9_5_IRQHandler
                0x0000000008001124                RTC_WKUP_IRQHandler
                0x0000000008001124                SPI2_IRQHandler
                0x0000000008001124                MemManage_Handler
                0x0000000008001124                DMA1_Stream0_IRQHandler
                0x0000000008001124                SVC_Handler
                0x0000000008001124                EXTI4_IRQHandler
                0x0000000008001124                WWDG_IRQHandler
                0x0000000008001124                TIM2_IRQHandler
                0x0000000008001124                OTG_FS_WKUP_IRQHandler
                0x0000000008001124                TIM1_TRG_COM_TIM11_IRQHandler
                0x0000000008001124                USART2_IRQHandler
                0x0000000008001124                I2C2_ER_IRQHandler
                0x0000000008001124                DMA2_Stream1_IRQHandler
                0x0000000008001124                FLASH_IRQHandler
                0x0000000008001124                DMA2_Stream4_IRQHandler
                0x0000000008001124                BusFault_Handler
                0x0000000008001124                USART1_IRQHandler
                0x0000000008001124                OTG_FS_IRQHandler
                0x0000000008001124                SPI3_IRQHandler
                0x0000000008001124                DMA1_Stream4_IRQHandler
                0x0000000008001124                I2C1_ER_IRQHandler
                0x0000000008001124                DMA2_Stream6_IRQHandler
                0x0000000008001124                DMA1_Stream3_IRQHandler
 *fill*         0x0000000008001126        0x2 
 .text.GPIO_ClockEnable
                0x0000000008001128       0xb4 ./Core/mydrivers/Src/stm32f401xe_GPIO.o
 .text.GPIO_InitPin
                0x00000000080011dc      0x31c ./Core/mydrivers/Src/stm32f401xe_GPIO.o
                0x00000000080011dc                GPIO_InitPin
 .text.GPIO_ClearPendingEXTIFlag
                0x00000000080014f8       0x30 ./Core/mydrivers/Src/stm32f401xe_GPIO.o
                0x00000000080014f8                GPIO_ClearPendingEXTIFlag
 .text.I2C_ClockEnable
                0x0000000008001528       0x64 ./Core/mydrivers/Src/stm32f401xe_I2C.o
 .text.I2C_InitGPIOPins
                0x000000000800158c      0x100 ./Core/mydrivers/Src/stm32f401xe_I2C.o
 .text.I2C_Init
                0x000000000800168c      0x1c0 ./Core/mydrivers/Src/stm32f401xe_I2C.o
                0x000000000800168c                I2C_Init
 .text.I2C_Transmit
                0x000000000800184c       0xfa ./Core/mydrivers/Src/stm32f401xe_I2C.o
                0x000000000800184c                I2C_Transmit
 *fill*         0x0000000008001946        0x2 
 .text.RCC_InitClock
                0x0000000008001948      0x264 ./Core/mydrivers/Src/stm32f401xe_RCC.o
                0x0000000008001948                RCC_InitClock
 .text.__libc_init_array
                0x0000000008001bac       0x48 c:/st/stm32cubeide_1.4.0/stm32cubeide/plugins/com.st.stm32cube.ide.mcu.externaltools.gnu-tools-for-stm32.9-2020-q2-update.win32_2.0.0.202105311346/tools/bin/../lib/gcc/arm-none-eabi/9.3.1/../../../../arm-none-eabi/lib/thumb/v7e-m+fp/hard\libc_nano.a(lib_a-init.o)
                0x0000000008001bac                __libc_init_array
 .text.memset   0x0000000008001bf4       0x10 c:/st/stm32cubeide_1.4.0/stm32cubeide/plugins/com.st.stm32cube.ide.mcu.externaltools.gnu-tools-for-stm32.9-2020-q2-update.win32_2.0.0.202105311346/tools/bin/../lib/gcc/arm-none-eabi/9.3.1/../../../../arm-none-eabi/lib/thumb/v7e-m+fp/hard\libc_nano.a(lib_a-memset.o)
                0x0000000008001bf4                memset
 *(.glue_7)
 .glue_7        0x0000000008001c04        0x0 linker stubs
 *(.glue_7t)
 .glue_7t       0x0000000008001c04        0x0 linker stubs
 *(.eh_frame)
 .eh_frame      0x0000000008001c04        0x0 c:/st/stm32cubeide_1.4.0/stm32cubeide/plugins/com.st.stm32cube.ide.mcu.externaltools.gnu-tools-for-stm32.9-2020-q2-update.win32_2.0.0.202105311346/tools/bin/../lib/gcc/arm-none-eabi/9.3.1/thumb/v7e-m+fp/hard/crtbegin.o
 *(.init)
 .init          0x0000000008001c04        0x4 c:/st/stm32cubeide_1.4.0/stm32cubeide/plugins/com.st.stm32cube.ide.mcu.externaltools.gnu-tools-for-stm32.9-2020-q2-update.win32_2.0.0.202105311346/tools/bin/../lib/gcc/arm-none-eabi/9.3.1/thumb/v7e-m+fp/hard/crti.o
                0x0000000008001c04                _init
 .init          0x0000000008001c08        0x8 c:/st/stm32cubeide_1.4.0/stm32cubeide/plugins/com.st.stm32cube.ide.mcu.externaltools.gnu-tools-for-stm32.9-2020-q2-update.win32_2.0.0.202105311346/tools/bin/../lib/gcc/arm-none-eabi/9.3.1/thumb/v7e-m+fp/hard/crtn.o
 *(.fini)
 .fini          0x0000000008001c10        0x4 c:/st/stm32cubeide_1.4.0/stm32cubeide/plugins/com.st.stm32cube.ide.mcu.externaltools.gnu-tools-for-stm32.9-2020-q2-update.win32_2.0.0.202105311346/tools/bin/../lib/gcc/arm-none-eabi/9.3.1/thumb/v7e-m+fp/hard/crti.o
                0x0000000008001c10                _fini
 .fini          0x0000000008001c14        0x8 c:/st/stm32cubeide_1.4.0/stm32cubeide/plugins/com.st.stm32cube.ide.mcu.externaltools.gnu-tools-for-stm32.9-2020-q2-update.win32_2.0.0.202105311346/tools/bin/../lib/gcc/arm-none-eabi/9.3.1/thumb/v7e-m+fp/hard/crtn.o
                0x0000000008001c1c                . = ALIGN (0x4)
                0x0000000008001c1c                _etext = .

.vfp11_veneer   0x0000000008001c1c        0x0
 .vfp11_veneer  0x0000000008001c1c        0x0 linker stubs

.v4_bx          0x0000000008001c1c        0x0
 .v4_bx         0x0000000008001c1c        0x0 linker stubs

.iplt           0x0000000008001c1c        0x0
 .iplt          0x0000000008001c1c        0x0 c:/st/stm32cubeide_1.4.0/stm32cubeide/plugins/com.st.stm32cube.ide.mcu.externaltools.gnu-tools-for-stm32.9-2020-q2-update.win32_2.0.0.202105311346/tools/bin/../lib/gcc/arm-none-eabi/9.3.1/thumb/v7e-m+fp/hard/crtbegin.o

.rodata         0x0000000008001c1c      0x218
                0x0000000008001c1c                . = ALIGN (0x4)
 *(.rodata)
 .rodata        0x0000000008001c1c       0x37 ./Core/Src/Snek.o
 *(.rodata*)
 *fill*         0x0000000008001c53        0x1 
 .rodata.font_8x5
                0x0000000008001c54      0x1dd ./Core/Src/main.o
                0x0000000008001c54                font_8x5
                0x0000000008001e34                . = ALIGN (0x4)
 *fill*         0x0000000008001e31        0x3 

.rel.dyn        0x0000000008001e34        0x0
 .rel.iplt      0x0000000008001e34        0x0 c:/st/stm32cubeide_1.4.0/stm32cubeide/plugins/com.st.stm32cube.ide.mcu.externaltools.gnu-tools-for-stm32.9-2020-q2-update.win32_2.0.0.202105311346/tools/bin/../lib/gcc/arm-none-eabi/9.3.1/thumb/v7e-m+fp/hard/crtbegin.o

.ARM.extab      0x0000000008001e34        0x0
                0x0000000008001e34                . = ALIGN (0x4)
 *(.ARM.extab* .gnu.linkonce.armextab.*)
                0x0000000008001e34                . = ALIGN (0x4)

.ARM            0x0000000008001e34        0x0
                0x0000000008001e34                . = ALIGN (0x4)
                0x0000000008001e34                __exidx_start = .
 *(.ARM.exidx*)
                0x0000000008001e34                __exidx_end = .
                0x0000000008001e34                . = ALIGN (0x4)

.preinit_array  0x0000000008001e34        0x0
                0x0000000008001e34                . = ALIGN (0x4)
                0x0000000008001e34                PROVIDE (__preinit_array_start = .)
 *(.preinit_array*)
                0x0000000008001e34                PROVIDE (__preinit_array_end = .)
                0x0000000008001e34                . = ALIGN (0x4)

.init_array     0x0000000008001e34        0x4
                0x0000000008001e34                . = ALIGN (0x4)
                0x0000000008001e34                PROVIDE (__init_array_start = .)
 *(SORT_BY_NAME(.init_array.*))
 *(.init_array*)
 .init_array    0x0000000008001e34        0x4 c:/st/stm32cubeide_1.4.0/stm32cubeide/plugins/com.st.stm32cube.ide.mcu.externaltools.gnu-tools-for-stm32.9-2020-q2-update.win32_2.0.0.202105311346/tools/bin/../lib/gcc/arm-none-eabi/9.3.1/thumb/v7e-m+fp/hard/crtbegin.o
                0x0000000008001e38                PROVIDE (__init_array_end = .)
                0x0000000008001e38                . = ALIGN (0x4)

.fini_array     0x0000000008001e38        0x4
                0x0000000008001e38                . = ALIGN (0x4)
                [!provide]                        PROVIDE (__fini_array_start = .)
 *(SORT_BY_NAME(.fini_array.*))
 *(.fini_array*)
 .fini_array    0x0000000008001e38        0x4 c:/st/stm32cubeide_1.4.0/stm32cubeide/plugins/com.st.stm32cube.ide.mcu.externaltools.gnu-tools-for-stm32.9-2020-q2-update.win32_2.0.0.202105311346/tools/bin/../lib/gcc/arm-none-eabi/9.3.1/thumb/v7e-m+fp/hard/crtbegin.o
                [!provide]                        PROVIDE (__fini_array_end = .)
                0x0000000008001e3c                . = ALIGN (0x4)
                0x0000000008001e3c                _sidata = LOADADDR (.data)

.data           0x0000000020000000        0x4 load address 0x0000000008001e3c
                0x0000000020000000                . = ALIGN (0x4)
                0x0000000020000000                _sdata = .
 *(.data)
 *(.data*)
 .data.size     0x0000000020000000        0x1 ./Core/Src/GFX_BW.o
                0x0000000020000000                size
 *(.RamFunc)
 *(.RamFunc*)
                0x0000000020000004                . = ALIGN (0x4)
 *fill*         0x0000000020000001        0x3 
                0x0000000020000004                _edata = .

.igot.plt       0x0000000020000004        0x0 load address 0x0000000008001e40
 .igot.plt      0x0000000020000004        0x0 c:/st/stm32cubeide_1.4.0/stm32cubeide/plugins/com.st.stm32cube.ide.mcu.externaltools.gnu-tools-for-stm32.9-2020-q2-update.win32_2.0.0.202105311346/tools/bin/../lib/gcc/arm-none-eabi/9.3.1/thumb/v7e-m+fp/hard/crtbegin.o
                0x0000000020000004                . = ALIGN (0x4)

.bss            0x0000000020000004      0x670 load address 0x0000000008001e40
                0x0000000020000004                _sbss = .
                0x0000000020000004                __bss_start__ = _sbss
 *(.bss)
 .bss           0x0000000020000004       0x1c c:/st/stm32cubeide_1.4.0/stm32cubeide/plugins/com.st.stm32cube.ide.mcu.externaltools.gnu-tools-for-stm32.9-2020-q2-update.win32_2.0.0.202105311346/tools/bin/../lib/gcc/arm-none-eabi/9.3.1/thumb/v7e-m+fp/hard/crtbegin.o
 *(.bss*)
 .bss.buffer    0x0000000020000020      0x400 ./Core/Src/SSD1306_OLED.o
 *(COMMON)
 COMMON         0x0000000020000420        0x4 ./Core/Src/GFX_BW.o
                0x0000000020000420                font
 COMMON         0x0000000020000424        0x4 ./Core/Src/SSD1306_OLED.o
                0x0000000020000424                oled_i2c
 COMMON         0x0000000020000428      0x246 ./Core/Src/Snek.o
                0x0000000020000428                g_snek_game
 *fill*         0x000000002000066e        0x2 
 COMMON         0x0000000020000670        0x4 ./Core/Src/main.o
                0x0000000020000670                TickS
                0x0000000020000674                . = ALIGN (0x4)
                0x0000000020000674                _ebss = .
                0x0000000020000674                __bss_end__ = _ebss

._user_heap_stack
                0x0000000020000674      0x604 load address 0x0000000008001e40
                0x0000000020000678                . = ALIGN (0x8)
 *fill*         0x0000000020000674        0x4 
                [!provide]                        PROVIDE (end = .)
                0x0000000020000678                PROVIDE (_end = .)
                0x0000000020000878                . = (. + _Min_Heap_Size)
 *fill*         0x0000000020000678      0x200 
                0x0000000020000c78                . = (. + _Min_Stack_Size)
 *fill*         0x0000000020000878      0x400 
                0x0000000020000c78                . = ALIGN (0x8)

/DISCARD/
 libc.a(*)
 libm.a(*)
 libgcc.a(*)

.ARM.attributes
                0x0000000000000000       0x30
 *(.ARM.attributes)
 .ARM.attributes
                0x0000000000000000       0x1e c:/st/stm32cubeide_1.4.0/stm32cubeide/plugins/com.st.stm32cube.ide.mcu.externaltools.gnu-tools-for-stm32.9-2020-q2-update.win32_2.0.0.202105311346/tools/bin/../lib/gcc/arm-none-eabi/9.3.1/thumb/v7e-m+fp/hard/crti.o
 .ARM.attributes
                0x000000000000001e       0x34 c:/st/stm32cubeide_1.4.0/stm32cubeide/plugins/com.st.stm32cube.ide.mcu.externaltools.gnu-tools-for-stm32.9-2020-q2-update.win32_2.0.0.202105311346/tools/bin/../lib/gcc/arm-none-eabi/9.3.1/thumb/v7e-m+fp/hard/crtbegin.o
 .ARM.attributes
                0x0000000000000052       0x34 ./Core/Src/GFX_BW.o
 .ARM.attributes
                0x0000000000000086       0x34 ./Core/Src/SSD1306_OLED.o
 .ARM.attributes
                0x00000000000000ba       0x34 ./Core/Src/Snek.o
 .ARM.attributes
                0x00000000000000ee       0x34 ./Core/Src/main.o
 .ARM.attributes
                0x0000000000000122       0x34 ./Core/Src/snekmap.o
 .ARM.attributes
                0x0000000000000156       0x34 ./Core/Src/system_stm32f4xx.o
 .ARM.attributes
                0x000000000000018a       0x21 ./Core/Startup/startup_stm32f401retx.o
 .ARM.attributes
                0x00000000000001ab       0x34 ./Core/mydrivers/Src/stm32f401xe_GPIO.o
 .ARM.attributes
                0x00000000000001df       0x34 ./Core/mydrivers/Src/stm32f401xe_I2C.o
 .ARM.attributes
                0x0000000000000213       0x34 ./Core/mydrivers/Src/stm32f401xe_RCC.o
 .ARM.attributes
                0x0000000000000247       0x34 c:/st/stm32cubeide_1.4.0/stm32cubeide/plugins/com.st.stm32cube.ide.mcu.externaltools.gnu-tools-for-stm32.9-2020-q2-update.win32_2.0.0.202105311346/tools/bin/../lib/gcc/arm-none-eabi/9.3.1/../../../../arm-none-eabi/lib/thumb/v7e-m+fp/hard\libc_nano.a(lib_a-init.o)
 .ARM.attributes
                0x000000000000027b       0x34 c:/st/stm32cubeide_1.4.0/stm32cubeide/plugins/com.st.stm32cube.ide.mcu.externaltools.gnu-tools-for-stm32.9-2020-q2-update.win32_2.0.0.202105311346/tools/bin/../lib/gcc/arm-none-eabi/9.3.1/../../../../arm-none-eabi/lib/thumb/v7e-m+fp/hard\libc_nano.a(lib_a-memset.o)
 .ARM.attributes
                0x00000000000002af       0x17 c:/st/stm32cubeide_1.4.0/stm32cubeide/plugins/com.st.stm32cube.ide.mcu.externaltools.gnu-tools-for-stm32.9-2020-q2-update.win32_2.0.0.202105311346/tools/bin/../lib/gcc/arm-none-eabi/9.3.1/../../../../arm-none-eabi/lib/thumb/v7e-m+fp/hard\libc_nano.a(lib_a-strlen.o)
 .ARM.attributes
                0x00000000000002c6       0x1e c:/st/stm32cubeide_1.4.0/stm32cubeide/plugins/com.st.stm32cube.ide.mcu.externaltools.gnu-tools-for-stm32.9-2020-q2-update.win32_2.0.0.202105311346/tools/bin/../lib/gcc/arm-none-eabi/9.3.1/thumb/v7e-m+fp/hard/crtn.o
OUTPUT(cmsis-testing-drivers.elf elf32-littlearm)
LOAD linker stubs
LOAD c:/st/stm32cubeide_1.4.0/stm32cubeide/plugins/com.st.stm32cube.ide.mcu.externaltools.gnu-tools-for-stm32.9-2020-q2-update.win32_2.0.0.202105311346/tools/bin/../lib/gcc/arm-none-eabi/9.3.1/../../../../arm-none-eabi/lib/thumb/v7e-m+fp/hard\libc.a
LOAD c:/st/stm32cubeide_1.4.0/stm32cubeide/plugins/com.st.stm32cube.ide.mcu.externaltools.gnu-tools-for-stm32.9-2020-q2-update.win32_2.0.0.202105311346/tools/bin/../lib/gcc/arm-none-eabi/9.3.1/../../../../arm-none-eabi/lib/thumb/v7e-m+fp/hard\libm.a
LOAD c:/st/stm32cubeide_1.4.0/stm32cubeide/plugins/com.st.stm32cube.ide.mcu.externaltools.gnu-tools-for-stm32.9-2020-q2-update.win32_2.0.0.202105311346/tools/bin/../lib/gcc/arm-none-eabi/9.3.1/thumb/v7e-m+fp/hard\libgcc.a

.debug_info     0x0000000000000000     0x658d
 .debug_info    0x0000000000000000     0x1574 ./Core/Src/GFX_BW.o
 .debug_info    0x0000000000001574      0xc48 ./Core/Src/SSD1306_OLED.o
 .debug_info    0x00000000000021bc      0xc1f ./Core/Src/Snek.o
 .debug_info    0x0000000000002ddb     0x141c ./Core/Src/main.o
 .debug_info    0x00000000000041f7      0xac0 ./Core/Src/snekmap.o
 .debug_info    0x0000000000004cb7      0x56e ./Core/Src/system_stm32f4xx.o
 .debug_info    0x0000000000005225       0x22 ./Core/Startup/startup_stm32f401retx.o
 .debug_info    0x0000000000005247      0x770 ./Core/mydrivers/Src/stm32f401xe_GPIO.o
 .debug_info    0x00000000000059b7      0x6da ./Core/mydrivers/Src/stm32f401xe_I2C.o
 .debug_info    0x0000000000006091      0x4fc ./Core/mydrivers/Src/stm32f401xe_RCC.o

.debug_abbrev   0x0000000000000000     0x118a
 .debug_abbrev  0x0000000000000000      0x2b7 ./Core/Src/GFX_BW.o
 .debug_abbrev  0x00000000000002b7      0x248 ./Core/Src/SSD1306_OLED.o
 .debug_abbrev  0x00000000000004ff      0x270 ./Core/Src/Snek.o
 .debug_abbrev  0x000000000000076f      0x2b6 ./Core/Src/main.o
 .debug_abbrev  0x0000000000000a25      0x1b4 ./Core/Src/snekmap.o
 .debug_abbrev  0x0000000000000bd9      0x126 ./Core/Src/system_stm32f4xx.o
 .debug_abbrev  0x0000000000000cff       0x12 ./Core/Startup/startup_stm32f401retx.o
 .debug_abbrev  0x0000000000000d11      0x1b1 ./Core/mydrivers/Src/stm32f401xe_GPIO.o
 .debug_abbrev  0x0000000000000ec2      0x18c ./Core/mydrivers/Src/stm32f401xe_I2C.o
 .debug_abbrev  0x000000000000104e      0x13c ./Core/mydrivers/Src/stm32f401xe_RCC.o

.debug_aranges  0x0000000000000000      0x2d0
 .debug_aranges
                0x0000000000000000       0xc8 ./Core/Src/GFX_BW.o
 .debug_aranges
                0x00000000000000c8       0x50 ./Core/Src/SSD1306_OLED.o
 .debug_aranges
                0x0000000000000118       0x48 ./Core/Src/Snek.o
 .debug_aranges
                0x0000000000000160       0x68 ./Core/Src/main.o
 .debug_aranges
                0x00000000000001c8       0x20 ./Core/Src/snekmap.o
 .debug_aranges
                0x00000000000001e8       0x28 ./Core/Src/system_stm32f4xx.o
 .debug_aranges
                0x0000000000000210       0x28 ./Core/Startup/startup_stm32f401retx.o
 .debug_aranges
                0x0000000000000238       0x40 ./Core/mydrivers/Src/stm32f401xe_GPIO.o
 .debug_aranges
                0x0000000000000278       0x38 ./Core/mydrivers/Src/stm32f401xe_I2C.o
 .debug_aranges
                0x00000000000002b0       0x20 ./Core/mydrivers/Src/stm32f401xe_RCC.o

.debug_ranges   0x0000000000000000      0x238
 .debug_ranges  0x0000000000000000       0xb8 ./Core/Src/GFX_BW.o
 .debug_ranges  0x00000000000000b8       0x40 ./Core/Src/SSD1306_OLED.o
 .debug_ranges  0x00000000000000f8       0x38 ./Core/Src/Snek.o
 .debug_ranges  0x0000000000000130       0x58 ./Core/Src/main.o
 .debug_ranges  0x0000000000000188       0x10 ./Core/Src/snekmap.o
 .debug_ranges  0x0000000000000198       0x18 ./Core/Src/system_stm32f4xx.o
 .debug_ranges  0x00000000000001b0       0x20 ./Core/Startup/startup_stm32f401retx.o
 .debug_ranges  0x00000000000001d0       0x30 ./Core/mydrivers/Src/stm32f401xe_GPIO.o
 .debug_ranges  0x0000000000000200       0x28 ./Core/mydrivers/Src/stm32f401xe_I2C.o
 .debug_ranges  0x0000000000000228       0x10 ./Core/mydrivers/Src/stm32f401xe_RCC.o

.debug_line     0x0000000000000000     0x34fa
 .debug_line    0x0000000000000000      0xa5d ./Core/Src/GFX_BW.o
 .debug_line    0x0000000000000a5d      0x479 ./Core/Src/SSD1306_OLED.o
 .debug_line    0x0000000000000ed6      0x4ef ./Core/Src/Snek.o
 .debug_line    0x00000000000013c5      0x57e ./Core/Src/main.o
 .debug_line    0x0000000000001943      0x2e8 ./Core/Src/snekmap.o
 .debug_line    0x0000000000001c2b      0x2ea ./Core/Src/system_stm32f4xx.o
 .debug_line    0x0000000000001f15       0x88 ./Core/Startup/startup_stm32f401retx.o
 .debug_line    0x0000000000001f9d      0x7ac ./Core/mydrivers/Src/stm32f401xe_GPIO.o
 .debug_line    0x0000000000002749      0x79e ./Core/mydrivers/Src/stm32f401xe_I2C.o
 .debug_line    0x0000000000002ee7      0x613 ./Core/mydrivers/Src/stm32f401xe_RCC.o

.debug_str      0x0000000000000000    0x50fc4
 .debug_str     0x0000000000000000      0x77e ./Core/Src/GFX_BW.o
                                        0x885 (size before relaxing)
 .debug_str     0x000000000000077e       0xf1 ./Core/Src/SSD1306_OLED.o
                                        0x73c (size before relaxing)
 .debug_str     0x000000000000086f      0x1f5 ./Core/Src/Snek.o
                                        0x816 (size before relaxing)
 .debug_str     0x0000000000000a64      0x68a ./Core/Src/main.o
                                        0xd35 (size before relaxing)
 .debug_str     0x00000000000010ee       0x1f ./Core/Src/snekmap.o
                                        0x71d (size before relaxing)
 .debug_str     0x000000000000110d      0x132 ./Core/Src/system_stm32f4xx.o
                                        0x394 (size before relaxing)
 .debug_str     0x000000000000123f       0x36 ./Core/Startup/startup_stm32f401retx.o
                                         0x65 (size before relaxing)
 .debug_str     0x0000000000001275    0x4f959 ./Core/mydrivers/Src/stm32f401xe_GPIO.o
                                      0x4fd4c (size before relaxing)
 .debug_str     0x0000000000050bce      0x391 ./Core/mydrivers/Src/stm32f401xe_I2C.o
                                      0x5003e (size before relaxing)
 .debug_str     0x0000000000050f5f       0x65 ./Core/mydrivers/Src/stm32f401xe_RCC.o
                                      0x4f876 (size before relaxing)

.comment        0x0000000000000000       0x53
 .comment       0x0000000000000000       0x53 ./Core/Src/GFX_BW.o
                                         0x54 (size before relaxing)
 .comment       0x0000000000000053       0x54 ./Core/Src/SSD1306_OLED.o
 .comment       0x0000000000000053       0x54 ./Core/Src/Snek.o
 .comment       0x0000000000000053       0x54 ./Core/Src/main.o
 .comment       0x0000000000000053       0x54 ./Core/Src/snekmap.o
 .comment       0x0000000000000053       0x54 ./Core/Src/system_stm32f4xx.o
 .comment       0x0000000000000053       0x54 ./Core/mydrivers/Src/stm32f401xe_GPIO.o
 .comment       0x0000000000000053       0x54 ./Core/mydrivers/Src/stm32f401xe_I2C.o
 .comment       0x0000000000000053       0x54 ./Core/mydrivers/Src/stm32f401xe_RCC.o

.debug_frame    0x0000000000000000      0x91c
 .debug_frame   0x0000000000000000      0x33c ./Core/Src/GFX_BW.o
 .debug_frame   0x000000000000033c      0x100 ./Core/Src/SSD1306_OLED.o
 .debug_frame   0x000000000000043c       0xdc ./Core/Src/Snek.o
 .debug_frame   0x0000000000000518      0x174 ./Core/Src/main.o
 .debug_frame   0x000000000000068c       0x34 ./Core/Src/snekmap.o
 .debug_frame   0x00000000000006c0       0x58 ./Core/Src/system_stm32f4xx.o
 .debug_frame   0x0000000000000718       0xd8 ./Core/mydrivers/Src/stm32f401xe_GPIO.o
 .debug_frame   0x00000000000007f0       0xa8 ./Core/mydrivers/Src/stm32f401xe_I2C.o
 .debug_frame   0x0000000000000898       0x38 ./Core/mydrivers/Src/stm32f401xe_RCC.o
 .debug_frame   0x00000000000008d0       0x2c c:/st/stm32cubeide_1.4.0/stm32cubeide/plugins/com.st.stm32cube.ide.mcu.externaltools.gnu-tools-for-stm32.9-2020-q2-update.win32_2.0.0.202105311346/tools/bin/../lib/gcc/arm-none-eabi/9.3.1/../../../../arm-none-eabi/lib/thumb/v7e-m+fp/hard\libc_nano.a(lib_a-init.o)
 .debug_frame   0x00000000000008fc       0x20 c:/st/stm32cubeide_1.4.0/stm32cubeide/plugins/com.st.stm32cube.ide.mcu.externaltools.gnu-tools-for-stm32.9-2020-q2-update.win32_2.0.0.202105311346/tools/bin/../lib/gcc/arm-none-eabi/9.3.1/../../../../arm-none-eabi/lib/thumb/v7e-m+fp/hard\libc_nano.a(lib_a-memset.o)

.debug_macro    0x0000000000000000     0xe295
 .debug_macro   0x0000000000000000       0xd7 ./Core/mydrivers/Src/stm32f401xe_GPIO.o
 .debug_macro   0x00000000000000d7      0xaa8 ./Core/mydrivers/Src/stm32f401xe_GPIO.o
 .debug_macro   0x0000000000000b7f       0x28 ./Core/mydrivers/Src/stm32f401xe_GPIO.o
 .debug_macro   0x0000000000000ba7       0x22 ./Core/mydrivers/Src/stm32f401xe_GPIO.o
 .debug_macro   0x0000000000000bc9       0x8e ./Core/mydrivers/Src/stm32f401xe_GPIO.o
 .debug_macro   0x0000000000000c57       0x51 ./Core/mydrivers/Src/stm32f401xe_GPIO.o
 .debug_macro   0x0000000000000ca8      0x103 ./Core/mydrivers/Src/stm32f401xe_GPIO.o
 .debug_macro   0x0000000000000dab       0x6a ./Core/mydrivers/Src/stm32f401xe_GPIO.o
 .debug_macro   0x0000000000000e15      0x1df ./Core/mydrivers/Src/stm32f401xe_GPIO.o
 .debug_macro   0x0000000000000ff4       0x1c ./Core/mydrivers/Src/stm32f401xe_GPIO.o
 .debug_macro   0x0000000000001010       0x22 ./Core/mydrivers/Src/stm32f401xe_GPIO.o
 .debug_macro   0x0000000000001032       0xdf ./Core/mydrivers/Src/stm32f401xe_GPIO.o
 .debug_macro   0x0000000000001111     0x102d ./Core/mydrivers/Src/stm32f401xe_GPIO.o
 .debug_macro   0x000000000000213e      0x11f ./Core/mydrivers/Src/stm32f401xe_GPIO.o
 .debug_macro   0x000000000000225d     0xb86c ./Core/mydrivers/Src/stm32f401xe_GPIO.o
 .debug_macro   0x000000000000dac9      0x136 ./Core/mydrivers/Src/stm32f401xe_GPIO.o
 .debug_macro   0x000000000000dbff      0x198 ./Core/mydrivers/Src/stm32f401xe_GPIO.o
 .debug_macro   0x000000000000dd97       0xe0 ./Core/mydrivers/Src/stm32f401xe_I2C.o
 .debug_macro   0x000000000000de77       0x82 ./Core/mydrivers/Src/stm32f401xe_I2C.o
 .debug_macro   0x000000000000def9      0x13c ./Core/mydrivers/Src/stm32f401xe_I2C.o
 .debug_macro   0x000000000000e035       0xce ./Core/mydrivers/Src/stm32f401xe_RCC.o
 .debug_macro   0x000000000000e103      0x192 ./Core/mydrivers/Src/stm32f401xe_RCC.o
