Archive member included to satisfy reference by file (symbol)

c:/st/stm32cubeide_1.4.0/stm32cubeide/plugins/com.st.stm32cube.ide.mcu.externaltools.gnu-tools-for-stm32.9-2020-q2-update.win32_2.0.0.202105311346/tools/bin/../lib/gcc/arm-none-eabi/9.3.1/../../../../arm-none-eabi/lib/thumb/v7e-m+fp/hard\libc_nano.a(lib_a-errno.o)
                              ./Core/Src/syscalls.o (__errno)
c:/st/stm32cubeide_1.4.0/stm32cubeide/plugins/com.st.stm32cube.ide.mcu.externaltools.gnu-tools-for-stm32.9-2020-q2-update.win32_2.0.0.202105311346/tools/bin/../lib/gcc/arm-none-eabi/9.3.1/../../../../arm-none-eabi/lib/thumb/v7e-m+fp/hard\libc_nano.a(lib_a-exit.o)
                              c:/st/stm32cubeide_1.4.0/stm32cubeide/plugins/com.st.stm32cube.ide.mcu.externaltools.gnu-tools-for-stm32.9-2020-q2-update.win32_2.0.0.202105311346/tools/bin/../lib/gcc/arm-none-eabi/9.3.1/../../../../arm-none-eabi/lib/thumb/v7e-m+fp/hard/crt0.o (exit)
c:/st/stm32cubeide_1.4.0/stm32cubeide/plugins/com.st.stm32cube.ide.mcu.externaltools.gnu-tools-for-stm32.9-2020-q2-update.win32_2.0.0.202105311346/tools/bin/../lib/gcc/arm-none-eabi/9.3.1/../../../../arm-none-eabi/lib/thumb/v7e-m+fp/hard\libc_nano.a(lib_a-impure.o)
                              c:/st/stm32cubeide_1.4.0/stm32cubeide/plugins/com.st.stm32cube.ide.mcu.externaltools.gnu-tools-for-stm32.9-2020-q2-update.win32_2.0.0.202105311346/tools/bin/../lib/gcc/arm-none-eabi/9.3.1/../../../../arm-none-eabi/lib/thumb/v7e-m+fp/hard\libc_nano.a(lib_a-exit.o) (_global_impure_ptr)
c:/st/stm32cubeide_1.4.0/stm32cubeide/plugins/com.st.stm32cube.ide.mcu.externaltools.gnu-tools-for-stm32.9-2020-q2-update.win32_2.0.0.202105311346/tools/bin/../lib/gcc/arm-none-eabi/9.3.1/../../../../arm-none-eabi/lib/thumb/v7e-m+fp/hard\libc_nano.a(lib_a-init.o)
                              c:/st/stm32cubeide_1.4.0/stm32cubeide/plugins/com.st.stm32cube.ide.mcu.externaltools.gnu-tools-for-stm32.9-2020-q2-update.win32_2.0.0.202105311346/tools/bin/../lib/gcc/arm-none-eabi/9.3.1/../../../../arm-none-eabi/lib/thumb/v7e-m+fp/hard/crt0.o (__libc_init_array)
c:/st/stm32cubeide_1.4.0/stm32cubeide/plugins/com.st.stm32cube.ide.mcu.externaltools.gnu-tools-for-stm32.9-2020-q2-update.win32_2.0.0.202105311346/tools/bin/../lib/gcc/arm-none-eabi/9.3.1/../../../../arm-none-eabi/lib/thumb/v7e-m+fp/hard\libc_nano.a(lib_a-memset.o)
                              c:/st/stm32cubeide_1.4.0/stm32cubeide/plugins/com.st.stm32cube.ide.mcu.externaltools.gnu-tools-for-stm32.9-2020-q2-update.win32_2.0.0.202105311346/tools/bin/../lib/gcc/arm-none-eabi/9.3.1/../../../../arm-none-eabi/lib/thumb/v7e-m+fp/hard/crt0.o (memset)
c:/st/stm32cubeide_1.4.0/stm32cubeide/plugins/com.st.stm32cube.ide.mcu.externaltools.gnu-tools-for-stm32.9-2020-q2-update.win32_2.0.0.202105311346/tools/bin/../lib/gcc/arm-none-eabi/9.3.1/../../../../arm-none-eabi/lib/thumb/v7e-m+fp/hard\libc_nano.a(lib_a-strlen.o)
                              ./Core/Src/Snek.o (strlen)

Allocating common symbols
Common symbol       size              file

SNEK                0x4               ./Core/Src/Snek.o
font                0x4               ./Core/Src/GFX_BW.o
TickS               0x4               ./Core/Src/main.o
oled_i2c            0x4               ./Core/Src/SSD1306_OLED.o

Discarded input sections

 .text          0x0000000000000000        0x0 c:/st/stm32cubeide_1.4.0/stm32cubeide/plugins/com.st.stm32cube.ide.mcu.externaltools.gnu-tools-for-stm32.9-2020-q2-update.win32_2.0.0.202105311346/tools/bin/../lib/gcc/arm-none-eabi/9.3.1/thumb/v7e-m+fp/hard/crti.o
 .data          0x0000000000000000        0x0 c:/st/stm32cubeide_1.4.0/stm32cubeide/plugins/com.st.stm32cube.ide.mcu.externaltools.gnu-tools-for-stm32.9-2020-q2-update.win32_2.0.0.202105311346/tools/bin/../lib/gcc/arm-none-eabi/9.3.1/thumb/v7e-m+fp/hard/crti.o
 .bss           0x0000000000000000        0x0 c:/st/stm32cubeide_1.4.0/stm32cubeide/plugins/com.st.stm32cube.ide.mcu.externaltools.gnu-tools-for-stm32.9-2020-q2-update.win32_2.0.0.202105311346/tools/bin/../lib/gcc/arm-none-eabi/9.3.1/thumb/v7e-m+fp/hard/crti.o
 .data          0x0000000000000000        0x4 c:/st/stm32cubeide_1.4.0/stm32cubeide/plugins/com.st.stm32cube.ide.mcu.externaltools.gnu-tools-for-stm32.9-2020-q2-update.win32_2.0.0.202105311346/tools/bin/../lib/gcc/arm-none-eabi/9.3.1/thumb/v7e-m+fp/hard/crtbegin.o
 .text          0x0000000000000000       0x7c c:/st/stm32cubeide_1.4.0/stm32cubeide/plugins/com.st.stm32cube.ide.mcu.externaltools.gnu-tools-for-stm32.9-2020-q2-update.win32_2.0.0.202105311346/tools/bin/../lib/gcc/arm-none-eabi/9.3.1/../../../../arm-none-eabi/lib/thumb/v7e-m+fp/hard/crt0.o
 .data          0x0000000000000000        0x0 c:/st/stm32cubeide_1.4.0/stm32cubeide/plugins/com.st.stm32cube.ide.mcu.externaltools.gnu-tools-for-stm32.9-2020-q2-update.win32_2.0.0.202105311346/tools/bin/../lib/gcc/arm-none-eabi/9.3.1/../../../../arm-none-eabi/lib/thumb/v7e-m+fp/hard/crt0.o
 .bss           0x0000000000000000        0x0 c:/st/stm32cubeide_1.4.0/stm32cubeide/plugins/com.st.stm32cube.ide.mcu.externaltools.gnu-tools-for-stm32.9-2020-q2-update.win32_2.0.0.202105311346/tools/bin/../lib/gcc/arm-none-eabi/9.3.1/../../../../arm-none-eabi/lib/thumb/v7e-m+fp/hard/crt0.o
 .ARM.extab     0x0000000000000000        0x0 c:/st/stm32cubeide_1.4.0/stm32cubeide/plugins/com.st.stm32cube.ide.mcu.externaltools.gnu-tools-for-stm32.9-2020-q2-update.win32_2.0.0.202105311346/tools/bin/../lib/gcc/arm-none-eabi/9.3.1/../../../../arm-none-eabi/lib/thumb/v7e-m+fp/hard/crt0.o
 .ARM.exidx     0x0000000000000000       0x10 c:/st/stm32cubeide_1.4.0/stm32cubeide/plugins/com.st.stm32cube.ide.mcu.externaltools.gnu-tools-for-stm32.9-2020-q2-update.win32_2.0.0.202105311346/tools/bin/../lib/gcc/arm-none-eabi/9.3.1/../../../../arm-none-eabi/lib/thumb/v7e-m+fp/hard/crt0.o
 .ARM.attributes
                0x0000000000000000       0x1c c:/st/stm32cubeide_1.4.0/stm32cubeide/plugins/com.st.stm32cube.ide.mcu.externaltools.gnu-tools-for-stm32.9-2020-q2-update.win32_2.0.0.202105311346/tools/bin/../lib/gcc/arm-none-eabi/9.3.1/../../../../arm-none-eabi/lib/thumb/v7e-m+fp/hard/crt0.o
 .text          0x0000000000000000        0x0 ./Core/Src/GFX_BW.o
 .data          0x0000000000000000        0x0 ./Core/Src/GFX_BW.o
 .bss           0x0000000000000000        0x0 ./Core/Src/GFX_BW.o
 .text.GFX_SetFontSize
                0x0000000000000000       0x28 ./Core/Src/GFX_BW.o
 .text.GFX_GetFontHeight
                0x0000000000000000       0x18 ./Core/Src/GFX_BW.o
 .text.GFX_GetFontWidth
                0x0000000000000000       0x1c ./Core/Src/GFX_BW.o
 .text.GFX_GetFontSize
                0x0000000000000000       0x18 ./Core/Src/GFX_BW.o
 .text.GFX_DrawLine
                0x0000000000000000       0x8c ./Core/Src/GFX_BW.o
 .text.GFX_DrawCircle
                0x0000000000000000      0x1f8 ./Core/Src/GFX_BW.o
 .text.GFX_DrawCircleHelper
                0x0000000000000000      0x1d0 ./Core/Src/GFX_BW.o
 .text.GFX_DrawFillCircleHelper
                0x0000000000000000      0x142 ./Core/Src/GFX_BW.o
 .text.GFX_DrawFillCircle
                0x0000000000000000       0x46 ./Core/Src/GFX_BW.o
 .text.GFX_DrawRoundRectangle
                0x0000000000000000       0xfa ./Core/Src/GFX_BW.o
 .text.GFX_DrawFillRoundRectangle
                0x0000000000000000       0xa6 ./Core/Src/GFX_BW.o
 .text.GFX_DrawTriangle
                0x0000000000000000       0x4c ./Core/Src/GFX_BW.o
 .text.GFX_DrawFillTriangle
                0x0000000000000000      0x2c2 ./Core/Src/GFX_BW.o
 .text.GFX_Image
                0x0000000000000000       0xa2 ./Core/Src/GFX_BW.o
 .text          0x0000000000000000        0x0 ./Core/Src/SSD1306_OLED.o
 .data          0x0000000000000000        0x0 ./Core/Src/SSD1306_OLED.o
 .bss           0x0000000000000000        0x0 ./Core/Src/SSD1306_OLED.o
 .text.SSD1306_testrun
                0x0000000000000000       0x18 ./Core/Src/SSD1306_OLED.o
 .text          0x0000000000000000        0x0 ./Core/Src/Snek.o
 .data          0x0000000000000000        0x0 ./Core/Src/Snek.o
 .bss           0x0000000000000000        0x0 ./Core/Src/Snek.o
 .text          0x0000000000000000        0x0 ./Core/Src/main.o
 .data          0x0000000000000000        0x0 ./Core/Src/main.o
 .bss           0x0000000000000000        0x0 ./Core/Src/main.o
 .text          0x0000000000000000        0x0 ./Core/Src/syscalls.o
 .data          0x0000000000000000        0x0 ./Core/Src/syscalls.o
 .bss           0x0000000000000000        0x0 ./Core/Src/syscalls.o
 .bss.__env     0x0000000000000000        0x4 ./Core/Src/syscalls.o
 .data.environ  0x0000000000000000        0x4 ./Core/Src/syscalls.o
 .text.initialise_monitor_handles
                0x0000000000000000        0xe ./Core/Src/syscalls.o
 .text._getpid  0x0000000000000000       0x10 ./Core/Src/syscalls.o
 .text._kill    0x0000000000000000       0x20 ./Core/Src/syscalls.o
 .text._exit    0x0000000000000000       0x14 ./Core/Src/syscalls.o
 .text._read    0x0000000000000000       0x3a ./Core/Src/syscalls.o
 .text._write   0x0000000000000000       0x38 ./Core/Src/syscalls.o
 .text._close   0x0000000000000000       0x18 ./Core/Src/syscalls.o
 .text._fstat   0x0000000000000000       0x20 ./Core/Src/syscalls.o
 .text._isatty  0x0000000000000000       0x16 ./Core/Src/syscalls.o
 .text._lseek   0x0000000000000000       0x1a ./Core/Src/syscalls.o
 .text._open    0x0000000000000000       0x1c ./Core/Src/syscalls.o
 .text._wait    0x0000000000000000       0x1e ./Core/Src/syscalls.o
 .text._unlink  0x0000000000000000       0x1e ./Core/Src/syscalls.o
 .text._times   0x0000000000000000       0x18 ./Core/Src/syscalls.o
 .text._stat    0x0000000000000000       0x20 ./Core/Src/syscalls.o
 .text._link    0x0000000000000000       0x20 ./Core/Src/syscalls.o
 .text._fork    0x0000000000000000       0x16 ./Core/Src/syscalls.o
 .text._execve  0x0000000000000000       0x22 ./Core/Src/syscalls.o
 .debug_info    0x0000000000000000      0xfa4 ./Core/Src/syscalls.o
 .debug_abbrev  0x0000000000000000      0x283 ./Core/Src/syscalls.o
 .debug_aranges
                0x0000000000000000       0xa8 ./Core/Src/syscalls.o
 .debug_ranges  0x0000000000000000       0x98 ./Core/Src/syscalls.o
 .debug_line    0x0000000000000000      0x5d3 ./Core/Src/syscalls.o
 .debug_str     0x0000000000000000      0x80c ./Core/Src/syscalls.o
 .comment       0x0000000000000000       0x54 ./Core/Src/syscalls.o
 .debug_frame   0x0000000000000000      0x2ac ./Core/Src/syscalls.o
 .ARM.attributes
                0x0000000000000000       0x34 ./Core/Src/syscalls.o
 .text          0x0000000000000000        0x0 ./Core/Src/sysmem.o
 .data          0x0000000000000000        0x0 ./Core/Src/sysmem.o
 .bss           0x0000000000000000        0x0 ./Core/Src/sysmem.o
 .bss.__sbrk_heap_end
                0x0000000000000000        0x4 ./Core/Src/sysmem.o
 .text._sbrk    0x0000000000000000       0x6c ./Core/Src/sysmem.o
 .debug_info    0x0000000000000000      0xa21 ./Core/Src/sysmem.o
 .debug_abbrev  0x0000000000000000      0x1bc ./Core/Src/sysmem.o
 .debug_aranges
                0x0000000000000000       0x20 ./Core/Src/sysmem.o
 .debug_ranges  0x0000000000000000       0x10 ./Core/Src/sysmem.o
 .debug_line    0x0000000000000000      0x2f4 ./Core/Src/sysmem.o
 .debug_str     0x0000000000000000      0x647 ./Core/Src/sysmem.o
 .comment       0x0000000000000000       0x54 ./Core/Src/sysmem.o
 .debug_frame   0x0000000000000000       0x34 ./Core/Src/sysmem.o
 .ARM.attributes
                0x0000000000000000       0x34 ./Core/Src/sysmem.o
 .text          0x0000000000000000        0x0 ./Core/Src/system_stm32f4xx.o
 .data          0x0000000000000000        0x0 ./Core/Src/system_stm32f4xx.o
 .bss           0x0000000000000000        0x0 ./Core/Src/system_stm32f4xx.o
 .data.SystemCoreClock
                0x0000000000000000        0x4 ./Core/Src/system_stm32f4xx.o
 .rodata.AHBPrescTable
                0x0000000000000000       0x10 ./Core/Src/system_stm32f4xx.o
 .rodata.APBPrescTable
                0x0000000000000000        0x8 ./Core/Src/system_stm32f4xx.o
 .text.SystemCoreClockUpdate
                0x0000000000000000      0x100 ./Core/Src/system_stm32f4xx.o
 .text          0x0000000000000000       0x14 ./Core/Startup/startup_stm32f401retx.o
 .data          0x0000000000000000        0x0 ./Core/Startup/startup_stm32f401retx.o
 .bss           0x0000000000000000        0x0 ./Core/Startup/startup_stm32f401retx.o
 .group         0x0000000000000000        0xc ./Core/mydrivers/Src/stm32f401xe_GPIO.o
 .group         0x0000000000000000        0xc ./Core/mydrivers/Src/stm32f401xe_GPIO.o
 .group         0x0000000000000000        0xc ./Core/mydrivers/Src/stm32f401xe_GPIO.o
 .group         0x0000000000000000        0xc ./Core/mydrivers/Src/stm32f401xe_GPIO.o
 .group         0x0000000000000000        0xc ./Core/mydrivers/Src/stm32f401xe_GPIO.o
 .group         0x0000000000000000        0xc ./Core/mydrivers/Src/stm32f401xe_GPIO.o
 .group         0x0000000000000000        0xc ./Core/mydrivers/Src/stm32f401xe_GPIO.o
 .group         0x0000000000000000        0xc ./Core/mydrivers/Src/stm32f401xe_GPIO.o
 .group         0x0000000000000000        0xc ./Core/mydrivers/Src/stm32f401xe_GPIO.o
 .group         0x0000000000000000        0xc ./Core/mydrivers/Src/stm32f401xe_GPIO.o
 .group         0x0000000000000000        0xc ./Core/mydrivers/Src/stm32f401xe_GPIO.o
 .group         0x0000000000000000        0xc ./Core/mydrivers/Src/stm32f401xe_GPIO.o
 .group         0x0000000000000000        0xc ./Core/mydrivers/Src/stm32f401xe_GPIO.o
 .group         0x0000000000000000        0xc ./Core/mydrivers/Src/stm32f401xe_GPIO.o
 .group         0x0000000000000000        0xc ./Core/mydrivers/Src/stm32f401xe_GPIO.o
 .group         0x0000000000000000        0xc ./Core/mydrivers/Src/stm32f401xe_GPIO.o
 .text          0x0000000000000000        0x0 ./Core/mydrivers/Src/stm32f401xe_GPIO.o
 .data          0x0000000000000000        0x0 ./Core/mydrivers/Src/stm32f401xe_GPIO.o
 .bss           0x0000000000000000        0x0 ./Core/mydrivers/Src/stm32f401xe_GPIO.o
 .text.GPIO_WritePin
                0x0000000000000000       0x42 ./Core/mydrivers/Src/stm32f401xe_GPIO.o
 .text.GPIO_TogglePin
                0x0000000000000000       0x2a ./Core/mydrivers/Src/stm32f401xe_GPIO.o
 .group         0x0000000000000000        0xc ./Core/mydrivers/Src/stm32f401xe_I2C.o
 .group         0x0000000000000000        0xc ./Core/mydrivers/Src/stm32f401xe_I2C.o
 .group         0x0000000000000000        0xc ./Core/mydrivers/Src/stm32f401xe_I2C.o
 .group         0x0000000000000000        0xc ./Core/mydrivers/Src/stm32f401xe_I2C.o
 .group         0x0000000000000000        0xc ./Core/mydrivers/Src/stm32f401xe_I2C.o
 .group         0x0000000000000000        0xc ./Core/mydrivers/Src/stm32f401xe_I2C.o
 .group         0x0000000000000000        0xc ./Core/mydrivers/Src/stm32f401xe_I2C.o
 .group         0x0000000000000000        0xc ./Core/mydrivers/Src/stm32f401xe_I2C.o
 .group         0x0000000000000000        0xc ./Core/mydrivers/Src/stm32f401xe_I2C.o
 .group         0x0000000000000000        0xc ./Core/mydrivers/Src/stm32f401xe_I2C.o
 .group         0x0000000000000000        0xc ./Core/mydrivers/Src/stm32f401xe_I2C.o
 .group         0x0000000000000000        0xc ./Core/mydrivers/Src/stm32f401xe_I2C.o
 .group         0x0000000000000000        0xc ./Core/mydrivers/Src/stm32f401xe_I2C.o
 .group         0x0000000000000000        0xc ./Core/mydrivers/Src/stm32f401xe_I2C.o
 .group         0x0000000000000000        0xc ./Core/mydrivers/Src/stm32f401xe_I2C.o
 .group         0x0000000000000000        0xc ./Core/mydrivers/Src/stm32f401xe_I2C.o
 .group         0x0000000000000000        0xc ./Core/mydrivers/Src/stm32f401xe_I2C.o
 .text          0x0000000000000000        0x0 ./Core/mydrivers/Src/stm32f401xe_I2C.o
 .data          0x0000000000000000        0x0 ./Core/mydrivers/Src/stm32f401xe_I2C.o
 .bss           0x0000000000000000        0x0 ./Core/mydrivers/Src/stm32f401xe_I2C.o
 .debug_macro   0x0000000000000000      0xaa8 ./Core/mydrivers/Src/stm32f401xe_I2C.o
 .debug_macro   0x0000000000000000       0x28 ./Core/mydrivers/Src/stm32f401xe_I2C.o
 .debug_macro   0x0000000000000000       0x22 ./Core/mydrivers/Src/stm32f401xe_I2C.o
 .debug_macro   0x0000000000000000       0x8e ./Core/mydrivers/Src/stm32f401xe_I2C.o
 .debug_macro   0x0000000000000000       0x51 ./Core/mydrivers/Src/stm32f401xe_I2C.o
 .debug_macro   0x0000000000000000      0x103 ./Core/mydrivers/Src/stm32f401xe_I2C.o
 .debug_macro   0x0000000000000000       0x6a ./Core/mydrivers/Src/stm32f401xe_I2C.o
 .debug_macro   0x0000000000000000      0x1df ./Core/mydrivers/Src/stm32f401xe_I2C.o
 .debug_macro   0x0000000000000000       0x1c ./Core/mydrivers/Src/stm32f401xe_I2C.o
 .debug_macro   0x0000000000000000       0x22 ./Core/mydrivers/Src/stm32f401xe_I2C.o
 .debug_macro   0x0000000000000000       0xdf ./Core/mydrivers/Src/stm32f401xe_I2C.o
 .debug_macro   0x0000000000000000     0x102d ./Core/mydrivers/Src/stm32f401xe_I2C.o
 .debug_macro   0x0000000000000000      0x11f ./Core/mydrivers/Src/stm32f401xe_I2C.o
 .debug_macro   0x0000000000000000     0xb86c ./Core/mydrivers/Src/stm32f401xe_I2C.o
 .debug_macro   0x0000000000000000      0x198 ./Core/mydrivers/Src/stm32f401xe_I2C.o
 .group         0x0000000000000000        0xc ./Core/mydrivers/Src/stm32f401xe_RCC.o
 .group         0x0000000000000000        0xc ./Core/mydrivers/Src/stm32f401xe_RCC.o
 .group         0x0000000000000000        0xc ./Core/mydrivers/Src/stm32f401xe_RCC.o
 .group         0x0000000000000000        0xc ./Core/mydrivers/Src/stm32f401xe_RCC.o
 .group         0x0000000000000000        0xc ./Core/mydrivers/Src/stm32f401xe_RCC.o
 .group         0x0000000000000000        0xc ./Core/mydrivers/Src/stm32f401xe_RCC.o
 .group         0x0000000000000000        0xc ./Core/mydrivers/Src/stm32f401xe_RCC.o
 .group         0x0000000000000000        0xc ./Core/mydrivers/Src/stm32f401xe_RCC.o
 .group         0x0000000000000000        0xc ./Core/mydrivers/Src/stm32f401xe_RCC.o
 .group         0x0000000000000000        0xc ./Core/mydrivers/Src/stm32f401xe_RCC.o
 .group         0x0000000000000000        0xc ./Core/mydrivers/Src/stm32f401xe_RCC.o
 .group         0x0000000000000000        0xc ./Core/mydrivers/Src/stm32f401xe_RCC.o
 .group         0x0000000000000000        0xc ./Core/mydrivers/Src/stm32f401xe_RCC.o
 .group         0x0000000000000000        0xc ./Core/mydrivers/Src/stm32f401xe_RCC.o
 .group         0x0000000000000000        0xc ./Core/mydrivers/Src/stm32f401xe_RCC.o
 .text          0x0000000000000000        0x0 ./Core/mydrivers/Src/stm32f401xe_RCC.o
 .data          0x0000000000000000        0x0 ./Core/mydrivers/Src/stm32f401xe_RCC.o
 .bss           0x0000000000000000        0x0 ./Core/mydrivers/Src/stm32f401xe_RCC.o
 .debug_macro   0x0000000000000000      0xaa8 ./Core/mydrivers/Src/stm32f401xe_RCC.o
 .debug_macro   0x0000000000000000       0x28 ./Core/mydrivers/Src/stm32f401xe_RCC.o
 .debug_macro   0x0000000000000000       0x22 ./Core/mydrivers/Src/stm32f401xe_RCC.o
 .debug_macro   0x0000000000000000       0x8e ./Core/mydrivers/Src/stm32f401xe_RCC.o
 .debug_macro   0x0000000000000000       0x51 ./Core/mydrivers/Src/stm32f401xe_RCC.o
 .debug_macro   0x0000000000000000      0x103 ./Core/mydrivers/Src/stm32f401xe_RCC.o
 .debug_macro   0x0000000000000000       0x6a ./Core/mydrivers/Src/stm32f401xe_RCC.o
 .debug_macro   0x0000000000000000      0x1df ./Core/mydrivers/Src/stm32f401xe_RCC.o
 .debug_macro   0x0000000000000000       0x1c ./Core/mydrivers/Src/stm32f401xe_RCC.o
 .debug_macro   0x0000000000000000       0x22 ./Core/mydrivers/Src/stm32f401xe_RCC.o
 .debug_macro   0x0000000000000000       0xdf ./Core/mydrivers/Src/stm32f401xe_RCC.o
 .debug_macro   0x0000000000000000     0x102d ./Core/mydrivers/Src/stm32f401xe_RCC.o
 .debug_macro   0x0000000000000000      0x11f ./Core/mydrivers/Src/stm32f401xe_RCC.o
 .debug_macro   0x0000000000000000     0xb86c ./Core/mydrivers/Src/stm32f401xe_RCC.o
 .text          0x0000000000000000        0x0 c:/st/stm32cubeide_1.4.0/stm32cubeide/plugins/com.st.stm32cube.ide.mcu.externaltools.gnu-tools-for-stm32.9-2020-q2-update.win32_2.0.0.202105311346/tools/bin/../lib/gcc/arm-none-eabi/9.3.1/../../../../arm-none-eabi/lib/thumb/v7e-m+fp/hard\libc_nano.a(lib_a-errno.o)
 .data          0x0000000000000000        0x0 c:/st/stm32cubeide_1.4.0/stm32cubeide/plugins/com.st.stm32cube.ide.mcu.externaltools.gnu-tools-for-stm32.9-2020-q2-update.win32_2.0.0.202105311346/tools/bin/../lib/gcc/arm-none-eabi/9.3.1/../../../../arm-none-eabi/lib/thumb/v7e-m+fp/hard\libc_nano.a(lib_a-errno.o)
 .bss           0x0000000000000000        0x0 c:/st/stm32cubeide_1.4.0/stm32cubeide/plugins/com.st.stm32cube.ide.mcu.externaltools.gnu-tools-for-stm32.9-2020-q2-update.win32_2.0.0.202105311346/tools/bin/../lib/gcc/arm-none-eabi/9.3.1/../../../../arm-none-eabi/lib/thumb/v7e-m+fp/hard\libc_nano.a(lib_a-errno.o)
 .text.__errno  0x0000000000000000        0xc c:/st/stm32cubeide_1.4.0/stm32cubeide/plugins/com.st.stm32cube.ide.mcu.externaltools.gnu-tools-for-stm32.9-2020-q2-update.win32_2.0.0.202105311346/tools/bin/../lib/gcc/arm-none-eabi/9.3.1/../../../../arm-none-eabi/lib/thumb/v7e-m+fp/hard\libc_nano.a(lib_a-errno.o)
 .debug_frame   0x0000000000000000       0x20 c:/st/stm32cubeide_1.4.0/stm32cubeide/plugins/com.st.stm32cube.ide.mcu.externaltools.gnu-tools-for-stm32.9-2020-q2-update.win32_2.0.0.202105311346/tools/bin/../lib/gcc/arm-none-eabi/9.3.1/../../../../arm-none-eabi/lib/thumb/v7e-m+fp/hard\libc_nano.a(lib_a-errno.o)
 .ARM.attributes
                0x0000000000000000       0x34 c:/st/stm32cubeide_1.4.0/stm32cubeide/plugins/com.st.stm32cube.ide.mcu.externaltools.gnu-tools-for-stm32.9-2020-q2-update.win32_2.0.0.202105311346/tools/bin/../lib/gcc/arm-none-eabi/9.3.1/../../../../arm-none-eabi/lib/thumb/v7e-m+fp/hard\libc_nano.a(lib_a-errno.o)
 .text          0x0000000000000000        0x0 c:/st/stm32cubeide_1.4.0/stm32cubeide/plugins/com.st.stm32cube.ide.mcu.externaltools.gnu-tools-for-stm32.9-2020-q2-update.win32_2.0.0.202105311346/tools/bin/../lib/gcc/arm-none-eabi/9.3.1/../../../../arm-none-eabi/lib/thumb/v7e-m+fp/hard\libc_nano.a(lib_a-exit.o)
 .data          0x0000000000000000        0x0 c:/st/stm32cubeide_1.4.0/stm32cubeide/plugins/com.st.stm32cube.ide.mcu.externaltools.gnu-tools-for-stm32.9-2020-q2-update.win32_2.0.0.202105311346/tools/bin/../lib/gcc/arm-none-eabi/9.3.1/../../../../arm-none-eabi/lib/thumb/v7e-m+fp/hard\libc_nano.a(lib_a-exit.o)
 .bss           0x0000000000000000        0x0 c:/st/stm32cubeide_1.4.0/stm32cubeide/plugins/com.st.stm32cube.ide.mcu.externaltools.gnu-tools-for-stm32.9-2020-q2-update.win32_2.0.0.202105311346/tools/bin/../lib/gcc/arm-none-eabi/9.3.1/../../../../arm-none-eabi/lib/thumb/v7e-m+fp/hard\libc_nano.a(lib_a-exit.o)
 .text.exit     0x0000000000000000       0x28 c:/st/stm32cubeide_1.4.0/stm32cubeide/plugins/com.st.stm32cube.ide.mcu.externaltools.gnu-tools-for-stm32.9-2020-q2-update.win32_2.0.0.202105311346/tools/bin/../lib/gcc/arm-none-eabi/9.3.1/../../../../arm-none-eabi/lib/thumb/v7e-m+fp/hard\libc_nano.a(lib_a-exit.o)
 .debug_frame   0x0000000000000000       0x28 c:/st/stm32cubeide_1.4.0/stm32cubeide/plugins/com.st.stm32cube.ide.mcu.externaltools.gnu-tools-for-stm32.9-2020-q2-update.win32_2.0.0.202105311346/tools/bin/../lib/gcc/arm-none-eabi/9.3.1/../../../../arm-none-eabi/lib/thumb/v7e-m+fp/hard\libc_nano.a(lib_a-exit.o)
 .ARM.attributes
                0x0000000000000000       0x34 c:/st/stm32cubeide_1.4.0/stm32cubeide/plugins/com.st.stm32cube.ide.mcu.externaltools.gnu-tools-for-stm32.9-2020-q2-update.win32_2.0.0.202105311346/tools/bin/../lib/gcc/arm-none-eabi/9.3.1/../../../../arm-none-eabi/lib/thumb/v7e-m+fp/hard\libc_nano.a(lib_a-exit.o)
 .text          0x0000000000000000        0x0 c:/st/stm32cubeide_1.4.0/stm32cubeide/plugins/com.st.stm32cube.ide.mcu.externaltools.gnu-tools-for-stm32.9-2020-q2-update.win32_2.0.0.202105311346/tools/bin/../lib/gcc/arm-none-eabi/9.3.1/../../../../arm-none-eabi/lib/thumb/v7e-m+fp/hard\libc_nano.a(lib_a-impure.o)
 .data          0x0000000000000000        0x0 c:/st/stm32cubeide_1.4.0/stm32cubeide/plugins/com.st.stm32cube.ide.mcu.externaltools.gnu-tools-for-stm32.9-2020-q2-update.win32_2.0.0.202105311346/tools/bin/../lib/gcc/arm-none-eabi/9.3.1/../../../../arm-none-eabi/lib/thumb/v7e-m+fp/hard\libc_nano.a(lib_a-impure.o)
 .bss           0x0000000000000000        0x0 c:/st/stm32cubeide_1.4.0/stm32cubeide/plugins/com.st.stm32cube.ide.mcu.externaltools.gnu-tools-for-stm32.9-2020-q2-update.win32_2.0.0.202105311346/tools/bin/../lib/gcc/arm-none-eabi/9.3.1/../../../../arm-none-eabi/lib/thumb/v7e-m+fp/hard\libc_nano.a(lib_a-impure.o)
 .data._impure_ptr
                0x0000000000000000        0x4 c:/st/stm32cubeide_1.4.0/stm32cubeide/plugins/com.st.stm32cube.ide.mcu.externaltools.gnu-tools-for-stm32.9-2020-q2-update.win32_2.0.0.202105311346/tools/bin/../lib/gcc/arm-none-eabi/9.3.1/../../../../arm-none-eabi/lib/thumb/v7e-m+fp/hard\libc_nano.a(lib_a-impure.o)
 .data.impure_data
                0x0000000000000000       0x60 c:/st/stm32cubeide_1.4.0/stm32cubeide/plugins/com.st.stm32cube.ide.mcu.externaltools.gnu-tools-for-stm32.9-2020-q2-update.win32_2.0.0.202105311346/tools/bin/../lib/gcc/arm-none-eabi/9.3.1/../../../../arm-none-eabi/lib/thumb/v7e-m+fp/hard\libc_nano.a(lib_a-impure.o)
 .rodata._global_impure_ptr
                0x0000000000000000        0x4 c:/st/stm32cubeide_1.4.0/stm32cubeide/plugins/com.st.stm32cube.ide.mcu.externaltools.gnu-tools-for-stm32.9-2020-q2-update.win32_2.0.0.202105311346/tools/bin/../lib/gcc/arm-none-eabi/9.3.1/../../../../arm-none-eabi/lib/thumb/v7e-m+fp/hard\libc_nano.a(lib_a-impure.o)
 .ARM.attributes
                0x0000000000000000       0x32 c:/st/stm32cubeide_1.4.0/stm32cubeide/plugins/com.st.stm32cube.ide.mcu.externaltools.gnu-tools-for-stm32.9-2020-q2-update.win32_2.0.0.202105311346/tools/bin/../lib/gcc/arm-none-eabi/9.3.1/../../../../arm-none-eabi/lib/thumb/v7e-m+fp/hard\libc_nano.a(lib_a-impure.o)
 .text          0x0000000000000000        0x0 c:/st/stm32cubeide_1.4.0/stm32cubeide/plugins/com.st.stm32cube.ide.mcu.externaltools.gnu-tools-for-stm32.9-2020-q2-update.win32_2.0.0.202105311346/tools/bin/../lib/gcc/arm-none-eabi/9.3.1/../../../../arm-none-eabi/lib/thumb/v7e-m+fp/hard\libc_nano.a(lib_a-init.o)
 .data          0x0000000000000000        0x0 c:/st/stm32cubeide_1.4.0/stm32cubeide/plugins/com.st.stm32cube.ide.mcu.externaltools.gnu-tools-for-stm32.9-2020-q2-update.win32_2.0.0.202105311346/tools/bin/../lib/gcc/arm-none-eabi/9.3.1/../../../../arm-none-eabi/lib/thumb/v7e-m+fp/hard\libc_nano.a(lib_a-init.o)
 .bss           0x0000000000000000        0x0 c:/st/stm32cubeide_1.4.0/stm32cubeide/plugins/com.st.stm32cube.ide.mcu.externaltools.gnu-tools-for-stm32.9-2020-q2-update.win32_2.0.0.202105311346/tools/bin/../lib/gcc/arm-none-eabi/9.3.1/../../../../arm-none-eabi/lib/thumb/v7e-m+fp/hard\libc_nano.a(lib_a-init.o)
 .text          0x0000000000000000        0x0 c:/st/stm32cubeide_1.4.0/stm32cubeide/plugins/com.st.stm32cube.ide.mcu.externaltools.gnu-tools-for-stm32.9-2020-q2-update.win32_2.0.0.202105311346/tools/bin/../lib/gcc/arm-none-eabi/9.3.1/../../../../arm-none-eabi/lib/thumb/v7e-m+fp/hard\libc_nano.a(lib_a-memset.o)
 .data          0x0000000000000000        0x0 c:/st/stm32cubeide_1.4.0/stm32cubeide/plugins/com.st.stm32cube.ide.mcu.externaltools.gnu-tools-for-stm32.9-2020-q2-update.win32_2.0.0.202105311346/tools/bin/../lib/gcc/arm-none-eabi/9.3.1/../../../../arm-none-eabi/lib/thumb/v7e-m+fp/hard\libc_nano.a(lib_a-memset.o)
 .bss           0x0000000000000000        0x0 c:/st/stm32cubeide_1.4.0/stm32cubeide/plugins/com.st.stm32cube.ide.mcu.externaltools.gnu-tools-for-stm32.9-2020-q2-update.win32_2.0.0.202105311346/tools/bin/../lib/gcc/arm-none-eabi/9.3.1/../../../../arm-none-eabi/lib/thumb/v7e-m+fp/hard\libc_nano.a(lib_a-memset.o)
 .data          0x0000000000000000        0x0 c:/st/stm32cubeide_1.4.0/stm32cubeide/plugins/com.st.stm32cube.ide.mcu.externaltools.gnu-tools-for-stm32.9-2020-q2-update.win32_2.0.0.202105311346/tools/bin/../lib/gcc/arm-none-eabi/9.3.1/../../../../arm-none-eabi/lib/thumb/v7e-m+fp/hard\libc_nano.a(lib_a-strlen.o)
 .bss           0x0000000000000000        0x0 c:/st/stm32cubeide_1.4.0/stm32cubeide/plugins/com.st.stm32cube.ide.mcu.externaltools.gnu-tools-for-stm32.9-2020-q2-update.win32_2.0.0.202105311346/tools/bin/../lib/gcc/arm-none-eabi/9.3.1/../../../../arm-none-eabi/lib/thumb/v7e-m+fp/hard\libc_nano.a(lib_a-strlen.o)
 .text          0x0000000000000000        0x0 c:/st/stm32cubeide_1.4.0/stm32cubeide/plugins/com.st.stm32cube.ide.mcu.externaltools.gnu-tools-for-stm32.9-2020-q2-update.win32_2.0.0.202105311346/tools/bin/../lib/gcc/arm-none-eabi/9.3.1/thumb/v7e-m+fp/hard/crtend.o
 .data          0x0000000000000000        0x0 c:/st/stm32cubeide_1.4.0/stm32cubeide/plugins/com.st.stm32cube.ide.mcu.externaltools.gnu-tools-for-stm32.9-2020-q2-update.win32_2.0.0.202105311346/tools/bin/../lib/gcc/arm-none-eabi/9.3.1/thumb/v7e-m+fp/hard/crtend.o
 .bss           0x0000000000000000        0x0 c:/st/stm32cubeide_1.4.0/stm32cubeide/plugins/com.st.stm32cube.ide.mcu.externaltools.gnu-tools-for-stm32.9-2020-q2-update.win32_2.0.0.202105311346/tools/bin/../lib/gcc/arm-none-eabi/9.3.1/thumb/v7e-m+fp/hard/crtend.o
 .eh_frame      0x0000000000000000        0x4 c:/st/stm32cubeide_1.4.0/stm32cubeide/plugins/com.st.stm32cube.ide.mcu.externaltools.gnu-tools-for-stm32.9-2020-q2-update.win32_2.0.0.202105311346/tools/bin/../lib/gcc/arm-none-eabi/9.3.1/thumb/v7e-m+fp/hard/crtend.o
 .ARM.attributes
                0x0000000000000000       0x32 c:/st/stm32cubeide_1.4.0/stm32cubeide/plugins/com.st.stm32cube.ide.mcu.externaltools.gnu-tools-for-stm32.9-2020-q2-update.win32_2.0.0.202105311346/tools/bin/../lib/gcc/arm-none-eabi/9.3.1/thumb/v7e-m+fp/hard/crtend.o
 .text          0x0000000000000000        0x0 c:/st/stm32cubeide_1.4.0/stm32cubeide/plugins/com.st.stm32cube.ide.mcu.externaltools.gnu-tools-for-stm32.9-2020-q2-update.win32_2.0.0.202105311346/tools/bin/../lib/gcc/arm-none-eabi/9.3.1/thumb/v7e-m+fp/hard/crtn.o
 .data          0x0000000000000000        0x0 c:/st/stm32cubeide_1.4.0/stm32cubeide/plugins/com.st.stm32cube.ide.mcu.externaltools.gnu-tools-for-stm32.9-2020-q2-update.win32_2.0.0.202105311346/tools/bin/../lib/gcc/arm-none-eabi/9.3.1/thumb/v7e-m+fp/hard/crtn.o
 .bss           0x0000000000000000        0x0 c:/st/stm32cubeide_1.4.0/stm32cubeide/plugins/com.st.stm32cube.ide.mcu.externaltools.gnu-tools-for-stm32.9-2020-q2-update.win32_2.0.0.202105311346/tools/bin/../lib/gcc/arm-none-eabi/9.3.1/thumb/v7e-m+fp/hard/crtn.o

Memory Configuration

Name             Origin             Length             Attributes
RAM              0x0000000020000000 0x0000000000018000 xrw
FLASH            0x0000000008000000 0x0000000000080000 xr
*default*        0x0000000000000000 0xffffffffffffffff

Linker script and memory map

LOAD c:/st/stm32cubeide_1.4.0/stm32cubeide/plugins/com.st.stm32cube.ide.mcu.externaltools.gnu-tools-for-stm32.9-2020-q2-update.win32_2.0.0.202105311346/tools/bin/../lib/gcc/arm-none-eabi/9.3.1/thumb/v7e-m+fp/hard/crti.o
LOAD c:/st/stm32cubeide_1.4.0/stm32cubeide/plugins/com.st.stm32cube.ide.mcu.externaltools.gnu-tools-for-stm32.9-2020-q2-update.win32_2.0.0.202105311346/tools/bin/../lib/gcc/arm-none-eabi/9.3.1/thumb/v7e-m+fp/hard/crtbegin.o
LOAD c:/st/stm32cubeide_1.4.0/stm32cubeide/plugins/com.st.stm32cube.ide.mcu.externaltools.gnu-tools-for-stm32.9-2020-q2-update.win32_2.0.0.202105311346/tools/bin/../lib/gcc/arm-none-eabi/9.3.1/../../../../arm-none-eabi/lib/thumb/v7e-m+fp/hard/crt0.o
LOAD ./Core/Src/GFX_BW.o
LOAD ./Core/Src/SSD1306_OLED.o
LOAD ./Core/Src/Snek.o
LOAD ./Core/Src/main.o
LOAD ./Core/Src/syscalls.o
LOAD ./Core/Src/sysmem.o
LOAD ./Core/Src/system_stm32f4xx.o
LOAD ./Core/Startup/startup_stm32f401retx.o
LOAD ./Core/mydrivers/Src/stm32f401xe_GPIO.o
LOAD ./Core/mydrivers/Src/stm32f401xe_I2C.o
LOAD ./Core/mydrivers/Src/stm32f401xe_RCC.o
START GROUP
LOAD c:/st/stm32cubeide_1.4.0/stm32cubeide/plugins/com.st.stm32cube.ide.mcu.externaltools.gnu-tools-for-stm32.9-2020-q2-update.win32_2.0.0.202105311346/tools/bin/../lib/gcc/arm-none-eabi/9.3.1/../../../../arm-none-eabi/lib/thumb/v7e-m+fp/hard\libc_nano.a
LOAD c:/st/stm32cubeide_1.4.0/stm32cubeide/plugins/com.st.stm32cube.ide.mcu.externaltools.gnu-tools-for-stm32.9-2020-q2-update.win32_2.0.0.202105311346/tools/bin/../lib/gcc/arm-none-eabi/9.3.1/../../../../arm-none-eabi/lib/thumb/v7e-m+fp/hard\libm.a
END GROUP
START GROUP
LOAD c:/st/stm32cubeide_1.4.0/stm32cubeide/plugins/com.st.stm32cube.ide.mcu.externaltools.gnu-tools-for-stm32.9-2020-q2-update.win32_2.0.0.202105311346/tools/bin/../lib/gcc/arm-none-eabi/9.3.1/thumb/v7e-m+fp/hard\libgcc.a
LOAD c:/st/stm32cubeide_1.4.0/stm32cubeide/plugins/com.st.stm32cube.ide.mcu.externaltools.gnu-tools-for-stm32.9-2020-q2-update.win32_2.0.0.202105311346/tools/bin/../lib/gcc/arm-none-eabi/9.3.1/../../../../arm-none-eabi/lib/thumb/v7e-m+fp/hard\libc_nano.a
END GROUP
START GROUP
LOAD c:/st/stm32cubeide_1.4.0/stm32cubeide/plugins/com.st.stm32cube.ide.mcu.externaltools.gnu-tools-for-stm32.9-2020-q2-update.win32_2.0.0.202105311346/tools/bin/../lib/gcc/arm-none-eabi/9.3.1/thumb/v7e-m+fp/hard\libgcc.a
LOAD c:/st/stm32cubeide_1.4.0/stm32cubeide/plugins/com.st.stm32cube.ide.mcu.externaltools.gnu-tools-for-stm32.9-2020-q2-update.win32_2.0.0.202105311346/tools/bin/../lib/gcc/arm-none-eabi/9.3.1/../../../../arm-none-eabi/lib/thumb/v7e-m+fp/hard\libc_nano.a
LOAD c:/st/stm32cubeide_1.4.0/stm32cubeide/plugins/com.st.stm32cube.ide.mcu.externaltools.gnu-tools-for-stm32.9-2020-q2-update.win32_2.0.0.202105311346/tools/bin/../lib/gcc/arm-none-eabi/9.3.1/../../../../arm-none-eabi/lib/thumb/v7e-m+fp/hard\libnosys.a
END GROUP
START GROUP
LOAD c:/st/stm32cubeide_1.4.0/stm32cubeide/plugins/com.st.stm32cube.ide.mcu.externaltools.gnu-tools-for-stm32.9-2020-q2-update.win32_2.0.0.202105311346/tools/bin/../lib/gcc/arm-none-eabi/9.3.1/thumb/v7e-m+fp/hard\libgcc.a
LOAD c:/st/stm32cubeide_1.4.0/stm32cubeide/plugins/com.st.stm32cube.ide.mcu.externaltools.gnu-tools-for-stm32.9-2020-q2-update.win32_2.0.0.202105311346/tools/bin/../lib/gcc/arm-none-eabi/9.3.1/../../../../arm-none-eabi/lib/thumb/v7e-m+fp/hard\libc_nano.a
LOAD c:/st/stm32cubeide_1.4.0/stm32cubeide/plugins/com.st.stm32cube.ide.mcu.externaltools.gnu-tools-for-stm32.9-2020-q2-update.win32_2.0.0.202105311346/tools/bin/../lib/gcc/arm-none-eabi/9.3.1/../../../../arm-none-eabi/lib/thumb/v7e-m+fp/hard\libnosys.a
END GROUP
LOAD c:/st/stm32cubeide_1.4.0/stm32cubeide/plugins/com.st.stm32cube.ide.mcu.externaltools.gnu-tools-for-stm32.9-2020-q2-update.win32_2.0.0.202105311346/tools/bin/../lib/gcc/arm-none-eabi/9.3.1/thumb/v7e-m+fp/hard/crtend.o
LOAD c:/st/stm32cubeide_1.4.0/stm32cubeide/plugins/com.st.stm32cube.ide.mcu.externaltools.gnu-tools-for-stm32.9-2020-q2-update.win32_2.0.0.202105311346/tools/bin/../lib/gcc/arm-none-eabi/9.3.1/thumb/v7e-m+fp/hard/crtn.o
                0x0000000020018000                _estack = (ORIGIN (RAM) + LENGTH (RAM))
                0x0000000000000200                _Min_Heap_Size = 0x200
                0x0000000000000400                _Min_Stack_Size = 0x400

.isr_vector     0x0000000008000000      0x194
                0x0000000008000000                . = ALIGN (0x4)
 *(.isr_vector)
 .isr_vector    0x0000000008000000      0x194 ./Core/Startup/startup_stm32f401retx.o
                0x0000000008000000                g_pfnVectors
                0x0000000008000194                . = ALIGN (0x4)

.text           0x0000000008000194     0x1824
                0x0000000008000194                . = ALIGN (0x4)
 *(.text)
 .text          0x0000000008000194       0x40 c:/st/stm32cubeide_1.4.0/stm32cubeide/plugins/com.st.stm32cube.ide.mcu.externaltools.gnu-tools-for-stm32.9-2020-q2-update.win32_2.0.0.202105311346/tools/bin/../lib/gcc/arm-none-eabi/9.3.1/thumb/v7e-m+fp/hard/crtbegin.o
 .text          0x00000000080001d4       0x10 c:/st/stm32cubeide_1.4.0/stm32cubeide/plugins/com.st.stm32cube.ide.mcu.externaltools.gnu-tools-for-stm32.9-2020-q2-update.win32_2.0.0.202105311346/tools/bin/../lib/gcc/arm-none-eabi/9.3.1/../../../../arm-none-eabi/lib/thumb/v7e-m+fp/hard\libc_nano.a(lib_a-strlen.o)
                0x00000000080001d4                strlen
 *(.text*)
 .text.GFX_SetFont
                0x00000000080001e4       0x20 ./Core/Src/GFX_BW.o
                0x00000000080001e4                GFX_SetFont
 .text.GFX_DrawChar
                0x0000000008000204      0x174 ./Core/Src/GFX_BW.o
                0x0000000008000204                GFX_DrawChar
 .text.GFX_DrawString
                0x0000000008000378       0xb8 ./Core/Src/GFX_BW.o
                0x0000000008000378                GFX_DrawString
 .text.GFX_WriteLine
                0x0000000008000430      0x11e ./Core/Src/GFX_BW.o
                0x0000000008000430                GFX_WriteLine
 .text.GFX_DrawFastVLine
                0x000000000800054e       0x2e ./Core/Src/GFX_BW.o
                0x000000000800054e                GFX_DrawFastVLine
 .text.GFX_DrawFastHLine
                0x000000000800057c       0x2c ./Core/Src/GFX_BW.o
                0x000000000800057c                GFX_DrawFastHLine
 .text.GFX_DrawRectangle
                0x00000000080005a8       0x5a ./Core/Src/GFX_BW.o
                0x00000000080005a8                GFX_DrawRectangle
 .text.GFX_DrawFillRectangle
                0x0000000008000602       0x46 ./Core/Src/GFX_BW.o
                0x0000000008000602                GFX_DrawFillRectangle
 .text.SSD1306_Command
                0x0000000008000648       0x28 ./Core/Src/SSD1306_OLED.o
                0x0000000008000648                SSD1306_Command
 .text.SSD1306_Data
                0x0000000008000670       0x2c ./Core/Src/SSD1306_OLED.o
                0x0000000008000670                SSD1306_Data
 .text.SSD1306_Clear
                0x000000000800069c       0x40 ./Core/Src/SSD1306_OLED.o
                0x000000000800069c                SSD1306_Clear
 .text.SSD1306_DrawPixel
                0x00000000080006dc      0x13c ./Core/Src/SSD1306_OLED.o
                0x00000000080006dc                SSD1306_DrawPixel
 .text.SSD1306_Display
                0x0000000008000818       0x3c ./Core/Src/SSD1306_OLED.o
                0x0000000008000818                SSD1306_Display
 .text.SSD1306_Init
                0x0000000008000854       0xb8 ./Core/Src/SSD1306_OLED.o
                0x0000000008000854                SSD1306_Init
 .text.Snek_DrawButton
                0x000000000800090c       0xa0 ./Core/Src/Snek.o
 .text.Snek_Init
                0x00000000080009ac       0x3c ./Core/Src/Snek.o
 .text.Snek_MenuMain
                0x00000000080009e8      0x184 ./Core/Src/Snek.o
 .text.Snek     0x0000000008000b6c       0x44 ./Core/Src/Snek.o
                0x0000000008000b6c                Snek
 .text.Snek_ButtonCallback
                0x0000000008000bb0       0x40 ./Core/Src/Snek.o
                0x0000000008000bb0                Snek_ButtonCallback
 .text.__NVIC_SetPriority
                0x0000000008000bf0       0x54 ./Core/Src/main.o
 .text.SysTick_Config
                0x0000000008000c44       0x44 ./Core/Src/main.o
 .text.main     0x0000000008000c88       0x44 ./Core/Src/main.o
                0x0000000008000c88                main
 .text.EXTI15_10_IRQHandler
                0x0000000008000ccc       0x90 ./Core/Src/main.o
                0x0000000008000ccc                EXTI15_10_IRQHandler
 .text.SysTick_Handler
                0x0000000008000d5c       0x1c ./Core/Src/main.o
                0x0000000008000d5c                SysTick_Handler
 .text.SysClockInit
                0x0000000008000d78       0x48 ./Core/Src/main.o
                0x0000000008000d78                SysClockInit
 .text.GPIOConfig
                0x0000000008000dc0       0x60 ./Core/Src/main.o
                0x0000000008000dc0                GPIOConfig
 .text.I2C1Config
                0x0000000008000e20       0x2c ./Core/Src/main.o
                0x0000000008000e20                I2C1Config
 .text.SystemInit
                0x0000000008000e4c       0x24 ./Core/Src/system_stm32f4xx.o
                0x0000000008000e4c                SystemInit
 .text.Reset_Handler
                0x0000000008000e70       0x50 ./Core/Startup/startup_stm32f401retx.o
                0x0000000008000e70                Reset_Handler
 .text.Default_Handler
                0x0000000008000ec0        0x2 ./Core/Startup/startup_stm32f401retx.o
                0x0000000008000ec0                RTC_Alarm_IRQHandler
                0x0000000008000ec0                EXTI2_IRQHandler
                0x0000000008000ec0                DebugMon_Handler
                0x0000000008000ec0                SPI4_IRQHandler
                0x0000000008000ec0                TIM1_CC_IRQHandler
                0x0000000008000ec0                DMA2_Stream5_IRQHandler
                0x0000000008000ec0                HardFault_Handler
                0x0000000008000ec0                DMA1_Stream5_IRQHandler
                0x0000000008000ec0                PVD_IRQHandler
                0x0000000008000ec0                SDIO_IRQHandler
                0x0000000008000ec0                TAMP_STAMP_IRQHandler
                0x0000000008000ec0                PendSV_Handler
                0x0000000008000ec0                NMI_Handler
                0x0000000008000ec0                EXTI3_IRQHandler
                0x0000000008000ec0                TIM1_UP_TIM10_IRQHandler
                0x0000000008000ec0                I2C3_ER_IRQHandler
                0x0000000008000ec0                EXTI0_IRQHandler
                0x0000000008000ec0                I2C2_EV_IRQHandler
                0x0000000008000ec0                DMA1_Stream2_IRQHandler
                0x0000000008000ec0                FPU_IRQHandler
                0x0000000008000ec0                UsageFault_Handler
                0x0000000008000ec0                DMA2_Stream2_IRQHandler
                0x0000000008000ec0                SPI1_IRQHandler
                0x0000000008000ec0                TIM1_BRK_TIM9_IRQHandler
                0x0000000008000ec0                DMA2_Stream3_IRQHandler
                0x0000000008000ec0                USART6_IRQHandler
                0x0000000008000ec0                DMA2_Stream0_IRQHandler
                0x0000000008000ec0                TIM4_IRQHandler
                0x0000000008000ec0                I2C1_EV_IRQHandler
                0x0000000008000ec0                DMA1_Stream6_IRQHandler
                0x0000000008000ec0                DMA1_Stream1_IRQHandler
                0x0000000008000ec0                TIM3_IRQHandler
                0x0000000008000ec0                RCC_IRQHandler
                0x0000000008000ec0                Default_Handler
                0x0000000008000ec0                ADC_IRQHandler
                0x0000000008000ec0                DMA1_Stream7_IRQHandler
                0x0000000008000ec0                TIM5_IRQHandler
                0x0000000008000ec0                DMA2_Stream7_IRQHandler
                0x0000000008000ec0                I2C3_EV_IRQHandler
                0x0000000008000ec0                EXTI9_5_IRQHandler
                0x0000000008000ec0                RTC_WKUP_IRQHandler
                0x0000000008000ec0                SPI2_IRQHandler
                0x0000000008000ec0                MemManage_Handler
                0x0000000008000ec0                DMA1_Stream0_IRQHandler
                0x0000000008000ec0                SVC_Handler
                0x0000000008000ec0                EXTI4_IRQHandler
                0x0000000008000ec0                WWDG_IRQHandler
                0x0000000008000ec0                TIM2_IRQHandler
                0x0000000008000ec0                OTG_FS_WKUP_IRQHandler
                0x0000000008000ec0                TIM1_TRG_COM_TIM11_IRQHandler
                0x0000000008000ec0                EXTI1_IRQHandler
                0x0000000008000ec0                USART2_IRQHandler
                0x0000000008000ec0                I2C2_ER_IRQHandler
                0x0000000008000ec0                DMA2_Stream1_IRQHandler
                0x0000000008000ec0                FLASH_IRQHandler
                0x0000000008000ec0                DMA2_Stream4_IRQHandler
                0x0000000008000ec0                BusFault_Handler
                0x0000000008000ec0                USART1_IRQHandler
                0x0000000008000ec0                OTG_FS_IRQHandler
                0x0000000008000ec0                SPI3_IRQHandler
                0x0000000008000ec0                DMA1_Stream4_IRQHandler
                0x0000000008000ec0                I2C1_ER_IRQHandler
                0x0000000008000ec0                DMA2_Stream6_IRQHandler
                0x0000000008000ec0                DMA1_Stream3_IRQHandler
 *fill*         0x0000000008000ec2        0x2 
 .text.GPIO_ClockEnable
                0x0000000008000ec4       0xb4 ./Core/mydrivers/Src/stm32f401xe_GPIO.o
 .text.GPIO_InitPin
                0x0000000008000f78      0x31c ./Core/mydrivers/Src/stm32f401xe_GPIO.o
                0x0000000008000f78                GPIO_InitPin
 .text.GPIO_ClearPendingEXTIFlag
                0x0000000008001294       0x30 ./Core/mydrivers/Src/stm32f401xe_GPIO.o
                0x0000000008001294                GPIO_ClearPendingEXTIFlag
 .text.I2C_ClockEnable
                0x00000000080012c4       0x64 ./Core/mydrivers/Src/stm32f401xe_I2C.o
 .text.I2C_InitGPIOPins
                0x0000000008001328      0x100 ./Core/mydrivers/Src/stm32f401xe_I2C.o
 .text.I2C_Init
                0x0000000008001428      0x1c0 ./Core/mydrivers/Src/stm32f401xe_I2C.o
                0x0000000008001428                I2C_Init
 .text.I2C_Transmit
                0x00000000080015e8       0xfa ./Core/mydrivers/Src/stm32f401xe_I2C.o
                0x00000000080015e8                I2C_Transmit
 *fill*         0x00000000080016e2        0x2 
 .text.RCC_InitClock
                0x00000000080016e4      0x264 ./Core/mydrivers/Src/stm32f401xe_RCC.o
                0x00000000080016e4                RCC_InitClock
 .text.__libc_init_array
                0x0000000008001948       0x48 c:/st/stm32cubeide_1.4.0/stm32cubeide/plugins/com.st.stm32cube.ide.mcu.externaltools.gnu-tools-for-stm32.9-2020-q2-update.win32_2.0.0.202105311346/tools/bin/../lib/gcc/arm-none-eabi/9.3.1/../../../../arm-none-eabi/lib/thumb/v7e-m+fp/hard\libc_nano.a(lib_a-init.o)
                0x0000000008001948                __libc_init_array
 .text.memset   0x0000000008001990       0x10 c:/st/stm32cubeide_1.4.0/stm32cubeide/plugins/com.st.stm32cube.ide.mcu.externaltools.gnu-tools-for-stm32.9-2020-q2-update.win32_2.0.0.202105311346/tools/bin/../lib/gcc/arm-none-eabi/9.3.1/../../../../arm-none-eabi/lib/thumb/v7e-m+fp/hard\libc_nano.a(lib_a-memset.o)
                0x0000000008001990                memset
 *(.glue_7)
 .glue_7        0x00000000080019a0        0x0 linker stubs
 *(.glue_7t)
 .glue_7t       0x00000000080019a0        0x0 linker stubs
 *(.eh_frame)
 .eh_frame      0x00000000080019a0        0x0 c:/st/stm32cubeide_1.4.0/stm32cubeide/plugins/com.st.stm32cube.ide.mcu.externaltools.gnu-tools-for-stm32.9-2020-q2-update.win32_2.0.0.202105311346/tools/bin/../lib/gcc/arm-none-eabi/9.3.1/thumb/v7e-m+fp/hard/crtbegin.o
 *(.init)
 .init          0x00000000080019a0        0x4 c:/st/stm32cubeide_1.4.0/stm32cubeide/plugins/com.st.stm32cube.ide.mcu.externaltools.gnu-tools-for-stm32.9-2020-q2-update.win32_2.0.0.202105311346/tools/bin/../lib/gcc/arm-none-eabi/9.3.1/thumb/v7e-m+fp/hard/crti.o
                0x00000000080019a0                _init
 .init          0x00000000080019a4        0x8 c:/st/stm32cubeide_1.4.0/stm32cubeide/plugins/com.st.stm32cube.ide.mcu.externaltools.gnu-tools-for-stm32.9-2020-q2-update.win32_2.0.0.202105311346/tools/bin/../lib/gcc/arm-none-eabi/9.3.1/thumb/v7e-m+fp/hard/crtn.o
 *(.fini)
 .fini          0x00000000080019ac        0x4 c:/st/stm32cubeide_1.4.0/stm32cubeide/plugins/com.st.stm32cube.ide.mcu.externaltools.gnu-tools-for-stm32.9-2020-q2-update.win32_2.0.0.202105311346/tools/bin/../lib/gcc/arm-none-eabi/9.3.1/thumb/v7e-m+fp/hard/crti.o
                0x00000000080019ac                _fini
 .fini          0x00000000080019b0        0x8 c:/st/stm32cubeide_1.4.0/stm32cubeide/plugins/com.st.stm32cube.ide.mcu.externaltools.gnu-tools-for-stm32.9-2020-q2-update.win32_2.0.0.202105311346/tools/bin/../lib/gcc/arm-none-eabi/9.3.1/thumb/v7e-m+fp/hard/crtn.o
                0x00000000080019b8                . = ALIGN (0x4)
                0x00000000080019b8                _etext = .

.vfp11_veneer   0x00000000080019b8        0x0
 .vfp11_veneer  0x00000000080019b8        0x0 linker stubs

.v4_bx          0x00000000080019b8        0x0
 .v4_bx         0x00000000080019b8        0x0 linker stubs

.iplt           0x00000000080019b8        0x0
 .iplt          0x00000000080019b8        0x0 c:/st/stm32cubeide_1.4.0/stm32cubeide/plugins/com.st.stm32cube.ide.mcu.externaltools.gnu-tools-for-stm32.9-2020-q2-update.win32_2.0.0.202105311346/tools/bin/../lib/gcc/arm-none-eabi/9.3.1/thumb/v7e-m+fp/hard/crtbegin.o

.rodata         0x00000000080019b8      0x208
                0x00000000080019b8                . = ALIGN (0x4)
 *(.rodata)
 .rodata        0x00000000080019b8       0x26 ./Core/Src/Snek.o
 *(.rodata*)
 *fill*         0x00000000080019de        0x2 
 .rodata.font_8x5
                0x00000000080019e0      0x1dd ./Core/Src/main.o
                0x00000000080019e0                font_8x5
                0x0000000008001bc0                . = ALIGN (0x4)
 *fill*         0x0000000008001bbd        0x3 

.rel.dyn        0x0000000008001bc0        0x0
 .rel.iplt      0x0000000008001bc0        0x0 c:/st/stm32cubeide_1.4.0/stm32cubeide/plugins/com.st.stm32cube.ide.mcu.externaltools.gnu-tools-for-stm32.9-2020-q2-update.win32_2.0.0.202105311346/tools/bin/../lib/gcc/arm-none-eabi/9.3.1/thumb/v7e-m+fp/hard/crtbegin.o

.ARM.extab      0x0000000008001bc0        0x0
                0x0000000008001bc0                . = ALIGN (0x4)
 *(.ARM.extab* .gnu.linkonce.armextab.*)
                0x0000000008001bc0                . = ALIGN (0x4)

.ARM            0x0000000008001bc0        0x0
                0x0000000008001bc0                . = ALIGN (0x4)
                0x0000000008001bc0                __exidx_start = .
 *(.ARM.exidx*)
                0x0000000008001bc0                __exidx_end = .
                0x0000000008001bc0                . = ALIGN (0x4)

.preinit_array  0x0000000008001bc0        0x0
                0x0000000008001bc0                . = ALIGN (0x4)
                0x0000000008001bc0                PROVIDE (__preinit_array_start = .)
 *(.preinit_array*)
                0x0000000008001bc0                PROVIDE (__preinit_array_end = .)
                0x0000000008001bc0                . = ALIGN (0x4)

.init_array     0x0000000008001bc0        0x4
                0x0000000008001bc0                . = ALIGN (0x4)
                0x0000000008001bc0                PROVIDE (__init_array_start = .)
 *(SORT_BY_NAME(.init_array.*))
 *(.init_array*)
 .init_array    0x0000000008001bc0        0x4 c:/st/stm32cubeide_1.4.0/stm32cubeide/plugins/com.st.stm32cube.ide.mcu.externaltools.gnu-tools-for-stm32.9-2020-q2-update.win32_2.0.0.202105311346/tools/bin/../lib/gcc/arm-none-eabi/9.3.1/thumb/v7e-m+fp/hard/crtbegin.o
                0x0000000008001bc4                PROVIDE (__init_array_end = .)
                0x0000000008001bc4                . = ALIGN (0x4)

.fini_array     0x0000000008001bc4        0x4
                0x0000000008001bc4                . = ALIGN (0x4)
                [!provide]                        PROVIDE (__fini_array_start = .)
 *(SORT_BY_NAME(.fini_array.*))
 *(.fini_array*)
 .fini_array    0x0000000008001bc4        0x4 c:/st/stm32cubeide_1.4.0/stm32cubeide/plugins/com.st.stm32cube.ide.mcu.externaltools.gnu-tools-for-stm32.9-2020-q2-update.win32_2.0.0.202105311346/tools/bin/../lib/gcc/arm-none-eabi/9.3.1/thumb/v7e-m+fp/hard/crtbegin.o
                [!provide]                        PROVIDE (__fini_array_end = .)
                0x0000000008001bc8                . = ALIGN (0x4)
                0x0000000008001bc8                _sidata = LOADADDR (.data)

.data           0x0000000020000000        0x4 load address 0x0000000008001bc8
                0x0000000020000000                . = ALIGN (0x4)
                0x0000000020000000                _sdata = .
 *(.data)
 *(.data*)
 .data.size     0x0000000020000000        0x1 ./Core/Src/GFX_BW.o
                0x0000000020000000                size
 *(.RamFunc)
 *(.RamFunc*)
                0x0000000020000004                . = ALIGN (0x4)
 *fill*         0x0000000020000001        0x3 
                0x0000000020000004                _edata = .

.igot.plt       0x0000000020000004        0x0 load address 0x0000000008001bcc
 .igot.plt      0x0000000020000004        0x0 c:/st/stm32cubeide_1.4.0/stm32cubeide/plugins/com.st.stm32cube.ide.mcu.externaltools.gnu-tools-for-stm32.9-2020-q2-update.win32_2.0.0.202105311346/tools/bin/../lib/gcc/arm-none-eabi/9.3.1/thumb/v7e-m+fp/hard/crtbegin.o
                0x0000000020000004                . = ALIGN (0x4)

.bss            0x0000000020000004      0x42c load address 0x0000000008001bcc
                0x0000000020000004                _sbss = .
                0x0000000020000004                __bss_start__ = _sbss
 *(.bss)
 .bss           0x0000000020000004       0x1c c:/st/stm32cubeide_1.4.0/stm32cubeide/plugins/com.st.stm32cube.ide.mcu.externaltools.gnu-tools-for-stm32.9-2020-q2-update.win32_2.0.0.202105311346/tools/bin/../lib/gcc/arm-none-eabi/9.3.1/thumb/v7e-m+fp/hard/crtbegin.o
 *(.bss*)
 .bss.buffer    0x0000000020000020      0x400 ./Core/Src/SSD1306_OLED.o
 *(COMMON)
 COMMON         0x0000000020000420        0x4 ./Core/Src/GFX_BW.o
                0x0000000020000420                font
 COMMON         0x0000000020000424        0x4 ./Core/Src/SSD1306_OLED.o
                0x0000000020000424                oled_i2c
 COMMON         0x0000000020000428        0x4 ./Core/Src/Snek.o
                0x0000000020000428                SNEK
 COMMON         0x000000002000042c        0x4 ./Core/Src/main.o
                0x000000002000042c                TickS
                0x0000000020000430                . = ALIGN (0x4)
                0x0000000020000430                _ebss = .
                0x0000000020000430                __bss_end__ = _ebss

._user_heap_stack
                0x0000000020000430      0x600 load address 0x0000000008001bcc
                0x0000000020000430                . = ALIGN (0x8)
                [!provide]                        PROVIDE (end = .)
                0x0000000020000430                PROVIDE (_end = .)
                0x0000000020000630                . = (. + _Min_Heap_Size)
 *fill*         0x0000000020000430      0x200 
                0x0000000020000a30                . = (. + _Min_Stack_Size)
 *fill*         0x0000000020000630      0x400 
                0x0000000020000a30                . = ALIGN (0x8)

/DISCARD/
 libc.a(*)
 libm.a(*)
 libgcc.a(*)

.ARM.attributes
                0x0000000000000000       0x30
 *(.ARM.attributes)
 .ARM.attributes
                0x0000000000000000       0x1e c:/st/stm32cubeide_1.4.0/stm32cubeide/plugins/com.st.stm32cube.ide.mcu.externaltools.gnu-tools-for-stm32.9-2020-q2-update.win32_2.0.0.202105311346/tools/bin/../lib/gcc/arm-none-eabi/9.3.1/thumb/v7e-m+fp/hard/crti.o
 .ARM.attributes
                0x000000000000001e       0x34 c:/st/stm32cubeide_1.4.0/stm32cubeide/plugins/com.st.stm32cube.ide.mcu.externaltools.gnu-tools-for-stm32.9-2020-q2-update.win32_2.0.0.202105311346/tools/bin/../lib/gcc/arm-none-eabi/9.3.1/thumb/v7e-m+fp/hard/crtbegin.o
 .ARM.attributes
                0x0000000000000052       0x34 ./Core/Src/GFX_BW.o
 .ARM.attributes
                0x0000000000000086       0x34 ./Core/Src/SSD1306_OLED.o
 .ARM.attributes
                0x00000000000000ba       0x34 ./Core/Src/Snek.o
 .ARM.attributes
                0x00000000000000ee       0x34 ./Core/Src/main.o
 .ARM.attributes
                0x0000000000000122       0x34 ./Core/Src/system_stm32f4xx.o
 .ARM.attributes
                0x0000000000000156       0x21 ./Core/Startup/startup_stm32f401retx.o
 .ARM.attributes
                0x0000000000000177       0x34 ./Core/mydrivers/Src/stm32f401xe_GPIO.o
 .ARM.attributes
                0x00000000000001ab       0x34 ./Core/mydrivers/Src/stm32f401xe_I2C.o
 .ARM.attributes
                0x00000000000001df       0x34 ./Core/mydrivers/Src/stm32f401xe_RCC.o
 .ARM.attributes
                0x0000000000000213       0x34 c:/st/stm32cubeide_1.4.0/stm32cubeide/plugins/com.st.stm32cube.ide.mcu.externaltools.gnu-tools-for-stm32.9-2020-q2-update.win32_2.0.0.202105311346/tools/bin/../lib/gcc/arm-none-eabi/9.3.1/../../../../arm-none-eabi/lib/thumb/v7e-m+fp/hard\libc_nano.a(lib_a-init.o)
 .ARM.attributes
                0x0000000000000247       0x34 c:/st/stm32cubeide_1.4.0/stm32cubeide/plugins/com.st.stm32cube.ide.mcu.externaltools.gnu-tools-for-stm32.9-2020-q2-update.win32_2.0.0.202105311346/tools/bin/../lib/gcc/arm-none-eabi/9.3.1/../../../../arm-none-eabi/lib/thumb/v7e-m+fp/hard\libc_nano.a(lib_a-memset.o)
 .ARM.attributes
                0x000000000000027b       0x17 c:/st/stm32cubeide_1.4.0/stm32cubeide/plugins/com.st.stm32cube.ide.mcu.externaltools.gnu-tools-for-stm32.9-2020-q2-update.win32_2.0.0.202105311346/tools/bin/../lib/gcc/arm-none-eabi/9.3.1/../../../../arm-none-eabi/lib/thumb/v7e-m+fp/hard\libc_nano.a(lib_a-strlen.o)
 .ARM.attributes
                0x0000000000000292       0x1e c:/st/stm32cubeide_1.4.0/stm32cubeide/plugins/com.st.stm32cube.ide.mcu.externaltools.gnu-tools-for-stm32.9-2020-q2-update.win32_2.0.0.202105311346/tools/bin/../lib/gcc/arm-none-eabi/9.3.1/thumb/v7e-m+fp/hard/crtn.o
OUTPUT(cmsis-testing-drivers.elf elf32-littlearm)
LOAD linker stubs
LOAD c:/st/stm32cubeide_1.4.0/stm32cubeide/plugins/com.st.stm32cube.ide.mcu.externaltools.gnu-tools-for-stm32.9-2020-q2-update.win32_2.0.0.202105311346/tools/bin/../lib/gcc/arm-none-eabi/9.3.1/../../../../arm-none-eabi/lib/thumb/v7e-m+fp/hard\libc.a
LOAD c:/st/stm32cubeide_1.4.0/stm32cubeide/plugins/com.st.stm32cube.ide.mcu.externaltools.gnu-tools-for-stm32.9-2020-q2-update.win32_2.0.0.202105311346/tools/bin/../lib/gcc/arm-none-eabi/9.3.1/../../../../arm-none-eabi/lib/thumb/v7e-m+fp/hard\libm.a
LOAD c:/st/stm32cubeide_1.4.0/stm32cubeide/plugins/com.st.stm32cube.ide.mcu.externaltools.gnu-tools-for-stm32.9-2020-q2-update.win32_2.0.0.202105311346/tools/bin/../lib/gcc/arm-none-eabi/9.3.1/thumb/v7e-m+fp/hard\libgcc.a

.debug_info     0x0000000000000000     0x59ba
 .debug_info    0x0000000000000000     0x1574 ./Core/Src/GFX_BW.o
 .debug_info    0x0000000000001574      0xc48 ./Core/Src/SSD1306_OLED.o
 .debug_info    0x00000000000021bc      0xb58 ./Core/Src/Snek.o
 .debug_info    0x0000000000002d14     0x13d0 ./Core/Src/main.o
 .debug_info    0x00000000000040e4      0x56e ./Core/Src/system_stm32f4xx.o
 .debug_info    0x0000000000004652       0x22 ./Core/Startup/startup_stm32f401retx.o
 .debug_info    0x0000000000004674      0x770 ./Core/mydrivers/Src/stm32f401xe_GPIO.o
 .debug_info    0x0000000000004de4      0x6da ./Core/mydrivers/Src/stm32f401xe_I2C.o
 .debug_info    0x00000000000054be      0x4fc ./Core/mydrivers/Src/stm32f401xe_RCC.o

.debug_abbrev   0x0000000000000000      0xfd1
 .debug_abbrev  0x0000000000000000      0x2b7 ./Core/Src/GFX_BW.o
 .debug_abbrev  0x00000000000002b7      0x248 ./Core/Src/SSD1306_OLED.o
 .debug_abbrev  0x00000000000004ff      0x251 ./Core/Src/Snek.o
 .debug_abbrev  0x0000000000000750      0x2d0 ./Core/Src/main.o
 .debug_abbrev  0x0000000000000a20      0x126 ./Core/Src/system_stm32f4xx.o
 .debug_abbrev  0x0000000000000b46       0x12 ./Core/Startup/startup_stm32f401retx.o
 .debug_abbrev  0x0000000000000b58      0x1b1 ./Core/mydrivers/Src/stm32f401xe_GPIO.o
 .debug_abbrev  0x0000000000000d09      0x18c ./Core/mydrivers/Src/stm32f401xe_I2C.o
 .debug_abbrev  0x0000000000000e95      0x13c ./Core/mydrivers/Src/stm32f401xe_RCC.o

.debug_aranges  0x0000000000000000      0x298
 .debug_aranges
                0x0000000000000000       0xc8 ./Core/Src/GFX_BW.o
 .debug_aranges
                0x00000000000000c8       0x50 ./Core/Src/SSD1306_OLED.o
 .debug_aranges
                0x0000000000000118       0x40 ./Core/Src/Snek.o
 .debug_aranges
                0x0000000000000158       0x58 ./Core/Src/main.o
 .debug_aranges
                0x00000000000001b0       0x28 ./Core/Src/system_stm32f4xx.o
 .debug_aranges
                0x00000000000001d8       0x28 ./Core/Startup/startup_stm32f401retx.o
 .debug_aranges
                0x0000000000000200       0x40 ./Core/mydrivers/Src/stm32f401xe_GPIO.o
 .debug_aranges
                0x0000000000000240       0x38 ./Core/mydrivers/Src/stm32f401xe_I2C.o
 .debug_aranges
                0x0000000000000278       0x20 ./Core/mydrivers/Src/stm32f401xe_RCC.o

.debug_ranges   0x0000000000000000      0x210
 .debug_ranges  0x0000000000000000       0xb8 ./Core/Src/GFX_BW.o
 .debug_ranges  0x00000000000000b8       0x40 ./Core/Src/SSD1306_OLED.o
 .debug_ranges  0x00000000000000f8       0x30 ./Core/Src/Snek.o
 .debug_ranges  0x0000000000000128       0x48 ./Core/Src/main.o
 .debug_ranges  0x0000000000000170       0x18 ./Core/Src/system_stm32f4xx.o
 .debug_ranges  0x0000000000000188       0x20 ./Core/Startup/startup_stm32f401retx.o
 .debug_ranges  0x00000000000001a8       0x30 ./Core/mydrivers/Src/stm32f401xe_GPIO.o
 .debug_ranges  0x00000000000001d8       0x28 ./Core/mydrivers/Src/stm32f401xe_I2C.o
 .debug_ranges  0x0000000000000200       0x10 ./Core/mydrivers/Src/stm32f401xe_RCC.o

.debug_line     0x0000000000000000     0x311a
 .debug_line    0x0000000000000000      0xa5d ./Core/Src/GFX_BW.o
 .debug_line    0x0000000000000a5d      0x479 ./Core/Src/SSD1306_OLED.o
 .debug_line    0x0000000000000ed6      0x431 ./Core/Src/Snek.o
 .debug_line    0x0000000000001307      0x544 ./Core/Src/main.o
 .debug_line    0x000000000000184b      0x2ea ./Core/Src/system_stm32f4xx.o
 .debug_line    0x0000000000001b35       0x88 ./Core/Startup/startup_stm32f401retx.o
 .debug_line    0x0000000000001bbd      0x7ac ./Core/mydrivers/Src/stm32f401xe_GPIO.o
 .debug_line    0x0000000000002369      0x79e ./Core/mydrivers/Src/stm32f401xe_I2C.o
 .debug_line    0x0000000000002b07      0x613 ./Core/mydrivers/Src/stm32f401xe_RCC.o

.debug_str      0x0000000000000000    0x50ed3
 .debug_str     0x0000000000000000      0x77e ./Core/Src/GFX_BW.o
                                        0x885 (size before relaxing)
 .debug_str     0x000000000000077e       0xf1 ./Core/Src/SSD1306_OLED.o
                                        0x73c (size before relaxing)
 .debug_str     0x000000000000086f      0x145 ./Core/Src/Snek.o
                                        0x760 (size before relaxing)
 .debug_str     0x00000000000009b4      0x668 ./Core/Src/main.o
                                        0xd13 (size before relaxing)
 .debug_str     0x000000000000101c      0x132 ./Core/Src/system_stm32f4xx.o
                                        0x394 (size before relaxing)
 .debug_str     0x000000000000114e       0x36 ./Core/Startup/startup_stm32f401retx.o
                                         0x65 (size before relaxing)
 .debug_str     0x0000000000001184    0x4f959 ./Core/mydrivers/Src/stm32f401xe_GPIO.o
                                      0x4fd4c (size before relaxing)
 .debug_str     0x0000000000050add      0x391 ./Core/mydrivers/Src/stm32f401xe_I2C.o
                                      0x5003e (size before relaxing)
 .debug_str     0x0000000000050e6e       0x65 ./Core/mydrivers/Src/stm32f401xe_RCC.o
                                      0x4f876 (size before relaxing)

.comment        0x0000000000000000       0x53
 .comment       0x0000000000000000       0x53 ./Core/Src/GFX_BW.o
                                         0x54 (size before relaxing)
 .comment       0x0000000000000053       0x54 ./Core/Src/SSD1306_OLED.o
 .comment       0x0000000000000053       0x54 ./Core/Src/Snek.o
 .comment       0x0000000000000053       0x54 ./Core/Src/main.o
 .comment       0x0000000000000053       0x54 ./Core/Src/system_stm32f4xx.o
 .comment       0x0000000000000053       0x54 ./Core/mydrivers/Src/stm32f401xe_GPIO.o
 .comment       0x0000000000000053       0x54 ./Core/mydrivers/Src/stm32f401xe_I2C.o
 .comment       0x0000000000000053       0x54 ./Core/mydrivers/Src/stm32f401xe_RCC.o

.debug_frame    0x0000000000000000      0x87c
 .debug_frame   0x0000000000000000      0x33c ./Core/Src/GFX_BW.o
 .debug_frame   0x000000000000033c      0x100 ./Core/Src/SSD1306_OLED.o
 .debug_frame   0x000000000000043c       0xb8 ./Core/Src/Snek.o
 .debug_frame   0x00000000000004f4      0x12c ./Core/Src/main.o
 .debug_frame   0x0000000000000620       0x58 ./Core/Src/system_stm32f4xx.o
 .debug_frame   0x0000000000000678       0xd8 ./Core/mydrivers/Src/stm32f401xe_GPIO.o
 .debug_frame   0x0000000000000750       0xa8 ./Core/mydrivers/Src/stm32f401xe_I2C.o
 .debug_frame   0x00000000000007f8       0x38 ./Core/mydrivers/Src/stm32f401xe_RCC.o
 .debug_frame   0x0000000000000830       0x2c c:/st/stm32cubeide_1.4.0/stm32cubeide/plugins/com.st.stm32cube.ide.mcu.externaltools.gnu-tools-for-stm32.9-2020-q2-update.win32_2.0.0.202105311346/tools/bin/../lib/gcc/arm-none-eabi/9.3.1/../../../../arm-none-eabi/lib/thumb/v7e-m+fp/hard\libc_nano.a(lib_a-init.o)
 .debug_frame   0x000000000000085c       0x20 c:/st/stm32cubeide_1.4.0/stm32cubeide/plugins/com.st.stm32cube.ide.mcu.externaltools.gnu-tools-for-stm32.9-2020-q2-update.win32_2.0.0.202105311346/tools/bin/../lib/gcc/arm-none-eabi/9.3.1/../../../../arm-none-eabi/lib/thumb/v7e-m+fp/hard\libc_nano.a(lib_a-memset.o)

.debug_macro    0x0000000000000000     0xe295
 .debug_macro   0x0000000000000000       0xd7 ./Core/mydrivers/Src/stm32f401xe_GPIO.o
 .debug_macro   0x00000000000000d7      0xaa8 ./Core/mydrivers/Src/stm32f401xe_GPIO.o
 .debug_macro   0x0000000000000b7f       0x28 ./Core/mydrivers/Src/stm32f401xe_GPIO.o
 .debug_macro   0x0000000000000ba7       0x22 ./Core/mydrivers/Src/stm32f401xe_GPIO.o
 .debug_macro   0x0000000000000bc9       0x8e ./Core/mydrivers/Src/stm32f401xe_GPIO.o
 .debug_macro   0x0000000000000c57       0x51 ./Core/mydrivers/Src/stm32f401xe_GPIO.o
 .debug_macro   0x0000000000000ca8      0x103 ./Core/mydrivers/Src/stm32f401xe_GPIO.o
 .debug_macro   0x0000000000000dab       0x6a ./Core/mydrivers/Src/stm32f401xe_GPIO.o
 .debug_macro   0x0000000000000e15      0x1df ./Core/mydrivers/Src/stm32f401xe_GPIO.o
 .debug_macro   0x0000000000000ff4       0x1c ./Core/mydrivers/Src/stm32f401xe_GPIO.o
 .debug_macro   0x0000000000001010       0x22 ./Core/mydrivers/Src/stm32f401xe_GPIO.o
 .debug_macro   0x0000000000001032       0xdf ./Core/mydrivers/Src/stm32f401xe_GPIO.o
 .debug_macro   0x0000000000001111     0x102d ./Core/mydrivers/Src/stm32f401xe_GPIO.o
 .debug_macro   0x000000000000213e      0x11f ./Core/mydrivers/Src/stm32f401xe_GPIO.o
 .debug_macro   0x000000000000225d     0xb86c ./Core/mydrivers/Src/stm32f401xe_GPIO.o
 .debug_macro   0x000000000000dac9      0x136 ./Core/mydrivers/Src/stm32f401xe_GPIO.o
 .debug_macro   0x000000000000dbff      0x198 ./Core/mydrivers/Src/stm32f401xe_GPIO.o
 .debug_macro   0x000000000000dd97       0xe0 ./Core/mydrivers/Src/stm32f401xe_I2C.o
 .debug_macro   0x000000000000de77       0x82 ./Core/mydrivers/Src/stm32f401xe_I2C.o
 .debug_macro   0x000000000000def9      0x13c ./Core/mydrivers/Src/stm32f401xe_I2C.o
 .debug_macro   0x000000000000e035       0xce ./Core/mydrivers/Src/stm32f401xe_RCC.o
 .debug_macro   0x000000000000e103      0x192 ./Core/mydrivers/Src/stm32f401xe_RCC.o
