Archive member included to satisfy reference by file (symbol)

d:/st/stm32cubeide_1.6.1/stm32cubeide/plugins/com.st.stm32cube.ide.mcu.externaltools.gnu-tools-for-stm32.9-2020-q2-update.win32_2.0.0.202105311346/tools/bin/../lib/gcc/arm-none-eabi/9.3.1/../../../../arm-none-eabi/lib/thumb/v7e-m+fp/hard\libc_nano.a(lib_a-errno.o)
                              ./Core/Src/syscalls.o (__errno)
d:/st/stm32cubeide_1.6.1/stm32cubeide/plugins/com.st.stm32cube.ide.mcu.externaltools.gnu-tools-for-stm32.9-2020-q2-update.win32_2.0.0.202105311346/tools/bin/../lib/gcc/arm-none-eabi/9.3.1/../../../../arm-none-eabi/lib/thumb/v7e-m+fp/hard\libc_nano.a(lib_a-exit.o)
                              d:/st/stm32cubeide_1.6.1/stm32cubeide/plugins/com.st.stm32cube.ide.mcu.externaltools.gnu-tools-for-stm32.9-2020-q2-update.win32_2.0.0.202105311346/tools/bin/../lib/gcc/arm-none-eabi/9.3.1/../../../../arm-none-eabi/lib/thumb/v7e-m+fp/hard/crt0.o (exit)
d:/st/stm32cubeide_1.6.1/stm32cubeide/plugins/com.st.stm32cube.ide.mcu.externaltools.gnu-tools-for-stm32.9-2020-q2-update.win32_2.0.0.202105311346/tools/bin/../lib/gcc/arm-none-eabi/9.3.1/../../../../arm-none-eabi/lib/thumb/v7e-m+fp/hard\libc_nano.a(lib_a-impure.o)
                              d:/st/stm32cubeide_1.6.1/stm32cubeide/plugins/com.st.stm32cube.ide.mcu.externaltools.gnu-tools-for-stm32.9-2020-q2-update.win32_2.0.0.202105311346/tools/bin/../lib/gcc/arm-none-eabi/9.3.1/../../../../arm-none-eabi/lib/thumb/v7e-m+fp/hard\libc_nano.a(lib_a-exit.o) (_global_impure_ptr)
d:/st/stm32cubeide_1.6.1/stm32cubeide/plugins/com.st.stm32cube.ide.mcu.externaltools.gnu-tools-for-stm32.9-2020-q2-update.win32_2.0.0.202105311346/tools/bin/../lib/gcc/arm-none-eabi/9.3.1/../../../../arm-none-eabi/lib/thumb/v7e-m+fp/hard\libc_nano.a(lib_a-init.o)
                              d:/st/stm32cubeide_1.6.1/stm32cubeide/plugins/com.st.stm32cube.ide.mcu.externaltools.gnu-tools-for-stm32.9-2020-q2-update.win32_2.0.0.202105311346/tools/bin/../lib/gcc/arm-none-eabi/9.3.1/../../../../arm-none-eabi/lib/thumb/v7e-m+fp/hard/crt0.o (__libc_init_array)
d:/st/stm32cubeide_1.6.1/stm32cubeide/plugins/com.st.stm32cube.ide.mcu.externaltools.gnu-tools-for-stm32.9-2020-q2-update.win32_2.0.0.202105311346/tools/bin/../lib/gcc/arm-none-eabi/9.3.1/../../../../arm-none-eabi/lib/thumb/v7e-m+fp/hard\libc_nano.a(lib_a-memcpy-stub.o)
                              ./Core/Src/Snek.o (memcpy)
d:/st/stm32cubeide_1.6.1/stm32cubeide/plugins/com.st.stm32cube.ide.mcu.externaltools.gnu-tools-for-stm32.9-2020-q2-update.win32_2.0.0.202105311346/tools/bin/../lib/gcc/arm-none-eabi/9.3.1/../../../../arm-none-eabi/lib/thumb/v7e-m+fp/hard\libc_nano.a(lib_a-memset.o)
                              d:/st/stm32cubeide_1.6.1/stm32cubeide/plugins/com.st.stm32cube.ide.mcu.externaltools.gnu-tools-for-stm32.9-2020-q2-update.win32_2.0.0.202105311346/tools/bin/../lib/gcc/arm-none-eabi/9.3.1/../../../../arm-none-eabi/lib/thumb/v7e-m+fp/hard/crt0.o (memset)
d:/st/stm32cubeide_1.6.1/stm32cubeide/plugins/com.st.stm32cube.ide.mcu.externaltools.gnu-tools-for-stm32.9-2020-q2-update.win32_2.0.0.202105311346/tools/bin/../lib/gcc/arm-none-eabi/9.3.1/../../../../arm-none-eabi/lib/thumb/v7e-m+fp/hard\libc_nano.a(lib_a-rand.o)
                              ./Core/Src/Snek.o (rand)
d:/st/stm32cubeide_1.6.1/stm32cubeide/plugins/com.st.stm32cube.ide.mcu.externaltools.gnu-tools-for-stm32.9-2020-q2-update.win32_2.0.0.202105311346/tools/bin/../lib/gcc/arm-none-eabi/9.3.1/../../../../arm-none-eabi/lib/thumb/v7e-m+fp/hard\libc_nano.a(lib_a-sprintf.o)
                              ./Core/Src/Snek.o (sprintf)
d:/st/stm32cubeide_1.6.1/stm32cubeide/plugins/com.st.stm32cube.ide.mcu.externaltools.gnu-tools-for-stm32.9-2020-q2-update.win32_2.0.0.202105311346/tools/bin/../lib/gcc/arm-none-eabi/9.3.1/../../../../arm-none-eabi/lib/thumb/v7e-m+fp/hard\libc_nano.a(lib_a-strlen.o)
                              ./Core/Src/Snek.o (strlen)
d:/st/stm32cubeide_1.6.1/stm32cubeide/plugins/com.st.stm32cube.ide.mcu.externaltools.gnu-tools-for-stm32.9-2020-q2-update.win32_2.0.0.202105311346/tools/bin/../lib/gcc/arm-none-eabi/9.3.1/../../../../arm-none-eabi/lib/thumb/v7e-m+fp/hard\libc_nano.a(lib_a-assert.o)
                              d:/st/stm32cubeide_1.6.1/stm32cubeide/plugins/com.st.stm32cube.ide.mcu.externaltools.gnu-tools-for-stm32.9-2020-q2-update.win32_2.0.0.202105311346/tools/bin/../lib/gcc/arm-none-eabi/9.3.1/../../../../arm-none-eabi/lib/thumb/v7e-m+fp/hard\libc_nano.a(lib_a-rand.o) (__assert_func)
d:/st/stm32cubeide_1.6.1/stm32cubeide/plugins/com.st.stm32cube.ide.mcu.externaltools.gnu-tools-for-stm32.9-2020-q2-update.win32_2.0.0.202105311346/tools/bin/../lib/gcc/arm-none-eabi/9.3.1/../../../../arm-none-eabi/lib/thumb/v7e-m+fp/hard\libc_nano.a(lib_a-fprintf.o)
[...]
Memory Configuration

Name             Origin             Length             Attributes
RAM              0x0000000020000000 0x0000000000018000 xrw
FLASH            0x0000000008000000 0x0000000000080000 xr
*default*        0x0000000000000000 0xffffffffffffffff

Linker script and memory map

LOAD d:/st/stm32cubeide_1.6.1/stm32cubeide/plugins/com.st.stm32cube.ide.mcu.externaltools.gnu-tools-for-stm32.9-2020-q2-update.win32_2.0.0.202105311346/tools/bin/../lib/gcc/arm-none-eabi/9.3.1/thumb/v7e-m+fp/hard/crti.o
LOAD d:/st/stm32cubeide_1.6.1/stm32cubeide/plugins/com.st.stm32cube.ide.mcu.externaltools.gnu-tools-for-stm32.9-2020-q2-update.win32_2.0.0.202105311346/tools/bin/../lib/gcc/arm-none-eabi/9.3.1/thumb/v7e-m+fp/hard/crtbegin.o
LOAD d:/st/stm32cubeide_1.6.1/stm32cubeide/plugins/com.st.stm32cube.ide.mcu.externaltools.gnu-tools-for-stm32.9-2020-q2-update.win32_2.0.0.202105311346/tools/bin/../lib/gcc/arm-none-eabi/9.3.1/../../../../arm-none-eabi/lib/thumb/v7e-m+fp/hard/crt0.o
LOAD ./Core/Src/GFX_BW.o
LOAD ./Core/Src/SSD1306_OLED.o
LOAD ./Core/Src/Snek.o
LOAD ./Core/Src/delay.o
LOAD ./Core/Src/eeprom.o
LOAD ./Core/Src/main.o
LOAD ./Core/Src/syscalls.o
LOAD ./Core/Src/sysmem.o
LOAD ./Core/Src/system_stm32f4xx.o
LOAD ./Core/Startup/startup_stm32f401retx.o
LOAD ./Core/mydrivers/Src/stm32401xe_tim.o
LOAD ./Core/mydrivers/Src/stm32f401xe_gpio.o
LOAD ./Core/mydrivers/Src/stm32f401xe_i2c.o
LOAD ./Core/mydrivers/Src/stm32f401xe_rcc.o
START GROUP
LOAD d:/st/stm32cubeide_1.6.1/stm32cubeide/plugins/com.st.stm32cube.ide.mcu.externaltools.gnu-tools-for-stm32.9-2020-q2-update.win32_2.0.0.202105311346/tools/bin/../lib/gcc/arm-none-eabi/9.3.1/../../../../arm-none-eabi/lib/thumb/v7e-m+fp/hard\libc_nano.a
LOAD d:/st/stm32cubeide_1.6.1/stm32cubeide/plugins/com.st.stm32cube.ide.mcu.externaltools.gnu-tools-for-stm32.9-2020-q2-update.win32_2.0.0.202105311346/tools/bin/../lib/gcc/arm-none-eabi/9.3.1/../../../../arm-none-eabi/lib/thumb/v7e-m+fp/hard\libm.a
END GROUP
START GROUP
LOAD d:/st/stm32cubeide_1.6.1/stm32cubeide/plugins/com.st.stm32cube.ide.mcu.externaltools.gnu-tools-for-stm32.9-2020-q2-update.win32_2.0.0.202105311346/tools/bin/../lib/gcc/arm-none-eabi/9.3.1/thumb/v7e-m+fp/hard\libgcc.a
LOAD d:/st/stm32cubeide_1.6.1/stm32cubeide/plugins/com.st.stm32cube.ide.mcu.externaltools.gnu-tools-for-stm32.9-2020-q2-update.win32_2.0.0.202105311346/tools/bin/../lib/gcc/arm-none-eabi/9.3.1/../../../../arm-none-eabi/lib/thumb/v7e-m+fp/hard\libc_nano.a
END GROUP
START GROUP
LOAD d:/st/stm32cubeide_1.6.1/stm32cubeide/plugins/com.st.stm32cube.ide.mcu.externaltools.gnu-tools-for-stm32.9-2020-q2-update.win32_2.0.0.202105311346/tools/bin/../lib/gcc/arm-none-eabi/9.3.1/thumb/v7e-m+fp/hard\libgcc.a
LOAD d:/st/stm32cubeide_1.6.1/stm32cubeide/plugins/com.st.stm32cube.ide.mcu.externaltools.gnu-tools-for-stm32.9-2020-q2-update.win32_2.0.0.202105311346/tools/bin/../lib/gcc/arm-none-eabi/9.3.1/../../../../arm-none-eabi/lib/thumb/v7e-m+fp/hard\libc_nano.a
LOAD d:/st/stm32cubeide_1.6.1/stm32cubeide/plugins/com.st.stm32cube.ide.mcu.externaltools.gnu-tools-for-stm32.9-2020-q2-update.win32_2.0.0.202105311346/tools/bin/../lib/gcc/arm-none-eabi/9.3.1/../../../../arm-none-eabi/lib/thumb/v7e-m+fp/hard\libnosys.a
END GROUP
START GROUP
LOAD d:/st/stm32cubeide_1.6.1/stm32cubeide/plugins/com.st.stm32cube.ide.mcu.externaltools.gnu-tools-for-stm32.9-2020-q2-update.win32_2.0.0.202105311346/tools/bin/../lib/gcc/arm-none-eabi/9.3.1/thumb/v7e-m+fp/hard\libgcc.a
LOAD d:/st/stm32cubeide_1.6.1/stm32cubeide/plugins/com.st.stm32cube.ide.mcu.externaltools.gnu-tools-for-stm32.9-2020-q2-update.win32_2.0.0.202105311346/tools/bin/../lib/gcc/arm-none-eabi/9.3.1/../../../../arm-none-eabi/lib/thumb/v7e-m+fp/hard\libc_nano.a
LOAD d:/st/stm32cubeide_1.6.1/stm32cubeide/plugins/com.st.stm32cube.ide.mcu.externaltools.gnu-tools-for-stm32.9-2020-q2-update.win32_2.0.0.202105311346/tools/bin/../lib/gcc/arm-none-eabi/9.3.1/../../../../arm-none-eabi/lib/thumb/v7e-m+fp/hard\libnosys.a
END GROUP
LOAD d:/st/stm32cubeide_1.6.1/stm32cubeide/plugins/com.st.stm32cube.ide.mcu.externaltools.gnu-tools-for-stm32.9-2020-q2-update.win32_2.0.0.202105311346/tools/bin/../lib/gcc/arm-none-eabi/9.3.1/thumb/v7e-m+fp/hard/crtend.o
LOAD d:/st/stm32cubeide_1.6.1/stm32cubeide/plugins/com.st.stm32cube.ide.mcu.externaltools.gnu-tools-for-stm32.9-2020-q2-update.win32_2.0.0.202105311346/tools/bin/../lib/gcc/arm-none-eabi/9.3.1/thumb/v7e-m+fp/hard/crtn.o
                0x0000000020018000                _estack = (ORIGIN (RAM) + LENGTH (RAM))
                0x0000000000000200                _Min_Heap_Size = 0x200
                0x0000000000000400                _Min_Stack_Size = 0x400

.isr_vector     0x0000000008000000      0x194
                0x0000000008000000                . = ALIGN (0x4)
 *(.isr_vector)
 .isr_vector    0x0000000008000000      0x194 ./Core/Startup/startup_stm32f401retx.o
                0x0000000008000000                g_pfnVectors
                0x0000000008000194                . = ALIGN (0x4)

.text           0x00000000080001a0     0x4cf0
                0x00000000080001a0                . = ALIGN (0x4)
 *(.text)
 .text          0x00000000080001a0       0x40 d:/st/stm32cubeide_1.6.1/stm32cubeide/plugins/com.st.stm32cube.ide.mcu.externaltools.gnu-tools-for-stm32.9-2020-q2-update.win32_2.0.0.202105311346/tools/bin/../lib/gcc/arm-none-eabi/9.3.1/thumb/v7e-m+fp/hard/crtbegin.o
 .text          0x00000000080001e0       0x10 d:/st/stm32cubeide_1.6.1/stm32cubeide/plugins/com.st.stm32cube.ide.mcu.externaltools.gnu-tools-for-stm32.9-2020-q2-update.win32_2.0.0.202105311346/tools/bin/../lib/gcc/arm-none-eabi/9.3.1/../../../../arm-none-eabi/lib/thumb/v7e-m+fp/hard\libc_nano.a(lib_a-strlen.o)
                0x00000000080001e0                strlen
 .text          0x00000000080001f0       0xa0 d:/st/stm32cubeide_1.6.1/stm32cubeide/plugins/com.st.stm32cube.ide.mcu.externaltools.gnu-tools-for-stm32.9-2020-q2-update.win32_2.0.0.202105311346/tools/bin/../lib/gcc/arm-none-eabi/9.3.1/../../../../arm-none-eabi/lib/thumb/v7e-m+fp/hard\libc_nano.a(lib_a-memchr.o)
                0x00000000080001f0                memchr
 *(.text*)
 .text.GFX_SetFont
                0x0000000008000290       0x20 ./Core/Src/GFX_BW.o
                0x0000000008000290                GFX_SetFont
 .text.GFX_DrawChar
                0x00000000080002b0      0x174 ./Core/Src/GFX_BW.o
                0x00000000080002b0                GFX_DrawChar
 .text.GFX_DrawString
                0x0000000008000424       0xb8 ./Core/Src/GFX_BW.o
                0x0000000008000424                GFX_DrawString
 .text.GFX_WriteLine
                0x00000000080004dc      0x11e ./Core/Src/GFX_BW.o
                0x00000000080004dc                GFX_WriteLine
 .text.GFX_DrawFastVLine
                0x00000000080005fa       0x2e ./Core/Src/GFX_BW.o
                0x00000000080005fa                GFX_DrawFastVLine
 .text.GFX_DrawFastHLine
                0x0000000008000628       0x2c ./Core/Src/GFX_BW.o
                0x0000000008000628                GFX_DrawFastHLine
 .text.GFX_DrawRectangle
                0x0000000008000654       0x5a ./Core/Src/GFX_BW.o
                0x0000000008000654                GFX_DrawRectangle
 .text.GFX_DrawFillRectangle
                0x00000000080006ae       0x46 ./Core/Src/GFX_BW.o
                0x00000000080006ae                GFX_DrawFillRectangle
 .text.GFX_DrawFillCircleHelper
                0x00000000080006f4      0x142 ./Core/Src/GFX_BW.o
                0x00000000080006f4                GFX_DrawFillCircleHelper
 .text.GFX_DrawFillRoundRectangle
                0x0000000008000836       0xa6 ./Core/Src/GFX_BW.o
                0x0000000008000836                GFX_DrawFillRoundRectangle
 .text.GFX_Image
                0x00000000080008dc       0xa2 ./Core/Src/GFX_BW.o
                0x00000000080008dc                GFX_Image
 *fill*         0x000000000800097e        0x2 
 .text.SSD1306_Command
                0x0000000008000980       0x28 ./Core/Src/SSD1306_OLED.o
                0x0000000008000980                SSD1306_Command
 .text.SSD1306_Data
                0x00000000080009a8       0x2c ./Core/Src/SSD1306_OLED.o
                0x00000000080009a8                SSD1306_Data
 .text.SSD1306_Clear
                0x00000000080009d4       0x40 ./Core/Src/SSD1306_OLED.o
                0x00000000080009d4                SSD1306_Clear
 .text.SSD1306_DrawPixel
                0x0000000008000a14      0x13c ./Core/Src/SSD1306_OLED.o
                0x0000000008000a14                SSD1306_DrawPixel
 .text.SSD1306_Display
                0x0000000008000b50       0x3c ./Core/Src/SSD1306_OLED.o
                0x0000000008000b50                SSD1306_Display
 .text.SSD1306_Init
                0x0000000008000b8c       0xb8 ./Core/Src/SSD1306_OLED.o
                0x0000000008000b8c                SSD1306_Init
 .text.snek_ui_modify_speed
                0x0000000008000c44       0x4c ./Core/Src/Snek.o
 .text.snek_ui_draw_mainmenu_button
                0x0000000008000c90       0xa8 ./Core/Src/Snek.o
 .text.snek_ui_draw_ok_button
                0x0000000008000d38       0x80 ./Core/Src/Snek.o
 .text.snek_ui_updatescore
                0x0000000008000db8       0x3c ./Core/Src/Snek.o
 .text.snek_ui_gameover_animation
                0x0000000008000df4       0x44 ./Core/Src/Snek.o
 .text.snek_eeprom_erase
                0x0000000008000e38       0xb4 ./Core/Src/Snek.o
 .text.snek_eeprom_getconfig
                0x0000000008000eec       0x36 ./Core/Src/Snek.o
 .text.snek_eeprom_setconfig
                0x0000000008000f22       0x2e ./Core/Src/Snek.o
 .text.snek_ui_mainmenu_check_update
                0x0000000008000f50      0x138 ./Core/Src/Snek.o
 .text.snek_ui_settingsmenu_check_update
                0x0000000008001088      0x230 ./Core/Src/Snek.o
 .text.snek_map_clearmap
                0x00000000080012b8       0x20 ./Core/Src/Snek.o
 .text.snek_map_createnode
                0x00000000080012d8       0xc0 ./Core/Src/Snek.o
 .text.snek_map_deletenode
                0x0000000008001398       0xb8 ./Core/Src/Snek.o
 .text.snek_map_drawnode
                0x0000000008001450       0x48 ./Core/Src/Snek.o
 .text.snek_map_erasenode
                0x0000000008001498       0x48 ./Core/Src/Snek.o
 .text.snek_map_drawfruity
                0x00000000080014e0       0x42 ./Core/Src/Snek.o
 .text.snek_map_check_direction
                0x0000000008001522      0x1ec ./Core/Src/Snek.o
 *fill*         0x000000000800170e        0x2 
 .text.snek_map_check_fruity
                0x0000000008001710       0x7c ./Core/Src/Snek.o
 .text.snek_map_compute_newposition
                0x000000000800178c      0x128 ./Core/Src/Snek.o
 .text.snek_gamestate_menu
                0x00000000080018b4      0x160 ./Core/Src/Snek.o
 .text.snek_gamestate_about
                0x0000000008001a14       0xac ./Core/Src/Snek.o
 .text.snek_gamestate_settings
                0x0000000008001ac0      0x1b4 ./Core/Src/Snek.o
 .text.snek_gamestate_scores
                0x0000000008001c74      0x17c ./Core/Src/Snek.o
 .text.snek_gamestate_game
                0x0000000008001df0      0x140 ./Core/Src/Snek.o
 .text.snek_gamestate_over
                0x0000000008001f30      0x294 ./Core/Src/Snek.o
 .text.snek_gamestate_save
                0x00000000080021c4      0x114 ./Core/Src/Snek.o
 .text.snek     0x00000000080022d8       0x74 ./Core/Src/Snek.o
                0x00000000080022d8                snek
 .text.snek_button_callback
                0x000000000800234c       0xc0 ./Core/Src/Snek.o
                0x000000000800234c                snek_button_callback
 .text.snek_gametick_callback
                0x000000000800240c       0x24 ./Core/Src/Snek.o
                0x000000000800240c                snek_gametick_callback
 .text.delay    0x0000000008002430       0x2a ./Core/Src/delay.o
                0x0000000008002430                delay
 *fill*         0x000000000800245a        0x2 
 .text.Eeprom_SendData
                0x000000000800245c       0x68 ./Core/Src/eeprom.o
                0x000000000800245c                Eeprom_SendData
 .text.Eeprom_ReadData
                0x00000000080024c4       0x3c ./Core/Src/eeprom.o
                0x00000000080024c4                Eeprom_ReadData
 .text.Eeprom_Init
                0x0000000008002500       0x20 ./Core/Src/eeprom.o
                0x0000000008002500                Eeprom_Init
 .text.__NVIC_EnableIRQ
                0x0000000008002520       0x3c ./Core/Src/main.o
 .text.main     0x000000000800255c       0x6c ./Core/Src/main.o
                0x000000000800255c                main
 .text.EXTI1_IRQHandler
                0x00000000080025c8       0x30 ./Core/Src/main.o
                0x00000000080025c8                EXTI1_IRQHandler
 .text.EXTI2_IRQHandler
                0x00000000080025f8       0x30 ./Core/Src/main.o
                0x00000000080025f8                EXTI2_IRQHandler
 .text.EXTI15_10_IRQHandler
                0x0000000008002628       0x60 ./Core/Src/main.o
                0x0000000008002628                EXTI15_10_IRQHandler
 .text.TIM1_BRK_TIM9_IRQHandler
                0x0000000008002688       0x18 ./Core/Src/main.o
                0x0000000008002688                TIM1_BRK_TIM9_IRQHandler
 .text.SysClockInit
                0x00000000080026a0       0x48 ./Core/Src/main.o
                0x00000000080026a0                SysClockInit
 .text.GPIOConfig
                0x00000000080026e8       0x88 ./Core/Src/main.o
                0x00000000080026e8                GPIOConfig
 .text.i2c1_config
                0x0000000008002770       0x2c ./Core/Src/main.o
                0x0000000008002770                i2c1_config
 .text.TIM9Config
                0x000000000800279c       0x38 ./Core/Src/main.o
                0x000000000800279c                TIM9Config
 .text._getpid  0x00000000080027d4       0x10 ./Core/Src/syscalls.o
                0x00000000080027d4                _getpid
 .text._kill    0x00000000080027e4       0x20 ./Core/Src/syscalls.o
                0x00000000080027e4                _kill
 .text._exit    0x0000000008002804       0x14 ./Core/Src/syscalls.o
                0x0000000008002804                _exit
 .text._read    0x0000000008002818       0x3a ./Core/Src/syscalls.o
                0x0000000008002818                _read
 .text._write   0x0000000008002852       0x38 ./Core/Src/syscalls.o
                0x0000000008002852                _write
 .text._close   0x000000000800288a       0x18 ./Core/Src/syscalls.o
                0x000000000800288a                _close
 .text._fstat   0x00000000080028a2       0x20 ./Core/Src/syscalls.o
                0x00000000080028a2                _fstat
 .text._isatty  0x00000000080028c2       0x16 ./Core/Src/syscalls.o
                0x00000000080028c2                _isatty
 .text._lseek   0x00000000080028d8       0x1a ./Core/Src/syscalls.o
                0x00000000080028d8                _lseek
 *fill*         0x00000000080028f2        0x2 
 .text._sbrk    0x00000000080028f4       0x6c ./Core/Src/sysmem.o
                0x00000000080028f4                _sbrk
 .text.SystemInit
                0x0000000008002960       0x24 ./Core/Src/system_stm32f4xx.o
                0x0000000008002960                SystemInit
 .text.Reset_Handler
                0x0000000008002984       0x50 ./Core/Startup/startup_stm32f401retx.o
                0x0000000008002984                Reset_Handler
 .text.Default_Handler
                0x00000000080029d4        0x2 ./Core/Startup/startup_stm32f401retx.o
                0x00000000080029d4                RTC_Alarm_IRQHandler
                0x00000000080029d4                DebugMon_Handler
                0x00000000080029d4                SPI4_IRQHandler
                0x00000000080029d4                TIM1_CC_IRQHandler
                0x00000000080029d4                DMA2_Stream5_IRQHandler
                0x00000000080029d4                HardFault_Handler
                0x00000000080029d4                DMA1_Stream5_IRQHandler
                0x00000000080029d4                SysTick_Handler
                0x00000000080029d4                PVD_IRQHandler
                0x00000000080029d4                SDIO_IRQHandler
                0x00000000080029d4                TAMP_STAMP_IRQHandler
                0x00000000080029d4                PendSV_Handler
                0x00000000080029d4                NMI_Handler
                0x00000000080029d4                EXTI3_IRQHandler
                0x00000000080029d4                TIM1_UP_TIM10_IRQHandler
                0x00000000080029d4                I2C3_ER_IRQHandler
                0x00000000080029d4                EXTI0_IRQHandler
                0x00000000080029d4                I2C2_EV_IRQHandler
                0x00000000080029d4                DMA1_Stream2_IRQHandler
                0x00000000080029d4                FPU_IRQHandler
                0x00000000080029d4                UsageFault_Handler
                0x00000000080029d4                DMA2_Stream2_IRQHandler
                0x00000000080029d4                SPI1_IRQHandler
                0x00000000080029d4                DMA2_Stream3_IRQHandler
                0x00000000080029d4                USART6_IRQHandler
                0x00000000080029d4                DMA2_Stream0_IRQHandler
                0x00000000080029d4                TIM4_IRQHandler
                0x00000000080029d4                I2C1_EV_IRQHandler
                0x00000000080029d4                DMA1_Stream6_IRQHandler
                0x00000000080029d4                DMA1_Stream1_IRQHandler
                0x00000000080029d4                TIM3_IRQHandler
                0x00000000080029d4                RCC_IRQHandler
                0x00000000080029d4                Default_Handler
                0x00000000080029d4                ADC_IRQHandler
                0x00000000080029d4                DMA1_Stream7_IRQHandler
                0x00000000080029d4                TIM5_IRQHandler
                0x00000000080029d4                DMA2_Stream7_IRQHandler
                0x00000000080029d4                I2C3_EV_IRQHandler
                0x00000000080029d4                EXTI9_5_IRQHandler
                0x00000000080029d4                RTC_WKUP_IRQHandler
                0x00000000080029d4                SPI2_IRQHandler
                0x00000000080029d4                MemManage_Handler
                0x00000000080029d4                DMA1_Stream0_IRQHandler
                0x00000000080029d4                SVC_Handler
                0x00000000080029d4                EXTI4_IRQHandler
                0x00000000080029d4                WWDG_IRQHandler
                0x00000000080029d4                TIM2_IRQHandler
                0x00000000080029d4                OTG_FS_WKUP_IRQHandler
                0x00000000080029d4                TIM1_TRG_COM_TIM11_IRQHandler
                0x00000000080029d4                USART2_IRQHandler
                0x00000000080029d4                I2C2_ER_IRQHandler
                0x00000000080029d4                DMA2_Stream1_IRQHandler
                0x00000000080029d4                FLASH_IRQHandler
                0x00000000080029d4                DMA2_Stream4_IRQHandler
                0x00000000080029d4                BusFault_Handler
                0x00000000080029d4                USART1_IRQHandler
                0x00000000080029d4                OTG_FS_IRQHandler
                0x00000000080029d4                SPI3_IRQHandler
                0x00000000080029d4                DMA1_Stream4_IRQHandler
                0x00000000080029d4                I2C1_ER_IRQHandler
                0x00000000080029d4                DMA2_Stream6_IRQHandler
                0x00000000080029d4                DMA1_Stream3_IRQHandler
 *fill*         0x00000000080029d6        0x2 
 .text.TIM_ClockEnable
                0x00000000080029d8       0xe4 ./Core/mydrivers/Src/stm32401xe_tim.o
                0x00000000080029d8                TIM_ClockEnable
 .text.TIM_InitTimer
                0x0000000008002abc       0x46 ./Core/mydrivers/Src/stm32401xe_tim.o
                0x0000000008002abc                TIM_InitTimer
 .text.TIM_EnableIRQ
                0x0000000008002b02       0x30 ./Core/mydrivers/Src/stm32401xe_tim.o
                0x0000000008002b02                TIM_EnableIRQ
 .text.TIM_ClearUpdateFlag
                0x0000000008002b32       0x20 ./Core/mydrivers/Src/stm32401xe_tim.o
                0x0000000008002b32                TIM_ClearUpdateFlag
 .text.TIM_StartTimer
                0x0000000008002b52       0x24 ./Core/mydrivers/Src/stm32401xe_tim.o
                0x0000000008002b52                TIM_StartTimer
 *fill*         0x0000000008002b76        0x2 
 .text.GPIO_ClockEnable
                0x0000000008002b78       0xb4 ./Core/mydrivers/Src/stm32f401xe_gpio.o
 .text.GPIO_InitPin
                0x0000000008002c2c      0x31c ./Core/mydrivers/Src/stm32f401xe_gpio.o
                0x0000000008002c2c                GPIO_InitPin
 .text.GPIO_ClearPendingEXTIFlag
                0x0000000008002f48       0x30 ./Core/mydrivers/Src/stm32f401xe_gpio.o
                0x0000000008002f48                GPIO_ClearPendingEXTIFlag
 .text.i2c_clock_enable
                0x0000000008002f78       0x64 ./Core/mydrivers/Src/stm32f401xe_i2c.o
 .text.i2c_init_gpio_pins
                0x0000000008002fdc      0x100 ./Core/mydrivers/Src/stm32f401xe_i2c.o
 .text.i2c_init
                0x00000000080030dc      0x1c0 ./Core/mydrivers/Src/stm32f401xe_i2c.o
                0x00000000080030dc                i2c_init
 .text.i2c_send_address
                0x000000000800329c       0x7e ./Core/mydrivers/Src/stm32f401xe_i2c.o
 *fill*         0x000000000800331a        0x2 
 .text.i2c_transmit
                0x000000000800331c       0xc4 ./Core/mydrivers/Src/stm32f401xe_i2c.o
                0x000000000800331c                i2c_transmit
 .text.i2c_recieve
                0x00000000080033e0      0x17c ./Core/mydrivers/Src/stm32f401xe_i2c.o
                0x00000000080033e0                i2c_recieve
 .text.RCC_InitClock
                0x000000000800355c      0x270 ./Core/mydrivers/Src/stm32f401xe_rcc.o
                0x000000000800355c                RCC_InitClock
 .text.RCC_CalculatePllclk
                0x00000000080037cc       0x60 ./Core/mydrivers/Src/stm32f401xe_rcc.o
 .text.RCC_GetApbPrescaler
                0x000000000800382c       0x68 ./Core/mydrivers/Src/stm32f401xe_rcc.o
 .text.RCC_GetAhbPrescaler
                0x0000000008003894       0xa4 ./Core/mydrivers/Src/stm32f401xe_rcc.o
 .text.RCC_GetSysclk
                0x0000000008003938       0x5c ./Core/mydrivers/Src/stm32f401xe_rcc.o
                0x0000000008003938                RCC_GetSysclk
 .text.RCC_GetHclk
                0x0000000008003994       0x38 ./Core/mydrivers/Src/stm32f401xe_rcc.o
                0x0000000008003994                RCC_GetHclk
 .text.RCC_GetPclk
                0x00000000080039cc       0x64 ./Core/mydrivers/Src/stm32f401xe_rcc.o
                0x00000000080039cc                RCC_GetPclk
 .text.RCC_GetClockFrequencies
                0x0000000008003a30       0x3c ./Core/mydrivers/Src/stm32f401xe_rcc.o
                0x0000000008003a30                RCC_GetClockFrequencies
 .text.__errno  0x0000000008003a6c        0xc d:/st/stm32cubeide_1.6.1/stm32cubeide/plugins/com.st.stm32cube.ide.mcu.externaltools.gnu-tools-for-stm32.9-2020-q2-update.win32_2.0.0.202105311346/tools/bin/../lib/gcc/arm-none-eabi/9.3.1/../../../../arm-none-eabi/lib/thumb/v7e-m+fp/hard\libc_nano.a(lib_a-errno.o)
                0x0000000008003a6c                __errno
 .text.__libc_init_array
                0x0000000008003a78       0x48 d:/st/stm32cubeide_1.6.1/stm32cubeide/plugins/com.st.stm32cube.ide.mcu.externaltools.gnu-tools-for-stm32.9-2020-q2-update.win32_2.0.0.202105311346/tools/bin/../lib/gcc/arm-none-eabi/9.3.1/../../../../arm-none-eabi/lib/thumb/v7e-m+fp/hard\libc_nano.a(lib_a-init.o)
                0x0000000008003a78                __libc_init_array
 .text.memcpy   0x0000000008003ac0       0x1c d:/st/stm32cubeide_1.6.1/stm32cubeide/plugins/com.st.stm32cube.ide.mcu.externaltools.gnu-tools-for-stm32.9-2020-q2-update.win32_2.0.0.202105311346/tools/bin/../lib/gcc/arm-none-eabi/9.3.1/../../../../arm-none-eabi/lib/thumb/v7e-m+fp/hard\libc_nano.a(lib_a-memcpy-stub.o)
                0x0000000008003ac0                memcpy
 .text.memset   0x0000000008003adc       0x10 d:/st/stm32cubeide_1.6.1/stm32cubeide/plugins/com.st.stm32cube.ide.mcu.externaltools.gnu-tools-for-stm32.9-2020-q2-update.win32_2.0.0.202105311346/tools/bin/../lib/gcc/arm-none-eabi/9.3.1/../../../../arm-none-eabi/lib/thumb/v7e-m+fp/hard\libc_nano.a(lib_a-memset.o)
                0x0000000008003adc                memset
 .text.rand     0x0000000008003aec       0x80 d:/st/stm32cubeide_1.6.1/stm32cubeide/plugins/com.st.stm32cube.ide.mcu.externaltools.gnu-tools-for-stm32.9-2020-q2-update.win32_2.0.0.202105311346/tools/bin/../lib/gcc/arm-none-eabi/9.3.1/../../../../arm-none-eabi/lib/thumb/v7e-m+fp/hard\libc_nano.a(lib_a-rand.o)
                0x0000000008003aec                rand
 .text.sprintf  0x0000000008003b6c       0x40 d:/st/stm32cubeide_1.6.1/stm32cubeide/plugins/com.st.stm32cube.ide.mcu.externaltools.gnu-tools-for-stm32.9-2020-q2-update.win32_2.0.0.202105311346/tools/bin/../lib/gcc/arm-none-eabi/9.3.1/../../../../arm-none-eabi/lib/thumb/v7e-m+fp/hard\libc_nano.a(lib_a-sprintf.o)
                0x0000000008003b6c                siprintf
                0x0000000008003b6c                sprintf
 .text.__assert_func
                0x0000000008003bac       0x3c d:/st/stm32cubeide_1.6.1/stm32cubeide/plugins/com.st.stm32cube.ide.mcu.externaltools.gnu-tools-for-stm32.9-2020-q2-update.win32_2.0.0.202105311346/tools/bin/../lib/gcc/arm-none-eabi/9.3.1/../../../../arm-none-eabi/lib/thumb/v7e-m+fp/hard\libc_nano.a(lib_a-assert.o)
                0x0000000008003bac                __assert_func
 .text.fprintf  0x0000000008003be8       0x24 d:/st/stm32cubeide_1.6.1/stm32cubeide/plugins/com.st.stm32cube.ide.mcu.externaltools.gnu-tools-for-stm32.9-2020-q2-update.win32_2.0.0.202105311346/tools/bin/../lib/gcc/arm-none-eabi/9.3.1/../../../../arm-none-eabi/lib/thumb/v7e-m+fp/hard\libc_nano.a(lib_a-fprintf.o)
                0x0000000008003be8                fiprintf
                0x0000000008003be8                fprintf
 .text.malloc   0x0000000008003c0c       0x10 d:/st/stm32cubeide_1.6.1/stm32cubeide/plugins/com.st.stm32cube.ide.mcu.externaltools.gnu-tools-for-stm32.9-2020-q2-update.win32_2.0.0.202105311346/tools/bin/../lib/gcc/arm-none-eabi/9.3.1/../../../../arm-none-eabi/lib/thumb/v7e-m+fp/hard\libc_nano.a(lib_a-malloc.o)
                0x0000000008003c0c                malloc
 .text._free_r  0x0000000008003c1c       0xa0 d:/st/stm32cubeide_1.6.1/stm32cubeide/plugins/com.st.stm32cube.ide.mcu.externaltools.gnu-tools-for-stm32.9-2020-q2-update.win32_2.0.0.202105311346/tools/bin/../lib/gcc/arm-none-eabi/9.3.1/../../../../arm-none-eabi/lib/thumb/v7e-m+fp/hard\libc_nano.a(lib_a-nano-freer.o)
                0x0000000008003c1c                _free_r
 .text._malloc_r
                0x0000000008003cbc       0xb4 d:/st/stm32cubeide_1.6.1/stm32cubeide/plugins/com.st.stm32cube.ide.mcu.externaltools.gnu-tools-for-stm32.9-2020-q2-update.win32_2.0.0.202105311346/tools/bin/../lib/gcc/arm-none-eabi/9.3.1/../../../../arm-none-eabi/lib/thumb/v7e-m+fp/hard\libc_nano.a(lib_a-nano-mallocr.o)
                0x0000000008003cbc                _malloc_r
 .text.__ssputs_r
                0x0000000008003d70       0xb6 d:/st/stm32cubeide_1.6.1/stm32cubeide/plugins/com.st.stm32cube.ide.mcu.externaltools.gnu-tools-for-stm32.9-2020-q2-update.win32_2.0.0.202105311346/tools/bin/../lib/gcc/arm-none-eabi/9.3.1/../../../../arm-none-eabi/lib/thumb/v7e-m+fp/hard\libc_nano.a(lib_a-nano-svfprintf.o)
                0x0000000008003d70                __ssputs_r
 *fill*         0x0000000008003e26        0x2 
 .text._svfprintf_r
                0x0000000008003e28      0x200 d:/st/stm32cubeide_1.6.1/stm32cubeide/plugins/com.st.stm32cube.ide.mcu.externaltools.gnu-tools-for-stm32.9-2020-q2-update.win32_2.0.0.202105311346/tools/bin/../lib/gcc/arm-none-eabi/9.3.1/../../../../arm-none-eabi/lib/thumb/v7e-m+fp/hard\libc_nano.a(lib_a-nano-svfprintf.o)
                0x0000000008003e28                _svfiprintf_r
                0x0000000008003e28                _svfprintf_r
 .text.__sfputc_r
                0x0000000008004028       0x2e d:/st/stm32cubeide_1.6.1/stm32cubeide/plugins/com.st.stm32cube.ide.mcu.externaltools.gnu-tools-for-stm32.9-2020-q2-update.win32_2.0.0.202105311346/tools/bin/../lib/gcc/arm-none-eabi/9.3.1/../../../../arm-none-eabi/lib/thumb/v7e-m+fp/hard\libc_nano.a(lib_a-nano-vfprintf.o)
 .text.__sfputs_r
                0x0000000008004056       0x24 d:/st/stm32cubeide_1.6.1/stm32cubeide/plugins/com.st.stm32cube.ide.mcu.externaltools.gnu-tools-for-stm32.9-2020-q2-update.win32_2.0.0.202105311346/tools/bin/../lib/gcc/arm-none-eabi/9.3.1/../../../../arm-none-eabi/lib/thumb/v7e-m+fp/hard\libc_nano.a(lib_a-nano-vfprintf.o)
                0x0000000008004056                __sfputs_r
 *fill*         0x000000000800407a        0x2 
 .text._vfprintf_r
                0x000000000800407c      0x260 d:/st/stm32cubeide_1.6.1/stm32cubeide/plugins/com.st.stm32cube.ide.mcu.externaltools.gnu-tools-for-stm32.9-2020-q2-update.win32_2.0.0.202105311346/tools/bin/../lib/gcc/arm-none-eabi/9.3.1/../../../../arm-none-eabi/lib/thumb/v7e-m+fp/hard\libc_nano.a(lib_a-nano-vfprintf.o)
                0x000000000800407c                _vfprintf_r
                0x000000000800407c                _vfiprintf_r
 .text._printf_common
                0x00000000080042dc       0xda d:/st/stm32cubeide_1.6.1/stm32cubeide/plugins/com.st.stm32cube.ide.mcu.externaltools.gnu-tools-for-stm32.9-2020-q2-update.win32_2.0.0.202105311346/tools/bin/../lib/gcc/arm-none-eabi/9.3.1/../../../../arm-none-eabi/lib/thumb/v7e-m+fp/hard\libc_nano.a(lib_a-nano-vfprintf_i.o)
                0x00000000080042dc                _printf_common
 *fill*         0x00000000080043b6        0x2 
 .text._printf_i
                0x00000000080043b8      0x24c d:/st/stm32cubeide_1.6.1/stm32cubeide/plugins/com.st.stm32cube.ide.mcu.externaltools.gnu-tools-for-stm32.9-2020-q2-update.win32_2.0.0.202105311346/tools/bin/../lib/gcc/arm-none-eabi/9.3.1/../../../../arm-none-eabi/lib/thumb/v7e-m+fp/hard\libc_nano.a(lib_a-nano-vfprintf_i.o)
                0x00000000080043b8                _printf_i
 .text._sbrk_r  0x0000000008004604       0x20 d:/st/stm32cubeide_1.6.1/stm32cubeide/plugins/com.st.stm32cube.ide.mcu.externaltools.gnu-tools-for-stm32.9-2020-q2-update.win32_2.0.0.202105311346/tools/bin/../lib/gcc/arm-none-eabi/9.3.1/../../../../arm-none-eabi/lib/thumb/v7e-m+fp/hard\libc_nano.a(lib_a-sbrkr.o)
                0x0000000008004604                _sbrk_r
 .text.__swbuf_r
                0x0000000008004624       0xa4 d:/st/stm32cubeide_1.6.1/stm32cubeide/plugins/com.st.stm32cube.ide.mcu.externaltools.gnu-tools-for-stm32.9-2020-q2-update.win32_2.0.0.202105311346/tools/bin/../lib/gcc/arm-none-eabi/9.3.1/../../../../arm-none-eabi/lib/thumb/v7e-m+fp/hard\libc_nano.a(lib_a-wbuf.o)
                0x0000000008004624                __swbuf_r
 .text.__swsetup_r
                0x00000000080046c8       0xdc d:/st/stm32cubeide_1.6.1/stm32cubeide/plugins/com.st.stm32cube.ide.mcu.externaltools.gnu-tools-for-stm32.9-2020-q2-update.win32_2.0.0.202105311346/tools/bin/../lib/gcc/arm-none-eabi/9.3.1/../../../../arm-none-eabi/lib/thumb/v7e-m+fp/hard\libc_nano.a(lib_a-wsetup.o)
                0x00000000080046c8                __swsetup_r
 .text.abort    0x00000000080047a4        0xe d:/st/stm32cubeide_1.6.1/stm32cubeide/plugins/com.st.stm32cube.ide.mcu.externaltools.gnu-tools-for-stm32.9-2020-q2-update.win32_2.0.0.202105311346/tools/bin/../lib/gcc/arm-none-eabi/9.3.1/../../../../arm-none-eabi/lib/thumb/v7e-m+fp/hard\libc_nano.a(lib_a-abort.o)
                0x00000000080047a4                abort
 *fill*         0x00000000080047b2        0x2 
 .text.__sflush_r
                0x00000000080047b4      0x10c d:/st/stm32cubeide_1.6.1/stm32cubeide/plugins/com.st.stm32cube.ide.mcu.externaltools.gnu-tools-for-stm32.9-2020-q2-update.win32_2.0.0.202105311346/tools/bin/../lib/gcc/arm-none-eabi/9.3.1/../../../../arm-none-eabi/lib/thumb/v7e-m+fp/hard\libc_nano.a(lib_a-fflush.o)
                0x00000000080047b4                __sflush_r
 .text._fflush_r
                0x00000000080048c0       0x78 d:/st/stm32cubeide_1.6.1/stm32cubeide/plugins/com.st.stm32cube.ide.mcu.externaltools.gnu-tools-for-stm32.9-2020-q2-update.win32_2.0.0.202105311346/tools/bin/../lib/gcc/arm-none-eabi/9.3.1/../../../../arm-none-eabi/lib/thumb/v7e-m+fp/hard\libc_nano.a(lib_a-fflush.o)
                0x00000000080048c0                _fflush_r
 .text.std      0x0000000008004938       0x48 d:/st/stm32cubeide_1.6.1/stm32cubeide/plugins/com.st.stm32cube.ide.mcu.externaltools.gnu-tools-for-stm32.9-2020-q2-update.win32_2.0.0.202105311346/tools/bin/../lib/gcc/arm-none-eabi/9.3.1/../../../../arm-none-eabi/lib/thumb/v7e-m+fp/hard\libc_nano.a(lib_a-findfp.o)
 .text._cleanup_r
                0x0000000008004980        0xc d:/st/stm32cubeide_1.6.1/stm32cubeide/plugins/com.st.stm32cube.ide.mcu.externaltools.gnu-tools-for-stm32.9-2020-q2-update.win32_2.0.0.202105311346/tools/bin/../lib/gcc/arm-none-eabi/9.3.1/../../../../arm-none-eabi/lib/thumb/v7e-m+fp/hard\libc_nano.a(lib_a-findfp.o)
                0x0000000008004980                _cleanup_r
 .text.__sfmoreglue
                0x000000000800498c       0x2c d:/st/stm32cubeide_1.6.1/stm32cubeide/plugins/com.st.stm32cube.ide.mcu.externaltools.gnu-tools-for-stm32.9-2020-q2-update.win32_2.0.0.202105311346/tools/bin/../lib/gcc/arm-none-eabi/9.3.1/../../../../arm-none-eabi/lib/thumb/v7e-m+fp/hard\libc_nano.a(lib_a-findfp.o)
                0x000000000800498c                __sfmoreglue
 .text.__sfp_lock_acquire
                0x00000000080049b8        0xc d:/st/stm32cubeide_1.6.1/stm32cubeide/plugins/com.st.stm32cube.ide.mcu.externaltools.gnu-tools-for-stm32.9-2020-q2-update.win32_2.0.0.202105311346/tools/bin/../lib/gcc/arm-none-eabi/9.3.1/../../../../arm-none-eabi/lib/thumb/v7e-m+fp/hard\libc_nano.a(lib_a-findfp.o)
                0x00000000080049b8                __sfp_lock_acquire
 .text.__sfp_lock_release
                0x00000000080049c4        0xc d:/st/stm32cubeide_1.6.1/stm32cubeide/plugins/com.st.stm32cube.ide.mcu.externaltools.gnu-tools-for-stm32.9-2020-q2-update.win32_2.0.0.202105311346/tools/bin/../lib/gcc/arm-none-eabi/9.3.1/../../../../arm-none-eabi/lib/thumb/v7e-m+fp/hard\libc_nano.a(lib_a-findfp.o)
                0x00000000080049c4                __sfp_lock_release
 .text.__sinit_lock_acquire
                0x00000000080049d0        0xc d:/st/stm32cubeide_1.6.1/stm32cubeide/plugins/com.st.stm32cube.ide.mcu.externaltools.gnu-tools-for-stm32.9-2020-q2-update.win32_2.0.0.202105311346/tools/bin/../lib/gcc/arm-none-eabi/9.3.1/../../../../arm-none-eabi/lib/thumb/v7e-m+fp/hard\libc_nano.a(lib_a-findfp.o)
                0x00000000080049d0                __sinit_lock_acquire
 .text.__sinit_lock_release
                0x00000000080049dc        0xc d:/st/stm32cubeide_1.6.1/stm32cubeide/plugins/com.st.stm32cube.ide.mcu.externaltools.gnu-tools-for-stm32.9-2020-q2-update.win32_2.0.0.202105311346/tools/bin/../lib/gcc/arm-none-eabi/9.3.1/../../../../arm-none-eabi/lib/thumb/v7e-m+fp/hard\libc_nano.a(lib_a-findfp.o)
                0x00000000080049dc                __sinit_lock_release
 .text.__sinit  0x00000000080049e8       0x70 d:/st/stm32cubeide_1.6.1/stm32cubeide/plugins/com.st.stm32cube.ide.mcu.externaltools.gnu-tools-for-stm32.9-2020-q2-update.win32_2.0.0.202105311346/tools/bin/../lib/gcc/arm-none-eabi/9.3.1/../../../../arm-none-eabi/lib/thumb/v7e-m+fp/hard\libc_nano.a(lib_a-findfp.o)
                0x00000000080049e8                __sinit
 .text.__sfp    0x0000000008004a58       0x8c d:/st/stm32cubeide_1.6.1/stm32cubeide/plugins/com.st.stm32cube.ide.mcu.externaltools.gnu-tools-for-stm32.9-2020-q2-update.win32_2.0.0.202105311346/tools/bin/../lib/gcc/arm-none-eabi/9.3.1/../../../../arm-none-eabi/lib/thumb/v7e-m+fp/hard\libc_nano.a(lib_a-findfp.o)
                0x0000000008004a58                __sfp
 .text._fwalk_reent
                0x0000000008004ae4       0x3e d:/st/stm32cubeide_1.6.1/stm32cubeide/plugins/com.st.stm32cube.ide.mcu.externaltools.gnu-tools-for-stm32.9-2020-q2-update.win32_2.0.0.202105311346/tools/bin/../lib/gcc/arm-none-eabi/9.3.1/../../../../arm-none-eabi/lib/thumb/v7e-m+fp/hard\libc_nano.a(lib_a-fwalk.o)
                0x0000000008004ae4                _fwalk_reent
 .text.__retarget_lock_init_recursive
                0x0000000008004b22        0x2 d:/st/stm32cubeide_1.6.1/stm32cubeide/plugins/com.st.stm32cube.ide.mcu.externaltools.gnu-tools-for-stm32.9-2020-q2-update.win32_2.0.0.202105311346/tools/bin/../lib/gcc/arm-none-eabi/9.3.1/../../../../arm-none-eabi/lib/thumb/v7e-m+fp/hard\libc_nano.a(lib_a-lock.o)
                0x0000000008004b22                __retarget_lock_init_recursive
 .text.__retarget_lock_acquire_recursive
                0x0000000008004b24        0x2 d:/st/stm32cubeide_1.6.1/stm32cubeide/plugins/com.st.stm32cube.ide.mcu.externaltools.gnu-tools-for-stm32.9-2020-q2-update.win32_2.0.0.202105311346/tools/bin/../lib/gcc/arm-none-eabi/9.3.1/../../../../arm-none-eabi/lib/thumb/v7e-m+fp/hard\libc_nano.a(lib_a-lock.o)
                0x0000000008004b24                __retarget_lock_acquire_recursive
 .text.__retarget_lock_release_recursive
                0x0000000008004b26        0x2 d:/st/stm32cubeide_1.6.1/stm32cubeide/plugins/com.st.stm32cube.ide.mcu.externaltools.gnu-tools-for-stm32.9-2020-q2-update.win32_2.0.0.202105311346/tools/bin/../lib/gcc/arm-none-eabi/9.3.1/../../../../arm-none-eabi/lib/thumb/v7e-m+fp/hard\libc_nano.a(lib_a-lock.o)
                0x0000000008004b26                __retarget_lock_release_recursive
 .text.__swhatbuf_r
                0x0000000008004b28       0x48 d:/st/stm32cubeide_1.6.1/stm32cubeide/plugins/com.st.stm32cube.ide.mcu.externaltools.gnu-tools-for-stm32.9-2020-q2-update.win32_2.0.0.202105311346/tools/bin/../lib/gcc/arm-none-eabi/9.3.1/../../../../arm-none-eabi/lib/thumb/v7e-m+fp/hard\libc_nano.a(lib_a-makebuf.o)
                0x0000000008004b28                __swhatbuf_r
 .text.__smakebuf_r
                0x0000000008004b70       0x80 d:/st/stm32cubeide_1.6.1/stm32cubeide/plugins/com.st.stm32cube.ide.mcu.externaltools.gnu-tools-for-stm32.9-2020-q2-update.win32_2.0.0.202105311346/tools/bin/../lib/gcc/arm-none-eabi/9.3.1/../../../../arm-none-eabi/lib/thumb/v7e-m+fp/hard\libc_nano.a(lib_a-makebuf.o)
                0x0000000008004b70                __smakebuf_r
 .text.memmove  0x0000000008004bf0       0x34 d:/st/stm32cubeide_1.6.1/stm32cubeide/plugins/com.st.stm32cube.ide.mcu.externaltools.gnu-tools-for-stm32.9-2020-q2-update.win32_2.0.0.202105311346/tools/bin/../lib/gcc/arm-none-eabi/9.3.1/../../../../arm-none-eabi/lib/thumb/v7e-m+fp/hard\libc_nano.a(lib_a-memmove.o)
                0x0000000008004bf0                memmove
 .text.__malloc_lock
                0x0000000008004c24        0xc d:/st/stm32cubeide_1.6.1/stm32cubeide/plugins/com.st.stm32cube.ide.mcu.externaltools.gnu-tools-for-stm32.9-2020-q2-update.win32_2.0.0.202105311346/tools/bin/../lib/gcc/arm-none-eabi/9.3.1/../../../../arm-none-eabi/lib/thumb/v7e-m+fp/hard\libc_nano.a(lib_a-mlock.o)
                0x0000000008004c24                __malloc_lock
 .text.__malloc_unlock
                0x0000000008004c30        0xc d:/st/stm32cubeide_1.6.1/stm32cubeide/plugins/com.st.stm32cube.ide.mcu.externaltools.gnu-tools-for-stm32.9-2020-q2-update.win32_2.0.0.202105311346/tools/bin/../lib/gcc/arm-none-eabi/9.3.1/../../../../arm-none-eabi/lib/thumb/v7e-m+fp/hard\libc_nano.a(lib_a-mlock.o)
                0x0000000008004c30                __malloc_unlock
 .text._realloc_r
                0x0000000008004c3c       0x4c d:/st/stm32cubeide_1.6.1/stm32cubeide/plugins/com.st.stm32cube.ide.mcu.externaltools.gnu-tools-for-stm32.9-2020-q2-update.win32_2.0.0.202105311346/tools/bin/../lib/gcc/arm-none-eabi/9.3.1/../../../../arm-none-eabi/lib/thumb/v7e-m+fp/hard\libc_nano.a(lib_a-nano-reallocr.o)
                0x0000000008004c3c                _realloc_r
 .text._raise_r
                0x0000000008004c88       0x50 d:/st/stm32cubeide_1.6.1/stm32cubeide/plugins/com.st.stm32cube.ide.mcu.externaltools.gnu-tools-for-stm32.9-2020-q2-update.win32_2.0.0.202105311346/tools/bin/../lib/gcc/arm-none-eabi/9.3.1/../../../../arm-none-eabi/lib/thumb/v7e-m+fp/hard\libc_nano.a(lib_a-signal.o)
                0x0000000008004c88                _raise_r
 .text.raise    0x0000000008004cd8       0x10 d:/st/stm32cubeide_1.6.1/stm32cubeide/plugins/com.st.stm32cube.ide.mcu.externaltools.gnu-tools-for-stm32.9-2020-q2-update.win32_2.0.0.202105311346/tools/bin/../lib/gcc/arm-none-eabi/9.3.1/../../../../arm-none-eabi/lib/thumb/v7e-m+fp/hard\libc_nano.a(lib_a-signal.o)
                0x0000000008004cd8                raise
 .text._kill_r  0x0000000008004ce8       0x24 d:/st/stm32cubeide_1.6.1/stm32cubeide/plugins/com.st.stm32cube.ide.mcu.externaltools.gnu-tools-for-stm32.9-2020-q2-update.win32_2.0.0.202105311346/tools/bin/../lib/gcc/arm-none-eabi/9.3.1/../../../../arm-none-eabi/lib/thumb/v7e-m+fp/hard\libc_nano.a(lib_a-signalr.o)
                0x0000000008004ce8                _kill_r
 .text._getpid_r
                0x0000000008004d0c        0x4 d:/st/stm32cubeide_1.6.1/stm32cubeide/plugins/com.st.stm32cube.ide.mcu.externaltools.gnu-tools-for-stm32.9-2020-q2-update.win32_2.0.0.202105311346/tools/bin/../lib/gcc/arm-none-eabi/9.3.1/../../../../arm-none-eabi/lib/thumb/v7e-m+fp/hard\libc_nano.a(lib_a-signalr.o)
                0x0000000008004d0c                _getpid_r
 .text.__sread  0x0000000008004d10       0x22 d:/st/stm32cubeide_1.6.1/stm32cubeide/plugins/com.st.stm32cube.ide.mcu.externaltools.gnu-tools-for-stm32.9-2020-q2-update.win32_2.0.0.202105311346/tools/bin/../lib/gcc/arm-none-eabi/9.3.1/../../../../arm-none-eabi/lib/thumb/v7e-m+fp/hard\libc_nano.a(lib_a-stdio.o)
                0x0000000008004d10                __sread
 .text.__swrite
                0x0000000008004d32       0x38 d:/st/stm32cubeide_1.6.1/stm32cubeide/plugins/com.st.stm32cube.ide.mcu.externaltools.gnu-tools-for-stm32.9-2020-q2-update.win32_2.0.0.202105311346/tools/bin/../lib/gcc/arm-none-eabi/9.3.1/../../../../arm-none-eabi/lib/thumb/v7e-m+fp/hard\libc_nano.a(lib_a-stdio.o)
                0x0000000008004d32                __swrite
 .text.__sseek  0x0000000008004d6a       0x24 d:/st/stm32cubeide_1.6.1/stm32cubeide/plugins/com.st.stm32cube.ide.mcu.externaltools.gnu-tools-for-stm32.9-2020-q2-update.win32_2.0.0.202105311346/tools/bin/../lib/gcc/arm-none-eabi/9.3.1/../../../../arm-none-eabi/lib/thumb/v7e-m+fp/hard\libc_nano.a(lib_a-stdio.o)
                0x0000000008004d6a                __sseek
 .text.__sclose
                0x0000000008004d8e        0x8 d:/st/stm32cubeide_1.6.1/stm32cubeide/plugins/com.st.stm32cube.ide.mcu.externaltools.gnu-tools-for-stm32.9-2020-q2-update.win32_2.0.0.202105311346/tools/bin/../lib/gcc/arm-none-eabi/9.3.1/../../../../arm-none-eabi/lib/thumb/v7e-m+fp/hard\libc_nano.a(lib_a-stdio.o)
                0x0000000008004d8e                __sclose
 *fill*         0x0000000008004d96        0x2 
 .text._write_r
                0x0000000008004d98       0x24 d:/st/stm32cubeide_1.6.1/stm32cubeide/plugins/com.st.stm32cube.ide.mcu.externaltools.gnu-tools-for-stm32.9-2020-q2-update.win32_2.0.0.202105311346/tools/bin/../lib/gcc/arm-none-eabi/9.3.1/../../../../arm-none-eabi/lib/thumb/v7e-m+fp/hard\libc_nano.a(lib_a-writer.o)
                0x0000000008004d98                _write_r
 .text._close_r
                0x0000000008004dbc       0x20 d:/st/stm32cubeide_1.6.1/stm32cubeide/plugins/com.st.stm32cube.ide.mcu.externaltools.gnu-tools-for-stm32.9-2020-q2-update.win32_2.0.0.202105311346/tools/bin/../lib/gcc/arm-none-eabi/9.3.1/../../../../arm-none-eabi/lib/thumb/v7e-m+fp/hard\libc_nano.a(lib_a-closer.o)
                0x0000000008004dbc                _close_r
 .text._fstat_r
                0x0000000008004ddc       0x24 d:/st/stm32cubeide_1.6.1/stm32cubeide/plugins/com.st.stm32cube.ide.mcu.externaltools.gnu-tools-for-stm32.9-2020-q2-update.win32_2.0.0.202105311346/tools/bin/../lib/gcc/arm-none-eabi/9.3.1/../../../../arm-none-eabi/lib/thumb/v7e-m+fp/hard\libc_nano.a(lib_a-fstatr.o)
                0x0000000008004ddc                _fstat_r
 .text._isatty_r
                0x0000000008004e00       0x20 d:/st/stm32cubeide_1.6.1/stm32cubeide/plugins/com.st.stm32cube.ide.mcu.externaltools.gnu-tools-for-stm32.9-2020-q2-update.win32_2.0.0.202105311346/tools/bin/../lib/gcc/arm-none-eabi/9.3.1/../../../../arm-none-eabi/lib/thumb/v7e-m+fp/hard\libc_nano.a(lib_a-isattyr.o)
                0x0000000008004e00                _isatty_r
 .text._lseek_r
                0x0000000008004e20       0x24 d:/st/stm32cubeide_1.6.1/stm32cubeide/plugins/com.st.stm32cube.ide.mcu.externaltools.gnu-tools-for-stm32.9-2020-q2-update.win32_2.0.0.202105311346/tools/bin/../lib/gcc/arm-none-eabi/9.3.1/../../../../arm-none-eabi/lib/thumb/v7e-m+fp/hard\libc_nano.a(lib_a-lseekr.o)
                0x0000000008004e20                _lseek_r
 .text._malloc_usable_size_r
                0x0000000008004e44       0x10 d:/st/stm32cubeide_1.6.1/stm32cubeide/plugins/com.st.stm32cube.ide.mcu.externaltools.gnu-tools-for-stm32.9-2020-q2-update.win32_2.0.0.202105311346/tools/bin/../lib/gcc/arm-none-eabi/9.3.1/../../../../arm-none-eabi/lib/thumb/v7e-m+fp/hard\libc_nano.a(lib_a-nano-msizer.o)
                0x0000000008004e44                _malloc_usable_size_r
 .text._read_r  0x0000000008004e54       0x24 d:/st/stm32cubeide_1.6.1/stm32cubeide/plugins/com.st.stm32cube.ide.mcu.externaltools.gnu-tools-for-stm32.9-2020-q2-update.win32_2.0.0.202105311346/tools/bin/../lib/gcc/arm-none-eabi/9.3.1/../../../../arm-none-eabi/lib/thumb/v7e-m+fp/hard\libc_nano.a(lib_a-readr.o)
                0x0000000008004e54                _read_r
 *(.glue_7)
 .glue_7        0x0000000008004e78        0x0 linker stubs
 *(.glue_7t)
 .glue_7t       0x0000000008004e78        0x0 linker stubs
 *(.eh_frame)
 .eh_frame      0x0000000008004e78        0x0 d:/st/stm32cubeide_1.6.1/stm32cubeide/plugins/com.st.stm32cube.ide.mcu.externaltools.gnu-tools-for-stm32.9-2020-q2-update.win32_2.0.0.202105311346/tools/bin/../lib/gcc/arm-none-eabi/9.3.1/thumb/v7e-m+fp/hard/crtbegin.o
 *(.init)
 .init          0x0000000008004e78        0x4 d:/st/stm32cubeide_1.6.1/stm32cubeide/plugins/com.st.stm32cube.ide.mcu.externaltools.gnu-tools-for-stm32.9-2020-q2-update.win32_2.0.0.202105311346/tools/bin/../lib/gcc/arm-none-eabi/9.3.1/thumb/v7e-m+fp/hard/crti.o
                0x0000000008004e78                _init
 .init          0x0000000008004e7c        0x8 d:/st/stm32cubeide_1.6.1/stm32cubeide/plugins/com.st.stm32cube.ide.mcu.externaltools.gnu-tools-for-stm32.9-2020-q2-update.win32_2.0.0.202105311346/tools/bin/../lib/gcc/arm-none-eabi/9.3.1/thumb/v7e-m+fp/hard/crtn.o
 *(.fini)
 .fini          0x0000000008004e84        0x4 d:/st/stm32cubeide_1.6.1/stm32cubeide/plugins/com.st.stm32cube.ide.mcu.externaltools.gnu-tools-for-stm32.9-2020-q2-update.win32_2.0.0.202105311346/tools/bin/../lib/gcc/arm-none-eabi/9.3.1/thumb/v7e-m+fp/hard/crti.o
                0x0000000008004e84                _fini
 .fini          0x0000000008004e88        0x8 d:/st/stm32cubeide_1.6.1/stm32cubeide/plugins/com.st.stm32cube.ide.mcu.externaltools.gnu-tools-for-stm32.9-2020-q2-update.win32_2.0.0.202105311346/tools/bin/../lib/gcc/arm-none-eabi/9.3.1/thumb/v7e-m+fp/hard/crtn.o
                0x0000000008004e90                . = ALIGN (0x4)
                0x0000000008004e90                _etext = .

.vfp11_veneer   0x0000000008004e90        0x0
 .vfp11_veneer  0x0000000008004e90        0x0 linker stubs

.v4_bx          0x0000000008004e90        0x0
 .v4_bx         0x0000000008004e90        0x0 linker stubs

.iplt           0x0000000008004e90        0x0
 .iplt          0x0000000008004e90        0x0 d:/st/stm32cubeide_1.6.1/stm32cubeide/plugins/com.st.stm32cube.ide.mcu.externaltools.gnu-tools-for-stm32.9-2020-q2-update.win32_2.0.0.202105311346/tools/bin/../lib/gcc/arm-none-eabi/9.3.1/thumb/v7e-m+fp/hard/crtbegin.o

.rodata         0x0000000008004e90      0x5fc
                0x0000000008004e90                . = ALIGN (0x4)
 *(.rodata)
 .rodata        0x0000000008004e90       0xbd ./Core/Src/Snek.o
 *(.rodata*)
 *fill*         0x0000000008004f4d        0x3 
 .rodata.gImage_bitmap
                0x0000000008004f50      0x210 ./Core/Src/Snek.o
                0x0000000008004f50                gImage_bitmap
 .rodata.font_8x5
                0x0000000008005160      0x1dd ./Core/Src/main.o
                0x0000000008005160                font_8x5
 *fill*         0x000000000800533d        0x3 
 .rodata._global_impure_ptr
                0x0000000008005340        0x4 d:/st/stm32cubeide_1.6.1/stm32cubeide/plugins/com.st.stm32cube.ide.mcu.externaltools.gnu-tools-for-stm32.9-2020-q2-update.win32_2.0.0.202105311346/tools/bin/../lib/gcc/arm-none-eabi/9.3.1/../../../../arm-none-eabi/lib/thumb/v7e-m+fp/hard\libc_nano.a(lib_a-impure.o)
                0x0000000008005340                _global_impure_ptr
 .rodata.srand.str1.1
                0x0000000008005344       0x76 d:/st/stm32cubeide_1.6.1/stm32cubeide/plugins/com.st.stm32cube.ide.mcu.externaltools.gnu-tools-for-stm32.9-2020-q2-update.win32_2.0.0.202105311346/tools/bin/../lib/gcc/arm-none-eabi/9.3.1/../../../../arm-none-eabi/lib/thumb/v7e-m+fp/hard\libc_nano.a(lib_a-rand.o)
 .rodata.__assert_func.str1.1
                0x00000000080053ba       0x3c d:/st/stm32cubeide_1.6.1/stm32cubeide/plugins/com.st.stm32cube.ide.mcu.externaltools.gnu-tools-for-stm32.9-2020-q2-update.win32_2.0.0.202105311346/tools/bin/../lib/gcc/arm-none-eabi/9.3.1/../../../../arm-none-eabi/lib/thumb/v7e-m+fp/hard\libc_nano.a(lib_a-assert.o)
                                         0x3d (size before relaxing)
 .rodata._svfprintf_r.str1.1
                0x00000000080053f6       0x11 d:/st/stm32cubeide_1.6.1/stm32cubeide/plugins/com.st.stm32cube.ide.mcu.externaltools.gnu-tools-for-stm32.9-2020-q2-update.win32_2.0.0.202105311346/tools/bin/../lib/gcc/arm-none-eabi/9.3.1/../../../../arm-none-eabi/lib/thumb/v7e-m+fp/hard\libc_nano.a(lib_a-nano-svfprintf.o)
 .rodata._vfprintf_r.str1.1
                0x0000000008005407       0x11 d:/st/stm32cubeide_1.6.1/stm32cubeide/plugins/com.st.stm32cube.ide.mcu.externaltools.gnu-tools-for-stm32.9-2020-q2-update.win32_2.0.0.202105311346/tools/bin/../lib/gcc/arm-none-eabi/9.3.1/../../../../arm-none-eabi/lib/thumb/v7e-m+fp/hard\libc_nano.a(lib_a-nano-vfprintf.o)
 .rodata._printf_i.str1.1
                0x0000000008005407       0x22 d:/st/stm32cubeide_1.6.1/stm32cubeide/plugins/com.st.stm32cube.ide.mcu.externaltools.gnu-tools-for-stm32.9-2020-q2-update.win32_2.0.0.202105311346/tools/bin/../lib/gcc/arm-none-eabi/9.3.1/../../../../arm-none-eabi/lib/thumb/v7e-m+fp/hard\libc_nano.a(lib_a-nano-vfprintf_i.o)
 *fill*         0x0000000008005429        0x3 
 .rodata.__sf_fake_stderr
                0x000000000800542c       0x20 d:/st/stm32cubeide_1.6.1/stm32cubeide/plugins/com.st.stm32cube.ide.mcu.externaltools.gnu-tools-for-stm32.9-2020-q2-update.win32_2.0.0.202105311346/tools/bin/../lib/gcc/arm-none-eabi/9.3.1/../../../../arm-none-eabi/lib/thumb/v7e-m+fp/hard\libc_nano.a(lib_a-findfp.o)
                0x000000000800542c                __sf_fake_stderr
 .rodata.__sf_fake_stdin
                0x000000000800544c       0x20 d:/st/stm32cubeide_1.6.1/stm32cubeide/plugins/com.st.stm32cube.ide.mcu.externaltools.gnu-tools-for-stm32.9-2020-q2-update.win32_2.0.0.202105311346/tools/bin/../lib/gcc/arm-none-eabi/9.3.1/../../../../arm-none-eabi/lib/thumb/v7e-m+fp/hard\libc_nano.a(lib_a-findfp.o)
                0x000000000800544c                __sf_fake_stdin
 .rodata.__sf_fake_stdout
                0x000000000800546c       0x20 d:/st/stm32cubeide_1.6.1/stm32cubeide/plugins/com.st.stm32cube.ide.mcu.externaltools.gnu-tools-for-stm32.9-2020-q2-update.win32_2.0.0.202105311346/tools/bin/../lib/gcc/arm-none-eabi/9.3.1/../../../../arm-none-eabi/lib/thumb/v7e-m+fp/hard\libc_nano.a(lib_a-findfp.o)
                0x000000000800546c                __sf_fake_stdout
                0x000000000800548c                . = ALIGN (0x4)

.rel.dyn        0x000000000800548c        0x0
 .rel.iplt      0x000000000800548c        0x0 d:/st/stm32cubeide_1.6.1/stm32cubeide/plugins/com.st.stm32cube.ide.mcu.externaltools.gnu-tools-for-stm32.9-2020-q2-update.win32_2.0.0.202105311346/tools/bin/../lib/gcc/arm-none-eabi/9.3.1/thumb/v7e-m+fp/hard/crtbegin.o

.ARM.extab      0x000000000800548c        0x0
                0x000000000800548c                . = ALIGN (0x4)
 *(.ARM.extab* .gnu.linkonce.armextab.*)
                0x000000000800548c                . = ALIGN (0x4)

.ARM            0x000000000800548c        0x0
                0x000000000800548c                . = ALIGN (0x4)
                0x000000000800548c                __exidx_start = .
 *(.ARM.exidx*)
                0x000000000800548c                __exidx_end = .
                0x000000000800548c                . = ALIGN (0x4)

.preinit_array  0x000000000800548c        0x0
                0x000000000800548c                . = ALIGN (0x4)
                0x000000000800548c                PROVIDE (__preinit_array_start = .)
 *(.preinit_array*)
                0x000000000800548c                PROVIDE (__preinit_array_end = .)
                0x000000000800548c                . = ALIGN (0x4)

.init_array     0x000000000800548c        0x4
                0x000000000800548c                . = ALIGN (0x4)
                0x000000000800548c                PROVIDE (__init_array_start = .)
 *(SORT_BY_NAME(.init_array.*))
 *(.init_array*)
 .init_array    0x000000000800548c        0x4 d:/st/stm32cubeide_1.6.1/stm32cubeide/plugins/com.st.stm32cube.ide.mcu.externaltools.gnu-tools-for-stm32.9-2020-q2-update.win32_2.0.0.202105311346/tools/bin/../lib/gcc/arm-none-eabi/9.3.1/thumb/v7e-m+fp/hard/crtbegin.o
                0x0000000008005490                PROVIDE (__init_array_end = .)
                0x0000000008005490                . = ALIGN (0x4)

.fini_array     0x0000000008005490        0x4
                0x0000000008005490                . = ALIGN (0x4)
                [!provide]                        PROVIDE (__fini_array_start = .)
 *(SORT_BY_NAME(.fini_array.*))
 *(.fini_array*)
 .fini_array    0x0000000008005490        0x4 d:/st/stm32cubeide_1.6.1/stm32cubeide/plugins/com.st.stm32cube.ide.mcu.externaltools.gnu-tools-for-stm32.9-2020-q2-update.win32_2.0.0.202105311346/tools/bin/../lib/gcc/arm-none-eabi/9.3.1/thumb/v7e-m+fp/hard/crtbegin.o
                [!provide]                        PROVIDE (__fini_array_end = .)
                0x0000000008005494                . = ALIGN (0x4)
                0x0000000008005494                _sidata = LOADADDR (.data)

.data           0x0000000020000000       0x68 load address 0x0000000008005494
                0x0000000020000000                . = ALIGN (0x4)
                0x0000000020000000                _sdata = .
 *(.data)
 *(.data*)
 .data.size     0x0000000020000000        0x1 ./Core/Src/GFX_BW.o
                0x0000000020000000                size
 *fill*         0x0000000020000001        0x3 
 .data._impure_ptr
                0x0000000020000004        0x4 d:/st/stm32cubeide_1.6.1/stm32cubeide/plugins/com.st.stm32cube.ide.mcu.externaltools.gnu-tools-for-stm32.9-2020-q2-update.win32_2.0.0.202105311346/tools/bin/../lib/gcc/arm-none-eabi/9.3.1/../../../../arm-none-eabi/lib/thumb/v7e-m+fp/hard\libc_nano.a(lib_a-impure.o)
                0x0000000020000004                _impure_ptr
 .data.impure_data
                0x0000000020000008       0x60 d:/st/stm32cubeide_1.6.1/stm32cubeide/plugins/com.st.stm32cube.ide.mcu.externaltools.gnu-tools-for-stm32.9-2020-q2-update.win32_2.0.0.202105311346/tools/bin/../lib/gcc/arm-none-eabi/9.3.1/../../../../arm-none-eabi/lib/thumb/v7e-m+fp/hard\libc_nano.a(lib_a-impure.o)
 *(.RamFunc)
 *(.RamFunc*)
                0x0000000020000068                . = ALIGN (0x4)
                0x0000000020000068                _edata = .

.igot.plt       0x0000000020000068        0x0 load address 0x00000000080054fc
 .igot.plt      0x0000000020000068        0x0 d:/st/stm32cubeide_1.6.1/stm32cubeide/plugins/com.st.stm32cube.ide.mcu.externaltools.gnu-tools-for-stm32.9-2020-q2-update.win32_2.0.0.202105311346/tools/bin/../lib/gcc/arm-none-eabi/9.3.1/thumb/v7e-m+fp/hard/crtbegin.o
                0x0000000020000068                . = ALIGN (0x4)

.bss            0x0000000020000068      0x660 load address 0x00000000080054fc
                0x0000000020000068                _sbss = .
                0x0000000020000068                __bss_start__ = _sbss
 *(.bss)
 .bss           0x0000000020000068       0x1c d:/st/stm32cubeide_1.6.1/stm32cubeide/plugins/com.st.stm32cube.ide.mcu.externaltools.gnu-tools-for-stm32.9-2020-q2-update.win32_2.0.0.202105311346/tools/bin/../lib/gcc/arm-none-eabi/9.3.1/thumb/v7e-m+fp/hard/crtbegin.o
 *(.bss*)
 .bss.buffer    0x0000000020000084      0x400 ./Core/Src/SSD1306_OLED.o
 .bss.temp_array.8754
                0x0000000020000484       0x80 ./Core/Src/Snek.o
 .bss.temp_buffer.8782
                0x0000000020000504       0x60 ./Core/Src/Snek.o
 .bss.p_eeprom_i2c
                0x0000000020000564        0x4 ./Core/Src/eeprom.o
 .bss.__sbrk_heap_end
                0x0000000020000568        0x4 ./Core/Src/sysmem.o
 .bss.__malloc_free_list
                0x000000002000056c        0x4 d:/st/stm32cubeide_1.6.1/stm32cubeide/plugins/com.st.stm32cube.ide.mcu.externaltools.gnu-tools-for-stm32.9-2020-q2-update.win32_2.0.0.202105311346/tools/bin/../lib/gcc/arm-none-eabi/9.3.1/../../../../arm-none-eabi/lib/thumb/v7e-m+fp/hard\libc_nano.a(lib_a-nano-mallocr.o)
                0x000000002000056c                __malloc_free_list
 .bss.__malloc_sbrk_start
                0x0000000020000570        0x4 d:/st/stm32cubeide_1.6.1/stm32cubeide/plugins/com.st.stm32cube.ide.mcu.externaltools.gnu-tools-for-stm32.9-2020-q2-update.win32_2.0.0.202105311346/tools/bin/../lib/gcc/arm-none-eabi/9.3.1/../../../../arm-none-eabi/lib/thumb/v7e-m+fp/hard\libc_nano.a(lib_a-nano-mallocr.o)
                0x0000000020000570                __malloc_sbrk_start
 *(COMMON)
 COMMON         0x0000000020000574        0x4 ./Core/Src/GFX_BW.o
                0x0000000020000574                font
 COMMON         0x0000000020000578        0x4 ./Core/Src/SSD1306_OLED.o
                0x0000000020000578                p_oled_i2c
 COMMON         0x000000002000057c      0x13c ./Core/Src/Snek.o
                0x000000002000057c                g_snek_game
 COMMON         0x00000000200006b8        0x9 d:/st/stm32cubeide_1.6.1/stm32cubeide/plugins/com.st.stm32cube.ide.mcu.externaltools.gnu-tools-for-stm32.9-2020-q2-update.win32_2.0.0.202105311346/tools/bin/../lib/gcc/arm-none-eabi/9.3.1/../../../../arm-none-eabi/lib/thumb/v7e-m+fp/hard\libc_nano.a(lib_a-lock.o)
                0x00000000200006b8                __lock___atexit_recursive_mutex
                0x00000000200006b9                __lock___arc4random_mutex
                0x00000000200006ba                __lock___env_recursive_mutex
                0x00000000200006bb                __lock___sinit_recursive_mutex
                0x00000000200006bc                __lock___malloc_recursive_mutex
                0x00000000200006bd                __lock___at_quick_exit_mutex
                0x00000000200006be                __lock___dd_hash_mutex
                0x00000000200006bf                __lock___tz_mutex
                0x00000000200006c0                __lock___sfp_recursive_mutex
 *fill*         0x00000000200006c1        0x3 
 COMMON         0x00000000200006c4        0x4 d:/st/stm32cubeide_1.6.1/stm32cubeide/plugins/com.st.stm32cube.ide.mcu.externaltools.gnu-tools-for-stm32.9-2020-q2-update.win32_2.0.0.202105311346/tools/bin/../lib/gcc/arm-none-eabi/9.3.1/../../../../arm-none-eabi/lib/thumb/v7e-m+fp/hard\libc_nano.a(lib_a-reent.o)
                0x00000000200006c4                errno
                0x00000000200006c8                . = ALIGN (0x4)
                0x00000000200006c8                _ebss = .
                0x00000000200006c8                __bss_end__ = _ebss

._user_heap_stack
                0x00000000200006c8      0x600 load address 0x00000000080054fc
                0x00000000200006c8                . = ALIGN (0x8)
                [!provide]                        PROVIDE (end = .)
                0x00000000200006c8                PROVIDE (_end = .)
                0x00000000200008c8                . = (. + _Min_Heap_Size)
 *fill*         0x00000000200006c8      0x200 
                0x0000000020000cc8                . = (. + _Min_Stack_Size)
 *fill*         0x00000000200008c8      0x400 
                0x0000000020000cc8                . = ALIGN (0x8)

/DISCARD/
 libc.a(*)
 libm.a(*)
 libgcc.a(*)

.ARM.attributes
                0x0000000000000000       0x30
 *(.ARM.attributes)
 .ARM.attributes
                0x0000000000000000       0x1e d:/st/stm32cubeide_1.6.1/stm32cubeide/plugins/com.st.stm32cube.ide.mcu.externaltools.gnu-tools-for-stm32.9-2020-q2-update.win32_2.0.0.202105311346/tools/bin/../lib/gcc/arm-none-eabi/9.3.1/thumb/v7e-m+fp/hard/crti.o
 .ARM.attributes
                0x000000000000001e       0x34 d:/st/stm32cubeide_1.6.1/stm32cubeide/plugins/com.st.stm32cube.ide.mcu.externaltools.gnu-tools-for-stm32.9-2020-q2-update.win32_2.0.0.202105311346/tools/bin/../lib/gcc/arm-none-eabi/9.3.1/thumb/v7e-m+fp/hard/crtbegin.o
 .ARM.attributes
                0x0000000000000052       0x34 ./Core/Src/GFX_BW.o
 .ARM.attributes
                0x0000000000000086       0x34 ./Core/Src/SSD1306_OLED.o
 .ARM.attributes
                0x00000000000000ba       0x34 ./Core/Src/Snek.o
 .ARM.attributes
                0x00000000000000ee       0x34 ./Core/Src/delay.o
 .ARM.attributes
                0x0000000000000122       0x34 ./Core/Src/eeprom.o
 .ARM.attributes
                0x0000000000000156       0x34 ./Core/Src/main.o
 .ARM.attributes
                0x000000000000018a       0x34 ./Core/Src/syscalls.o
 .ARM.attributes
                0x00000000000001be       0x34 ./Core/Src/sysmem.o
 .ARM.attributes
                0x00000000000001f2       0x34 ./Core/Src/system_stm32f4xx.o
 .ARM.attributes
                0x0000000000000226       0x21 ./Core/Startup/startup_stm32f401retx.o
 .ARM.attributes
                0x0000000000000247       0x34 ./Core/mydrivers/Src/stm32401xe_tim.o
 .ARM.attributes
                0x000000000000027b       0x34 ./Core/mydrivers/Src/stm32f401xe_gpio.o
 .ARM.attributes
                0x00000000000002af       0x34 ./Core/mydrivers/Src/stm32f401xe_i2c.o
 .ARM.attributes
                0x00000000000002e3       0x34 ./Core/mydrivers/Src/stm32f401xe_rcc.o
 .ARM.attributes
                0x0000000000000317       0x34 d:/st/stm32cubeide_1.6.1/stm32cubeide/plugins/com.st.stm32cube.ide.mcu.externaltools.gnu-tools-for-stm32.9-2020-q2-update.win32_2.0.0.202105311346/tools/bin/../lib/gcc/arm-none-eabi/9.3.1/../../../../arm-none-eabi/lib/thumb/v7e-m+fp/hard\libc_nano.a(lib_a-errno.o)
 .ARM.attributes
                0x000000000000034b       0x32 d:/st/stm32cubeide_1.6.1/stm32cubeide/plugins/com.st.stm32cube.ide.mcu.externaltools.gnu-tools-for-stm32.9-2020-q2-update.win32_2.0.0.202105311346/tools/bin/../lib/gcc/arm-none-eabi/9.3.1/../../../../arm-none-eabi/lib/thumb/v7e-m+fp/hard\libc_nano.a(lib_a-impure.o)
 .ARM.attributes
                0x000000000000037d       0x34 d:/st/stm32cubeide_1.6.1/stm32cubeide/plugins/com.st.stm32cube.ide.mcu.externaltools.gnu-tools-for-stm32.9-2020-q2-update.win32_2.0.0.202105311346/tools/bin/../lib/gcc/arm-none-eabi/9.3.1/../../../../arm-none-eabi/lib/thumb/v7e-m+fp/hard\libc_nano.a(lib_a-init.o)
 .ARM.attributes
                0x00000000000003b1       0x34 d:/st/stm32cubeide_1.6.1/stm32cubeide/plugins/com.st.stm32cube.ide.mcu.externaltools.gnu-tools-for-stm32.9-2020-q2-update.win32_2.0.0.202105311346/tools/bin/../lib/gcc/arm-none-eabi/9.3.1/../../../../arm-none-eabi/lib/thumb/v7e-m+fp/hard\libc_nano.a(lib_a-memcpy-stub.o)
 .ARM.attributes
                0x00000000000003e5       0x34 d:/st/stm32cubeide_1.6.1/stm32cubeide/plugins/com.st.stm32cube.ide.mcu.externaltools.gnu-tools-for-stm32.9-2020-q2-update.win32_2.0.0.202105311346/tools/bin/../lib/gcc/arm-none-eabi/9.3.1/../../../../arm-none-eabi/lib/thumb/v7e-m+fp/hard\libc_nano.a(lib_a-memset.o)
 .ARM.attributes
                0x0000000000000419       0x34 d:/st/stm32cubeide_1.6.1/stm32cubeide/plugins/com.st.stm32cube.ide.mcu.externaltools.gnu-tools-for-stm32.9-2020-q2-update.win32_2.0.0.202105311346/tools/bin/../lib/gcc/arm-none-eabi/9.3.1/../../../../arm-none-eabi/lib/thumb/v7e-m+fp/hard\libc_nano.a(lib_a-rand.o)
 .ARM.attributes
                0x000000000000044d       0x34 d:/st/stm32cubeide_1.6.1/stm32cubeide/plugins/com.st.stm32cube.ide.mcu.externaltools.gnu-tools-for-stm32.9-2020-q2-update.win32_2.0.0.202105311346/tools/bin/../lib/gcc/arm-none-eabi/9.3.1/../../../../arm-none-eabi/lib/thumb/v7e-m+fp/hard\libc_nano.a(lib_a-sprintf.o)
 .ARM.attributes
                0x0000000000000481       0x17 d:/st/stm32cubeide_1.6.1/stm32cubeide/plugins/com.st.stm32cube.ide.mcu.externaltools.gnu-tools-for-stm32.9-2020-q2-update.win32_2.0.0.202105311346/tools/bin/../lib/gcc/arm-none-eabi/9.3.1/../../../../arm-none-eabi/lib/thumb/v7e-m+fp/hard\libc_nano.a(lib_a-strlen.o)
 .ARM.attributes
                0x0000000000000498       0x34 d:/st/stm32cubeide_1.6.1/stm32cubeide/plugins/com.st.stm32cube.ide.mcu.externaltools.gnu-tools-for-stm32.9-2020-q2-update.win32_2.0.0.202105311346/tools/bin/../lib/gcc/arm-none-eabi/9.3.1/../../../../arm-none-eabi/lib/thumb/v7e-m+fp/hard\libc_nano.a(lib_a-assert.o)
 .ARM.attributes
                0x00000000000004cc       0x34 d:/st/stm32cubeide_1.6.1/stm32cubeide/plugins/com.st.stm32cube.ide.mcu.externaltools.gnu-tools-for-stm32.9-2020-q2-update.win32_2.0.0.202105311346/tools/bin/../lib/gcc/arm-none-eabi/9.3.1/../../../../arm-none-eabi/lib/thumb/v7e-m+fp/hard\libc_nano.a(lib_a-fprintf.o)
 .ARM.attributes
                0x0000000000000500       0x34 d:/st/stm32cubeide_1.6.1/stm32cubeide/plugins/com.st.stm32cube.ide.mcu.externaltools.gnu-tools-for-stm32.9-2020-q2-update.win32_2.0.0.202105311346/tools/bin/../lib/gcc/arm-none-eabi/9.3.1/../../../../arm-none-eabi/lib/thumb/v7e-m+fp/hard\libc_nano.a(lib_a-malloc.o)
 .ARM.attributes
                0x0000000000000534       0x34 d:/st/stm32cubeide_1.6.1/stm32cubeide/plugins/com.st.stm32cube.ide.mcu.externaltools.gnu-tools-for-stm32.9-2020-q2-update.win32_2.0.0.202105311346/tools/bin/../lib/gcc/arm-none-eabi/9.3.1/../../../../arm-none-eabi/lib/thumb/v7e-m+fp/hard\libc_nano.a(lib_a-nano-freer.o)
 .ARM.attributes
                0x0000000000000568       0x34 d:/st/stm32cubeide_1.6.1/stm32cubeide/plugins/com.st.stm32cube.ide.mcu.externaltools.gnu-tools-for-stm32.9-2020-q2-update.win32_2.0.0.202105311346/tools/bin/../lib/gcc/arm-none-eabi/9.3.1/../../../../arm-none-eabi/lib/thumb/v7e-m+fp/hard\libc_nano.a(lib_a-nano-mallocr.o)
 .ARM.attributes
                0x000000000000059c       0x34 d:/st/stm32cubeide_1.6.1/stm32cubeide/plugins/com.st.stm32cube.ide.mcu.externaltools.gnu-tools-for-stm32.9-2020-q2-update.win32_2.0.0.202105311346/tools/bin/../lib/gcc/arm-none-eabi/9.3.1/../../../../arm-none-eabi/lib/thumb/v7e-m+fp/hard\libc_nano.a(lib_a-nano-svfprintf.o)
 .ARM.attributes
                0x00000000000005d0       0x34 d:/st/stm32cubeide_1.6.1/stm32cubeide/plugins/com.st.stm32cube.ide.mcu.externaltools.gnu-tools-for-stm32.9-2020-q2-update.win32_2.0.0.202105311346/tools/bin/../lib/gcc/arm-none-eabi/9.3.1/../../../../arm-none-eabi/lib/thumb/v7e-m+fp/hard\libc_nano.a(lib_a-nano-vfprintf.o)
 .ARM.attributes
                0x0000000000000604       0x34 d:/st/stm32cubeide_1.6.1/stm32cubeide/plugins/com.st.stm32cube.ide.mcu.externaltools.gnu-tools-for-stm32.9-2020-q2-update.win32_2.0.0.202105311346/tools/bin/../lib/gcc/arm-none-eabi/9.3.1/../../../../arm-none-eabi/lib/thumb/v7e-m+fp/hard\libc_nano.a(lib_a-nano-vfprintf_i.o)
 .ARM.attributes
                0x0000000000000638       0x34 d:/st/stm32cubeide_1.6.1/stm32cubeide/plugins/com.st.stm32cube.ide.mcu.externaltools.gnu-tools-for-stm32.9-2020-q2-update.win32_2.0.0.202105311346/tools/bin/../lib/gcc/arm-none-eabi/9.3.1/../../../../arm-none-eabi/lib/thumb/v7e-m+fp/hard\libc_nano.a(lib_a-sbrkr.o)
 .ARM.attributes
                0x000000000000066c       0x34 d:/st/stm32cubeide_1.6.1/stm32cubeide/plugins/com.st.stm32cube.ide.mcu.externaltools.gnu-tools-for-stm32.9-2020-q2-update.win32_2.0.0.202105311346/tools/bin/../lib/gcc/arm-none-eabi/9.3.1/../../../../arm-none-eabi/lib/thumb/v7e-m+fp/hard\libc_nano.a(lib_a-wbuf.o)
 .ARM.attributes
                0x00000000000006a0       0x34 d:/st/stm32cubeide_1.6.1/stm32cubeide/plugins/com.st.stm32cube.ide.mcu.externaltools.gnu-tools-for-stm32.9-2020-q2-update.win32_2.0.0.202105311346/tools/bin/../lib/gcc/arm-none-eabi/9.3.1/../../../../arm-none-eabi/lib/thumb/v7e-m+fp/hard\libc_nano.a(lib_a-wsetup.o)
 .ARM.attributes
                0x00000000000006d4       0x34 d:/st/stm32cubeide_1.6.1/stm32cubeide/plugins/com.st.stm32cube.ide.mcu.externaltools.gnu-tools-for-stm32.9-2020-q2-update.win32_2.0.0.202105311346/tools/bin/../lib/gcc/arm-none-eabi/9.3.1/../../../../arm-none-eabi/lib/thumb/v7e-m+fp/hard\libc_nano.a(lib_a-abort.o)
 .ARM.attributes
                0x0000000000000708       0x34 d:/st/stm32cubeide_1.6.1/stm32cubeide/plugins/com.st.stm32cube.ide.mcu.externaltools.gnu-tools-for-stm32.9-2020-q2-update.win32_2.0.0.202105311346/tools/bin/../lib/gcc/arm-none-eabi/9.3.1/../../../../arm-none-eabi/lib/thumb/v7e-m+fp/hard\libc_nano.a(lib_a-fflush.o)
 .ARM.attributes
                0x000000000000073c       0x34 d:/st/stm32cubeide_1.6.1/stm32cubeide/plugins/com.st.stm32cube.ide.mcu.externaltools.gnu-tools-for-stm32.9-2020-q2-update.win32_2.0.0.202105311346/tools/bin/../lib/gcc/arm-none-eabi/9.3.1/../../../../arm-none-eabi/lib/thumb/v7e-m+fp/hard\libc_nano.a(lib_a-findfp.o)
 .ARM.attributes
                0x0000000000000770       0x34 d:/st/stm32cubeide_1.6.1/stm32cubeide/plugins/com.st.stm32cube.ide.mcu.externaltools.gnu-tools-for-stm32.9-2020-q2-update.win32_2.0.0.202105311346/tools/bin/../lib/gcc/arm-none-eabi/9.3.1/../../../../arm-none-eabi/lib/thumb/v7e-m+fp/hard\libc_nano.a(lib_a-fwalk.o)
 .ARM.attributes
                0x00000000000007a4       0x34 d:/st/stm32cubeide_1.6.1/stm32cubeide/plugins/com.st.stm32cube.ide.mcu.externaltools.gnu-tools-for-stm32.9-2020-q2-update.win32_2.0.0.202105311346/tools/bin/../lib/gcc/arm-none-eabi/9.3.1/../../../../arm-none-eabi/lib/thumb/v7e-m+fp/hard\libc_nano.a(lib_a-lock.o)
 .ARM.attributes
                0x00000000000007d8       0x34 d:/st/stm32cubeide_1.6.1/stm32cubeide/plugins/com.st.stm32cube.ide.mcu.externaltools.gnu-tools-for-stm32.9-2020-q2-update.win32_2.0.0.202105311346/tools/bin/../lib/gcc/arm-none-eabi/9.3.1/../../../../arm-none-eabi/lib/thumb/v7e-m+fp/hard\libc_nano.a(lib_a-makebuf.o)
 .ARM.attributes
                0x000000000000080c       0x1c d:/st/stm32cubeide_1.6.1/stm32cubeide/plugins/com.st.stm32cube.ide.mcu.externaltools.gnu-tools-for-stm32.9-2020-q2-update.win32_2.0.0.202105311346/tools/bin/../lib/gcc/arm-none-eabi/9.3.1/../../../../arm-none-eabi/lib/thumb/v7e-m+fp/hard\libc_nano.a(lib_a-memchr.o)
 .ARM.attributes
                0x0000000000000828       0x34 d:/st/stm32cubeide_1.6.1/stm32cubeide/plugins/com.st.stm32cube.ide.mcu.externaltools.gnu-tools-for-stm32.9-2020-q2-update.win32_2.0.0.202105311346/tools/bin/../lib/gcc/arm-none-eabi/9.3.1/../../../../arm-none-eabi/lib/thumb/v7e-m+fp/hard\libc_nano.a(lib_a-memmove.o)
 .ARM.attributes
                0x000000000000085c       0x34 d:/st/stm32cubeide_1.6.1/stm32cubeide/plugins/com.st.stm32cube.ide.mcu.externaltools.gnu-tools-for-stm32.9-2020-q2-update.win32_2.0.0.202105311346/tools/bin/../lib/gcc/arm-none-eabi/9.3.1/../../../../arm-none-eabi/lib/thumb/v7e-m+fp/hard\libc_nano.a(lib_a-mlock.o)
 .ARM.attributes
                0x0000000000000890       0x34 d:/st/stm32cubeide_1.6.1/stm32cubeide/plugins/com.st.stm32cube.ide.mcu.externaltools.gnu-tools-for-stm32.9-2020-q2-update.win32_2.0.0.202105311346/tools/bin/../lib/gcc/arm-none-eabi/9.3.1/../../../../arm-none-eabi/lib/thumb/v7e-m+fp/hard\libc_nano.a(lib_a-nano-reallocr.o)
 .ARM.attributes
                0x00000000000008c4       0x34 d:/st/stm32cubeide_1.6.1/stm32cubeide/plugins/com.st.stm32cube.ide.mcu.externaltools.gnu-tools-for-stm32.9-2020-q2-update.win32_2.0.0.202105311346/tools/bin/../lib/gcc/arm-none-eabi/9.3.1/../../../../arm-none-eabi/lib/thumb/v7e-m+fp/hard\libc_nano.a(lib_a-reent.o)
 .ARM.attributes
                0x00000000000008f8       0x34 d:/st/stm32cubeide_1.6.1/stm32cubeide/plugins/com.st.stm32cube.ide.mcu.externaltools.gnu-tools-for-stm32.9-2020-q2-update.win32_2.0.0.202105311346/tools/bin/../lib/gcc/arm-none-eabi/9.3.1/../../../../arm-none-eabi/lib/thumb/v7e-m+fp/hard\libc_nano.a(lib_a-signal.o)
 .ARM.attributes
                0x000000000000092c       0x34 d:/st/stm32cubeide_1.6.1/stm32cubeide/plugins/com.st.stm32cube.ide.mcu.externaltools.gnu-tools-for-stm32.9-2020-q2-update.win32_2.0.0.202105311346/tools/bin/../lib/gcc/arm-none-eabi/9.3.1/../../../../arm-none-eabi/lib/thumb/v7e-m+fp/hard\libc_nano.a(lib_a-signalr.o)
 .ARM.attributes
                0x0000000000000960       0x34 d:/st/stm32cubeide_1.6.1/stm32cubeide/plugins/com.st.stm32cube.ide.mcu.externaltools.gnu-tools-for-stm32.9-2020-q2-update.win32_2.0.0.202105311346/tools/bin/../lib/gcc/arm-none-eabi/9.3.1/../../../../arm-none-eabi/lib/thumb/v7e-m+fp/hard\libc_nano.a(lib_a-stdio.o)
 .ARM.attributes
                0x0000000000000994       0x34 d:/st/stm32cubeide_1.6.1/stm32cubeide/plugins/com.st.stm32cube.ide.mcu.externaltools.gnu-tools-for-stm32.9-2020-q2-update.win32_2.0.0.202105311346/tools/bin/../lib/gcc/arm-none-eabi/9.3.1/../../../../arm-none-eabi/lib/thumb/v7e-m+fp/hard\libc_nano.a(lib_a-writer.o)
 .ARM.attributes
                0x00000000000009c8       0x34 d:/st/stm32cubeide_1.6.1/stm32cubeide/plugins/com.st.stm32cube.ide.mcu.externaltools.gnu-tools-for-stm32.9-2020-q2-update.win32_2.0.0.202105311346/tools/bin/../lib/gcc/arm-none-eabi/9.3.1/../../../../arm-none-eabi/lib/thumb/v7e-m+fp/hard\libc_nano.a(lib_a-closer.o)
 .ARM.attributes
                0x00000000000009fc       0x34 d:/st/stm32cubeide_1.6.1/stm32cubeide/plugins/com.st.stm32cube.ide.mcu.externaltools.gnu-tools-for-stm32.9-2020-q2-update.win32_2.0.0.202105311346/tools/bin/../lib/gcc/arm-none-eabi/9.3.1/../../../../arm-none-eabi/lib/thumb/v7e-m+fp/hard\libc_nano.a(lib_a-fstatr.o)
 .ARM.attributes
                0x0000000000000a30       0x34 d:/st/stm32cubeide_1.6.1/stm32cubeide/plugins/com.st.stm32cube.ide.mcu.externaltools.gnu-tools-for-stm32.9-2020-q2-update.win32_2.0.0.202105311346/tools/bin/../lib/gcc/arm-none-eabi/9.3.1/../../../../arm-none-eabi/lib/thumb/v7e-m+fp/hard\libc_nano.a(lib_a-isattyr.o)
 .ARM.attributes
                0x0000000000000a64       0x34 d:/st/stm32cubeide_1.6.1/stm32cubeide/plugins/com.st.stm32cube.ide.mcu.externaltools.gnu-tools-for-stm32.9-2020-q2-update.win32_2.0.0.202105311346/tools/bin/../lib/gcc/arm-none-eabi/9.3.1/../../../../arm-none-eabi/lib/thumb/v7e-m+fp/hard\libc_nano.a(lib_a-lseekr.o)
 .ARM.attributes
                0x0000000000000a98       0x34 d:/st/stm32cubeide_1.6.1/stm32cubeide/plugins/com.st.stm32cube.ide.mcu.externaltools.gnu-tools-for-stm32.9-2020-q2-update.win32_2.0.0.202105311346/tools/bin/../lib/gcc/arm-none-eabi/9.3.1/../../../../arm-none-eabi/lib/thumb/v7e-m+fp/hard\libc_nano.a(lib_a-nano-msizer.o)
 .ARM.attributes
                0x0000000000000acc       0x34 d:/st/stm32cubeide_1.6.1/stm32cubeide/plugins/com.st.stm32cube.ide.mcu.externaltools.gnu-tools-for-stm32.9-2020-q2-update.win32_2.0.0.202105311346/tools/bin/../lib/gcc/arm-none-eabi/9.3.1/../../../../arm-none-eabi/lib/thumb/v7e-m+fp/hard\libc_nano.a(lib_a-readr.o)
 .ARM.attributes
                0x0000000000000b00       0x1e d:/st/stm32cubeide_1.6.1/stm32cubeide/plugins/com.st.stm32cube.ide.mcu.externaltools.gnu-tools-for-stm32.9-2020-q2-update.win32_2.0.0.202105311346/tools/bin/../lib/gcc/arm-none-eabi/9.3.1/thumb/v7e-m+fp/hard/crtn.o
OUTPUT(cmsis-testing-drivers.elf elf32-littlearm)
LOAD linker stubs
LOAD d:/st/stm32cubeide_1.6.1/stm32cubeide/plugins/com.st.stm32cube.ide.mcu.externaltools.gnu-tools-for-stm32.9-2020-q2-update.win32_2.0.0.202105311346/tools/bin/../lib/gcc/arm-none-eabi/9.3.1/../../../../arm-none-eabi/lib/thumb/v7e-m+fp/hard\libc.a
LOAD d:/st/stm32cubeide_1.6.1/stm32cubeide/plugins/com.st.stm32cube.ide.mcu.externaltools.gnu-tools-for-stm32.9-2020-q2-update.win32_2.0.0.202105311346/tools/bin/../lib/gcc/arm-none-eabi/9.3.1/../../../../arm-none-eabi/lib/thumb/v7e-m+fp/hard\libm.a
LOAD d:/st/stm32cubeide_1.6.1/stm32cubeide/plugins/com.st.stm32cube.ide.mcu.externaltools.gnu-tools-for-stm32.9-2020-q2-update.win32_2.0.0.202105311346/tools/bin/../lib/gcc/arm-none-eabi/9.3.1/thumb/v7e-m+fp/hard\libgcc.a

.debug_info     0x0000000000000000     0x898c
 .debug_info    0x0000000000000000     0x1574 ./Core/Src/GFX_BW.o
 .debug_info    0x0000000000001574      0xc50 ./Core/Src/SSD1306_OLED.o
 .debug_info    0x00000000000021c4     0x14ba ./Core/Src/Snek.o
 .debug_info    0x000000000000367e       0xbd ./Core/Src/delay.o
 .debug_info    0x000000000000373b      0x31f ./Core/Src/eeprom.o
 .debug_info    0x0000000000003a5a     0x1412 ./Core/Src/main.o
 .debug_info    0x0000000000004e6c      0xfa4 ./Core/Src/syscalls.o
 .debug_info    0x0000000000005e10      0xa21 ./Core/Src/sysmem.o
 .debug_info    0x0000000000006831      0x56e ./Core/Src/system_stm32f4xx.o
 .debug_info    0x0000000000006d9f       0x22 ./Core/Startup/startup_stm32f401retx.o
 .debug_info    0x0000000000006dc1      0x5aa ./Core/mydrivers/Src/stm32401xe_tim.o
 .debug_info    0x000000000000736b      0x770 ./Core/mydrivers/Src/stm32f401xe_gpio.o
 .debug_info    0x0000000000007adb      0x7d2 ./Core/mydrivers/Src/stm32f401xe_i2c.o
 .debug_info    0x00000000000082ad      0x6df ./Core/mydrivers/Src/stm32f401xe_rcc.o

.debug_abbrev   0x0000000000000000     0x18f0
 .debug_abbrev  0x0000000000000000      0x2b7 ./Core/Src/GFX_BW.o
 .debug_abbrev  0x00000000000002b7      0x248 ./Core/Src/SSD1306_OLED.o
 .debug_abbrev  0x00000000000004ff      0x33e ./Core/Src/Snek.o
 .debug_abbrev  0x000000000000083d       0x7e ./Core/Src/delay.o
 .debug_abbrev  0x00000000000008bb      0x167 ./Core/Src/eeprom.o
 .debug_abbrev  0x0000000000000a22      0x29c ./Core/Src/main.o
 .debug_abbrev  0x0000000000000cbe      0x283 ./Core/Src/syscalls.o
 .debug_abbrev  0x0000000000000f41      0x1bc ./Core/Src/sysmem.o
 .debug_abbrev  0x00000000000010fd      0x126 ./Core/Src/system_stm32f4xx.o
 .debug_abbrev  0x0000000000001223       0x12 ./Core/Startup/startup_stm32f401retx.o
 .debug_abbrev  0x0000000000001235      0x150 ./Core/mydrivers/Src/stm32401xe_tim.o
 .debug_abbrev  0x0000000000001385      0x1b1 ./Core/mydrivers/Src/stm32f401xe_gpio.o
 .debug_abbrev  0x0000000000001536      0x1d9 ./Core/mydrivers/Src/stm32f401xe_i2c.o
 .debug_abbrev  0x000000000000170f      0x1e1 ./Core/mydrivers/Src/stm32f401xe_rcc.o

.debug_aranges  0x0000000000000000      0x508
 .debug_aranges
                0x0000000000000000       0xc8 ./Core/Src/GFX_BW.o
 .debug_aranges
                0x00000000000000c8       0x50 ./Core/Src/SSD1306_OLED.o
 .debug_aranges
                0x0000000000000118      0x100 ./Core/Src/Snek.o
 .debug_aranges
                0x0000000000000218       0x20 ./Core/Src/delay.o
 .debug_aranges
                0x0000000000000238       0x30 ./Core/Src/eeprom.o
 .debug_aranges
                0x0000000000000268       0x68 ./Core/Src/main.o
 .debug_aranges
                0x00000000000002d0       0xa8 ./Core/Src/syscalls.o
 .debug_aranges
                0x0000000000000378       0x20 ./Core/Src/sysmem.o
 .debug_aranges
                0x0000000000000398       0x28 ./Core/Src/system_stm32f4xx.o
 .debug_aranges
                0x00000000000003c0       0x28 ./Core/Startup/startup_stm32f401retx.o
 .debug_aranges
                0x00000000000003e8       0x40 ./Core/mydrivers/Src/stm32401xe_tim.o
 .debug_aranges
                0x0000000000000428       0x40 ./Core/mydrivers/Src/stm32f401xe_gpio.o
 .debug_aranges
                0x0000000000000468       0x48 ./Core/mydrivers/Src/stm32f401xe_i2c.o
 .debug_aranges
                0x00000000000004b0       0x58 ./Core/mydrivers/Src/stm32f401xe_rcc.o

.debug_ranges   0x0000000000000000      0x430
 .debug_ranges  0x0000000000000000       0xb8 ./Core/Src/GFX_BW.o
 .debug_ranges  0x00000000000000b8       0x40 ./Core/Src/SSD1306_OLED.o
 .debug_ranges  0x00000000000000f8       0xf0 ./Core/Src/Snek.o
 .debug_ranges  0x00000000000001e8       0x10 ./Core/Src/delay.o
 .debug_ranges  0x00000000000001f8       0x20 ./Core/Src/eeprom.o
 .debug_ranges  0x0000000000000218       0x58 ./Core/Src/main.o
 .debug_ranges  0x0000000000000270       0x98 ./Core/Src/syscalls.o
 .debug_ranges  0x0000000000000308       0x10 ./Core/Src/sysmem.o
 .debug_ranges  0x0000000000000318       0x18 ./Core/Src/system_stm32f4xx.o
 .debug_ranges  0x0000000000000330       0x20 ./Core/Startup/startup_stm32f401retx.o
 .debug_ranges  0x0000000000000350       0x30 ./Core/mydrivers/Src/stm32401xe_tim.o
 .debug_ranges  0x0000000000000380       0x30 ./Core/mydrivers/Src/stm32f401xe_gpio.o
 .debug_ranges  0x00000000000003b0       0x38 ./Core/mydrivers/Src/stm32f401xe_i2c.o
 .debug_ranges  0x00000000000003e8       0x48 ./Core/mydrivers/Src/stm32f401xe_rcc.o

.debug_line     0x0000000000000000     0x5181
 .debug_line    0x0000000000000000      0xa5d ./Core/Src/GFX_BW.o
 .debug_line    0x0000000000000a5d      0x479 ./Core/Src/SSD1306_OLED.o
 .debug_line    0x0000000000000ed6      0xdfd ./Core/Src/Snek.o
 .debug_line    0x0000000000001cd3      0x1e7 ./Core/Src/delay.o
 .debug_line    0x0000000000001eba      0x2f5 ./Core/Src/eeprom.o
 .debug_line    0x00000000000021af      0x585 ./Core/Src/main.o
 .debug_line    0x0000000000002734      0x5d3 ./Core/Src/syscalls.o
 .debug_line    0x0000000000002d07      0x2f4 ./Core/Src/sysmem.o
 .debug_line    0x0000000000002ffb      0x2ea ./Core/Src/system_stm32f4xx.o
 .debug_line    0x00000000000032e5       0x88 ./Core/Startup/startup_stm32f401retx.o
 .debug_line    0x000000000000336d      0x58b ./Core/mydrivers/Src/stm32401xe_tim.o
 .debug_line    0x00000000000038f8      0x7ac ./Core/mydrivers/Src/stm32f401xe_gpio.o
 .debug_line    0x00000000000040a4      0x92f ./Core/mydrivers/Src/stm32f401xe_i2c.o
 .debug_line    0x00000000000049d3      0x7ae ./Core/mydrivers/Src/stm32f401xe_rcc.o

.debug_str      0x0000000000000000    0x51c8f
 .debug_str     0x0000000000000000      0x774 ./Core/Src/GFX_BW.o
                                        0x89e (size before relaxing)
 .debug_str     0x0000000000000774       0xf1 ./Core/Src/SSD1306_OLED.o
                                        0x756 (size before relaxing)
 .debug_str     0x0000000000000865      0x5a6 ./Core/Src/Snek.o
                                        0xc01 (size before relaxing)
 .debug_str     0x0000000000000e0b       0x1a ./Core/Src/delay.o
                                        0x1b3 (size before relaxing)
 .debug_str     0x0000000000000e25       0x84 ./Core/Src/eeprom.o
                                        0x2e1 (size before relaxing)
 .debug_str     0x0000000000000ea9      0x688 ./Core/Src/main.o
                                        0xd9f (size before relaxing)
 .debug_str     0x0000000000001531      0x212 ./Core/Src/syscalls.o
                                        0x825 (size before relaxing)
 .debug_str     0x0000000000001743       0x75 ./Core/Src/sysmem.o
                                        0x660 (size before relaxing)
 .debug_str     0x00000000000017b8      0x17c ./Core/Src/system_stm32f4xx.o
                                        0x3ad (size before relaxing)
 .debug_str     0x0000000000001934       0x65 ./Core/Startup/startup_stm32f401retx.o
 .debug_str     0x0000000000001999    0x4f8ab ./Core/mydrivers/Src/stm32401xe_tim.o
                                      0x4fc6b (size before relaxing)
 .debug_str     0x0000000000051244      0x523 ./Core/mydrivers/Src/stm32f401xe_gpio.o
                                      0x500fc (size before relaxing)
 .debug_str     0x0000000000051767      0x410 ./Core/mydrivers/Src/stm32f401xe_i2c.o
                                      0x50483 (size before relaxing)
 .debug_str     0x0000000000051b77      0x118 ./Core/mydrivers/Src/stm32f401xe_rcc.o
                                      0x4fcfb (size before relaxing)

.comment        0x0000000000000000       0x53
 .comment       0x0000000000000000       0x53 ./Core/Src/GFX_BW.o
                                         0x54 (size before relaxing)
 .comment       0x0000000000000053       0x54 ./Core/Src/SSD1306_OLED.o
 .comment       0x0000000000000053       0x54 ./Core/Src/Snek.o
 .comment       0x0000000000000053       0x54 ./Core/Src/delay.o
 .comment       0x0000000000000053       0x54 ./Core/Src/eeprom.o
 .comment       0x0000000000000053       0x54 ./Core/Src/main.o
 .comment       0x0000000000000053       0x54 ./Core/Src/syscalls.o
 .comment       0x0000000000000053       0x54 ./Core/Src/sysmem.o
 .comment       0x0000000000000053       0x54 ./Core/Src/system_stm32f4xx.o
 .comment       0x0000000000000053       0x54 ./Core/mydrivers/Src/stm32401xe_tim.o
 .comment       0x0000000000000053       0x54 ./Core/mydrivers/Src/stm32f401xe_gpio.o
 .comment       0x0000000000000053       0x54 ./Core/mydrivers/Src/stm32f401xe_i2c.o
 .comment       0x0000000000000053       0x54 ./Core/mydrivers/Src/stm32f401xe_rcc.o

.debug_frame    0x0000000000000000     0x1d44
 .debug_frame   0x0000000000000000      0x33c ./Core/Src/GFX_BW.o
 .debug_frame   0x000000000000033c      0x100 ./Core/Src/SSD1306_OLED.o
 .debug_frame   0x000000000000043c      0x44c ./Core/Src/Snek.o
 .debug_frame   0x0000000000000888       0x38 ./Core/Src/delay.o
 .debug_frame   0x00000000000008c0       0x80 ./Core/Src/eeprom.o
 .debug_frame   0x0000000000000940      0x170 ./Core/Src/main.o
 .debug_frame   0x0000000000000ab0      0x2ac ./Core/Src/syscalls.o
 .debug_frame   0x0000000000000d5c       0x34 ./Core/Src/sysmem.o
 .debug_frame   0x0000000000000d90       0x58 ./Core/Src/system_stm32f4xx.o
 .debug_frame   0x0000000000000de8       0xd4 ./Core/mydrivers/Src/stm32401xe_tim.o
 .debug_frame   0x0000000000000ebc       0xd8 ./Core/mydrivers/Src/stm32f401xe_gpio.o
 .debug_frame   0x0000000000000f94       0xf0 ./Core/mydrivers/Src/stm32f401xe_i2c.o
 .debug_frame   0x0000000000001084      0x138 ./Core/mydrivers/Src/stm32f401xe_rcc.o
 .debug_frame   0x00000000000011bc       0x20 d:/st/stm32cubeide_1.6.1/stm32cubeide/plugins/com.st.stm32cube.ide.mcu.externaltools.gnu-tools-for-stm32.9-2020-q2-update.win32_2.0.0.202105311346/tools/bin/../lib/gcc/arm-none-eabi/9.3.1/../../../../arm-none-eabi/lib/thumb/v7e-m+fp/hard\libc_nano.a(lib_a-errno.o)
 .debug_frame   0x00000000000011dc       0x2c d:/st/stm32cubeide_1.6.1/stm32cubeide/plugins/com.st.stm32cube.ide.mcu.externaltools.gnu-tools-for-stm32.9-2020-q2-update.win32_2.0.0.202105311346/tools/bin/../lib/gcc/arm-none-eabi/9.3.1/../../../../arm-none-eabi/lib/thumb/v7e-m+fp/hard\libc_nano.a(lib_a-init.o)
 .debug_frame   0x0000000000001208       0x28 d:/st/stm32cubeide_1.6.1/stm32cubeide/plugins/com.st.stm32cube.ide.mcu.externaltools.gnu-tools-for-stm32.9-2020-q2-update.win32_2.0.0.202105311346/tools/bin/../lib/gcc/arm-none-eabi/9.3.1/../../../../arm-none-eabi/lib/thumb/v7e-m+fp/hard\libc_nano.a(lib_a-memcpy-stub.o)
 .debug_frame   0x0000000000001230       0x20 d:/st/stm32cubeide_1.6.1/stm32cubeide/plugins/com.st.stm32cube.ide.mcu.externaltools.gnu-tools-for-stm32.9-2020-q2-update.win32_2.0.0.202105311346/tools/bin/../lib/gcc/arm-none-eabi/9.3.1/../../../../arm-none-eabi/lib/thumb/v7e-m+fp/hard\libc_nano.a(lib_a-memset.o)
 .debug_frame   0x0000000000001250       0x44 d:/st/stm32cubeide_1.6.1/stm32cubeide/plugins/com.st.stm32cube.ide.mcu.externaltools.gnu-tools-for-stm32.9-2020-q2-update.win32_2.0.0.202105311346/tools/bin/../lib/gcc/arm-none-eabi/9.3.1/../../../../arm-none-eabi/lib/thumb/v7e-m+fp/hard\libc_nano.a(lib_a-rand.o)
 .debug_frame   0x0000000000001294       0x6c d:/st/stm32cubeide_1.6.1/stm32cubeide/plugins/com.st.stm32cube.ide.mcu.externaltools.gnu-tools-for-stm32.9-2020-q2-update.win32_2.0.0.202105311346/tools/bin/../lib/gcc/arm-none-eabi/9.3.1/../../../../arm-none-eabi/lib/thumb/v7e-m+fp/hard\libc_nano.a(lib_a-sprintf.o)
 .debug_frame   0x0000000000001300       0x40 d:/st/stm32cubeide_1.6.1/stm32cubeide/plugins/com.st.stm32cube.ide.mcu.externaltools.gnu-tools-for-stm32.9-2020-q2-update.win32_2.0.0.202105311346/tools/bin/../lib/gcc/arm-none-eabi/9.3.1/../../../../arm-none-eabi/lib/thumb/v7e-m+fp/hard\libc_nano.a(lib_a-assert.o)
 .debug_frame   0x0000000000001340       0x64 d:/st/stm32cubeide_1.6.1/stm32cubeide/plugins/com.st.stm32cube.ide.mcu.externaltools.gnu-tools-for-stm32.9-2020-q2-update.win32_2.0.0.202105311346/tools/bin/../lib/gcc/arm-none-eabi/9.3.1/../../../../arm-none-eabi/lib/thumb/v7e-m+fp/hard\libc_nano.a(lib_a-fprintf.o)
 .debug_frame   0x00000000000013a4       0x30 d:/st/stm32cubeide_1.6.1/stm32cubeide/plugins/com.st.stm32cube.ide.mcu.externaltools.gnu-tools-for-stm32.9-2020-q2-update.win32_2.0.0.202105311346/tools/bin/../lib/gcc/arm-none-eabi/9.3.1/../../../../arm-none-eabi/lib/thumb/v7e-m+fp/hard\libc_nano.a(lib_a-malloc.o)
 .debug_frame   0x00000000000013d4       0x38 d:/st/stm32cubeide_1.6.1/stm32cubeide/plugins/com.st.stm32cube.ide.mcu.externaltools.gnu-tools-for-stm32.9-2020-q2-update.win32_2.0.0.202105311346/tools/bin/../lib/gcc/arm-none-eabi/9.3.1/../../../../arm-none-eabi/lib/thumb/v7e-m+fp/hard\libc_nano.a(lib_a-nano-freer.o)
 .debug_frame   0x000000000000140c       0x30 d:/st/stm32cubeide_1.6.1/stm32cubeide/plugins/com.st.stm32cube.ide.mcu.externaltools.gnu-tools-for-stm32.9-2020-q2-update.win32_2.0.0.202105311346/tools/bin/../lib/gcc/arm-none-eabi/9.3.1/../../../../arm-none-eabi/lib/thumb/v7e-m+fp/hard\libc_nano.a(lib_a-nano-mallocr.o)
 .debug_frame   0x000000000000143c       0x90 d:/st/stm32cubeide_1.6.1/stm32cubeide/plugins/com.st.stm32cube.ide.mcu.externaltools.gnu-tools-for-stm32.9-2020-q2-update.win32_2.0.0.202105311346/tools/bin/../lib/gcc/arm-none-eabi/9.3.1/../../../../arm-none-eabi/lib/thumb/v7e-m+fp/hard\libc_nano.a(lib_a-nano-svfprintf.o)
 .debug_frame   0x00000000000014cc       0xac d:/st/stm32cubeide_1.6.1/stm32cubeide/plugins/com.st.stm32cube.ide.mcu.externaltools.gnu-tools-for-stm32.9-2020-q2-update.win32_2.0.0.202105311346/tools/bin/../lib/gcc/arm-none-eabi/9.3.1/../../../../arm-none-eabi/lib/thumb/v7e-m+fp/hard\libc_nano.a(lib_a-nano-vfprintf.o)
 .debug_frame   0x0000000000001578       0x60 d:/st/stm32cubeide_1.6.1/stm32cubeide/plugins/com.st.stm32cube.ide.mcu.externaltools.gnu-tools-for-stm32.9-2020-q2-update.win32_2.0.0.202105311346/tools/bin/../lib/gcc/arm-none-eabi/9.3.1/../../../../arm-none-eabi/lib/thumb/v7e-m+fp/hard\libc_nano.a(lib_a-nano-vfprintf_i.o)
 .debug_frame   0x00000000000015d8       0x2c d:/st/stm32cubeide_1.6.1/stm32cubeide/plugins/com.st.stm32cube.ide.mcu.externaltools.gnu-tools-for-stm32.9-2020-q2-update.win32_2.0.0.202105311346/tools/bin/../lib/gcc/arm-none-eabi/9.3.1/../../../../arm-none-eabi/lib/thumb/v7e-m+fp/hard\libc_nano.a(lib_a-sbrkr.o)
 .debug_frame   0x0000000000001604       0x40 d:/st/stm32cubeide_1.6.1/stm32cubeide/plugins/com.st.stm32cube.ide.mcu.externaltools.gnu-tools-for-stm32.9-2020-q2-update.win32_2.0.0.202105311346/tools/bin/../lib/gcc/arm-none-eabi/9.3.1/../../../../arm-none-eabi/lib/thumb/v7e-m+fp/hard\libc_nano.a(lib_a-wbuf.o)
 .debug_frame   0x0000000000001644       0x2c d:/st/stm32cubeide_1.6.1/stm32cubeide/plugins/com.st.stm32cube.ide.mcu.externaltools.gnu-tools-for-stm32.9-2020-q2-update.win32_2.0.0.202105311346/tools/bin/../lib/gcc/arm-none-eabi/9.3.1/../../../../arm-none-eabi/lib/thumb/v7e-m+fp/hard\libc_nano.a(lib_a-wsetup.o)
 .debug_frame   0x0000000000001670       0x28 d:/st/stm32cubeide_1.6.1/stm32cubeide/plugins/com.st.stm32cube.ide.mcu.externaltools.gnu-tools-for-stm32.9-2020-q2-update.win32_2.0.0.202105311346/tools/bin/../lib/gcc/arm-none-eabi/9.3.1/../../../../arm-none-eabi/lib/thumb/v7e-m+fp/hard\libc_nano.a(lib_a-abort.o)
 .debug_frame   0x0000000000001698       0x5c d:/st/stm32cubeide_1.6.1/stm32cubeide/plugins/com.st.stm32cube.ide.mcu.externaltools.gnu-tools-for-stm32.9-2020-q2-update.win32_2.0.0.202105311346/tools/bin/../lib/gcc/arm-none-eabi/9.3.1/../../../../arm-none-eabi/lib/thumb/v7e-m+fp/hard\libc_nano.a(lib_a-fflush.o)
 .debug_frame   0x00000000000016f4      0x14c d:/st/stm32cubeide_1.6.1/stm32cubeide/plugins/com.st.stm32cube.ide.mcu.externaltools.gnu-tools-for-stm32.9-2020-q2-update.win32_2.0.0.202105311346/tools/bin/../lib/gcc/arm-none-eabi/9.3.1/../../../../arm-none-eabi/lib/thumb/v7e-m+fp/hard\libc_nano.a(lib_a-findfp.o)
 .debug_frame   0x0000000000001840       0x54 d:/st/stm32cubeide_1.6.1/stm32cubeide/plugins/com.st.stm32cube.ide.mcu.externaltools.gnu-tools-for-stm32.9-2020-q2-update.win32_2.0.0.202105311346/tools/bin/../lib/gcc/arm-none-eabi/9.3.1/../../../../arm-none-eabi/lib/thumb/v7e-m+fp/hard\libc_nano.a(lib_a-fwalk.o)