Snek.c:19:13:snek_ui_drawbutton	40	static
Snek.c:42:13:snek_gamestate_init	16	static
Snek.c:56:13:snek_gamesate_mainmenu	16	static
Snek.c:148:13:snek_map_clearmap	16	static
Snek.c:153:13:snek_map_createnode	16	static
Snek.c:189:13:snek_map_deletenode	24	static
Snek.c:214:13:snek_map_drawnode	32	static
Snek.c:223:13:snek_map_erasenode	32	static
Snek.c:232:13:snek_map_drawfruity	32	static
Snek.c:243:13:snek_gamestate_game	40	static
Snek.c:398:13:snek_gamestate_over	56	static
Snek.c:504:13:snek_gamesate_save	16	static
Snek.c:514:6:snek	8	static
Snek.c:552:6:snek_button_callback	16	static
