Snek.c:21:6:delay	24	static
Snek.c:31:13:snek_ui_draw_mainmenu_button	40	static
Snek.c:54:13:snek_ui_draw_ok_button	24	static
Snek.c:72:13:snek_ui_updatescore	32	static
Snek.c:79:13:snek_ui_gameover_animation	24	static
Snek.c:89:13:snek_ui_mainmenu_check_update	16	static
Snek.c:137:13:snek_map_clearmap	16	static
Snek.c:142:13:snek_map_createnode	16	static
Snek.c:178:13:snek_map_deletenode	24	static
Snek.c:203:13:snek_map_drawnode	32	static
Snek.c:212:13:snek_map_erasenode	32	static
Snek.c:221:13:snek_map_drawfruity	32	static
Snek.c:231:13:snek_map_check_direction	16	static
Snek.c:280:13:snek_map_check_fruity	16	static
Snek.c:295:16:snek_map_compute_newposition	24	static
Snek.c:324:13:snek_gamestate_init	16	static
Snek.c:339:13:snek_gamesate_mainmenu	16	static
Snek.c:388:13:snek_gamesate_about	24	static
Snek.c:407:13:snek_gamestate_init_game	24	static
Snek.c:435:13:snek_gamestate_game	24	static
Snek.c:482:13:snek_gamestate_init_over	32	static
Snek.c:509:13:snek_gamestate_over	24	static
Snek.c:571:13:snek_gamesate_save	16	static
Snek.c:582:6:snek	8	static
Snek.c:631:6:snek_button_callback	16	static
