Snek.c:18:13:snek_ui_drawbutton	40	static
Snek.c:41:13:snek_gamestate_init	4	static
Snek.c:55:13:snek_gamesate_mainmenu	8	static
Snek.c:147:13:snek_map_clearmap	16	static
Snek.c:152:13:snek_map_createnode	16	static
Snek.c:188:13:snek_map_deletenode	24	static
Snek.c:213:13:snek_map_drawnode	32	static
Snek.c:222:13:snek_map_erasenode	32	static
Snek.c:231:13:snek_map_drawfruity	32	static
Snek.c:240:13:snek_gamestate_game	24	static
Snek.c:390:6:snek	8	static
Snek.c:420:6:snek_button_callback	16	static
