Snek.c:21:13:snek_ui_modify_speed	16	static
Snek.c:28:13:snek_ui_draw_mainmenu_button	40	static
Snek.c:51:13:snek_ui_draw_ok_button	24	static
Snek.c:69:13:snek_ui_updatescore	32	static
Snek.c:76:13:snek_ui_gameover_animation	24	static
Snek.c:86:13:snek_eeprom_erase	152	static
Snek.c:115:13:snek_eeprom_getconfig	24	static
Snek.c:126:13:snek_eeprom_setconfig	24	static
Snek.c:138:16:snek_ui_mainmenu_check_update	16	static
Snek.c:190:16:snek_ui_settingsmenu_check_update	16	static
Snek.c:272:13:snek_map_clearmap	16	static
Snek.c:277:13:snek_map_createnode	16	static
Snek.c:313:13:snek_map_deletenode	24	static
Snek.c:338:13:snek_map_drawnode	32	static
Snek.c:347:13:snek_map_erasenode	32	static
Snek.c:356:13:snek_map_drawfruity	32	static
Snek.c:366:13:snek_map_check_direction	16	static
Snek.c:415:13:snek_map_check_fruity	16	static
Snek.c:430:16:snek_map_compute_newposition	24	static
Snek.c:459:13:snek_gamestate_menu	16	static
Snek.c:521:13:snek_gamestate_about	24	static
Snek.c:547:13:snek_gamestate_settings	32	static
Snek.c:613:13:snek_gamestate_scores	72	static
Snek.c:668:13:snek_gamestate_game	32	static
Snek.c:742:13:snek_gamestate_over	40	static
Snek.c:853:13:snek_gamestate_save	32	static
Snek.c:910:6:snek	16	static
Snek.c:950:6:snek_button_callback	16	static
Snek.c:981:6:snek_gametick_callback	16	static
