Snek.c:24:13:snek_ui_draw_mainmenu_button	40	static
Snek.c:47:13:snek_ui_draw_ok_button	24	static
Snek.c:65:13:snek_ui_updatescore	32	static
Snek.c:72:13:snek_ui_gameover_animation	24	static
Snek.c:82:16:snek_ui_mainmenu_check_update	16	static
Snek.c:136:13:snek_map_clearmap	16	static
Snek.c:141:13:snek_map_createnode	16	static
Snek.c:177:13:snek_map_deletenode	24	static
Snek.c:202:13:snek_map_drawnode	32	static
Snek.c:211:13:snek_map_erasenode	32	static
Snek.c:220:13:snek_map_drawfruity	32	static
Snek.c:230:13:snek_map_check_direction	16	static
Snek.c:279:13:snek_map_check_fruity	16	static
Snek.c:294:16:snek_map_compute_newposition	24	static
Snek.c:323:13:snek_eeprom_erase	120	static
Snek.c:344:13:snek_gamestate_menu	16	static
Snek.c:405:13:snek_gamestate_about	24	static
Snek.c:431:13:snek_gamestate_settings	16	static
Snek.c:463:13:snek_gamestate_scores	72	static
Snek.c:518:13:snek_gamestate_game	32	static
Snek.c:590:13:snek_gamestate_over	40	static
Snek.c:684:13:snek_gamestate_save	32	static
Snek.c:741:6:snek	8	static
Snek.c:781:6:snek_button_callback	16	static
