Snek.c:23:13:snek_ui_modify_speed	16	static
Snek.c:30:13:snek_ui_draw_mainmenu_button	40	static
Snek.c:53:13:snek_ui_draw_ok_button	24	static
Snek.c:71:13:snek_ui_updatescore	32	static
Snek.c:78:13:snek_ui_gameover_animation	24	static
Snek.c:88:13:snek_eeprom_erase	152	static
Snek.c:117:13:snek_eeprom_getconfig	24	static
Snek.c:128:13:snek_eeprom_setconfig	24	static
Snek.c:140:16:snek_ui_mainmenu_check_update	16	static
Snek.c:192:16:snek_ui_settingsmenu_check_update	16	static
Snek.c:274:13:snek_map_clearmap	16	static
Snek.c:279:13:snek_map_createnode	16	static
Snek.c:315:13:snek_map_deletenode	24	static
Snek.c:340:13:snek_map_drawnode	32	static
Snek.c:349:13:snek_map_erasenode	32	static
Snek.c:358:13:snek_map_drawfruity	32	static
Snek.c:368:13:snek_map_check_direction	16	static
Snek.c:417:13:snek_map_check_fruity	16	static
Snek.c:432:16:snek_map_compute_newposition	24	static
Snek.c:461:13:snek_gamestate_menu	16	static
Snek.c:523:13:snek_gamestate_about	24	static
Snek.c:549:13:snek_gamestate_settings	32	static
Snek.c:615:13:snek_gamestate_scores	72	static
Snek.c:670:13:snek_gamestate_game	32	static
Snek.c:744:13:snek_gamestate_over	40	static
Snek.c:838:13:snek_gamestate_save	32	static
Snek.c:895:6:snek	8	static
Snek.c:935:6:snek_button_callback	16	static
Snek.c:966:6:snek_gametick_callback	4	static
